******************************************************************************
                  TI ARM Linker PC v20.2.5                     
******************************************************************************
>> Linked Tue May 24 00:29:37 2022

OUTPUT FILE NAME:   <A_main_msp432.out>
ENTRY POINT SYMBOL: "_c_int00_noargs"  address: 0000719d


MEMORY CONFIGURATION

         name            origin    length      used     unused   attr    fill
----------------------  --------  ---------  --------  --------  ----  --------
  MAIN                  00000000   00040000  0000760a  000389f6  R  X
  INFO                  00200000   00004000  00000000  00004000  R  X
  SRAM_CODE             01000000   00010000  000012f4  0000ed0c  RW X
  SRAM_DATA             20000000   00010000  000012f4  0000ed0c  RW  


SEGMENT ALLOCATION MAP

run origin  load origin   length   init length attrs members
----------  ----------- ---------- ----------- ----- -------
00000000    00000000    00007610   00007610    r-x
  00000000    00000000    000000e4   000000e4    r-- .intvecs
  000000e4    000000e4    0000738a   0000738a    r-x .text
  00007470    00007470    0000015c   0000015c    r-- .const
  000075d0    000075d0    00000040   00000040    r-- .cinit
20000000    20000000    000010f4   00000000    rw-
  20000000    20000000    00000ab0   00000000    rw- .bss
  20000ab0    20000ab0    00000644   00000000    rw- .data
2000fe00    2000fe00    00000200   00000000    rw-
  2000fe00    2000fe00    00000200   00000000    rw- .stack


SECTION ALLOCATION MAP

 output                                  attributes/
section   page    origin      length       input sections
--------  ----  ----------  ----------   ----------------
.intvecs   0    00000000    000000e4     
                  00000000    000000e4     startup_msp432p401r_ccs.obj (.intvecs:retain)

.text      0    000000e4    0000738a     
                  000000e4    00000a58     bmi160_support.obj (.text:bmi160_config_running_mode)
                  00000b3c    00000a4e     rtsv7M4_T_le_v4SPD16_eabi.lib : _printfi.c.obj (.text:__TI_printfi)
                  0000158a    00000002     startup_msp432p401r_ccs.obj (.text:Default_Handler)
                  0000158c    000009d0     bmi160.obj (.text:bmi160_read_fifo_header_data)
                  00001f5c    000004ac     bmi160.obj (.text:bmi160_read_bmm150_mag_trim)
                  00002408    00000358     bmi160.obj (.text:bmi160_set_bmm150_mag_presetmode)
                  00002760    000002d8     bmi160.obj (.text:bmi160_set_intr_enable_0)
                  00002a38    0000029c     bmi160.obj (.text:bmi160_bmm150_mag_interface_init)
                  00002cd4    00000270     rtsv7M4_T_le_v4SPD16_eabi.lib : _printfi.c.obj (.text:_pconv_a)
                  00002f44    00000250     bmi160.obj (.text:bmi160_accel_foc_trigger_xyz)
                  00003194    000001d0     rtsv7M4_T_le_v4SPD16_eabi.lib : _printfi.c.obj (.text:_pconv_g)
                  00003364    000001b6                                   : fd_add_t2.asm.obj (.text)
                  0000351a    00000002                                   : div0.asm.obj (.text)
                  0000351c    0000018c     bmi160.obj (.text:bmi160_set_foc_gyro_enable)
                  000036a8    00000160     bmi160.obj (.text:bmi160_bmm150_mag_set_power_mode)
                  00003808    00000158     bmi160.obj (.text:bmi160_set_intr_enable_2)
                  00003960    0000013c     rtsv7M4_T_le_v4SPD16_eabi.lib : _printfi.c.obj (.text:_pconv_e)
                  00003a9c    0000013c     i2c_driver.obj (.text:readBurstI2C)
                  00003bd8    00000138     i2c_driver.obj (.text:readI2C)
                  00003d10    00000136     rtsv7M4_T_le_v4SPD16_eabi.lib : fd_div_t2.asm.obj (.text)
                  00003e46    00000002     --HOLE-- [fill = 0]
                  00003e48    00000124     bmi160.obj (.text:bmi160_set_bmm150_mag_and_secondary_if_power_mode)
                  00003f6c    00000124     rtsv7M4_T_le_v4SPD16_eabi.lib : _printfi.c.obj (.text:fcvt)
                  00004090    0000011c     msp432p4xx_driverlib.lib : uart.o (.text:UART_initModule)
                  000041ac    00000110     rtsv7M4_T_le_v4SPD16_eabi.lib : s_scalbn.c.obj (.text:scalbn)
                  000042bc    00000104     msp432p4xx_driverlib.lib : cs.o (.text:_CSComputeCLKFrequency)
                  000043c0    000000fc     rtsv7M4_T_le_v4SPD16_eabi.lib : fd_mul_t2.asm.obj (.text)
                  000044bc    000000f8     msp432p4xx_driverlib.lib : cs.o (.text:CS_getDCOFrequency)
                  000045b4    000000f8     bmi160.obj (.text:bmi160_set_intr_fifo_wm)
                  000046ac    000000f8     bmi160.obj (.text:bmi160_set_intr_level)
                  000047a4    000000f8     bmi160.obj (.text:bmi160_set_output_enable)
                  0000489c    000000ec     i2c_driver.obj (.text:EUSCIB1_IRQHandler)
                  00004988    000000e8     i2c_driver.obj (.text:writeI2C)
                  00004a70    000000d8     main.obj (.text:main)
                  00004b48    000000d4     bmi160.obj (.text:bmi160_bmm150_mag_wakeup)
                  00004c1c    000000d0     bmi160.obj (.text:bmi160_set_gyro_output_data_rate)
                  00004cec    000000c8     uart_driver.obj (.text:uartInit)
                  00004db4    000000c4     bmi160.obj (.text:bmi160_bmm150_mag_compensate_X)
                  00004e78    000000c4     bmi160.obj (.text:bmi160_bmm150_mag_compensate_Y)
                  00004f3c    000000c0     bmi160.obj (.text:bmi160_read_mag_xyzr)
                  00004ffc    000000bc     bmi160.obj (.text:bmi160_get_gyro_offset_compensation_yaxis)
                  000050b8    000000bc     bmi160.obj (.text:bmi160_get_gyro_offset_compensation_zaxis)
                  00005174    000000b8     bmi160.obj (.text:bmi160_get_gyro_offset_compensation_xaxis)
                  0000522c    000000b1     rtsv7M4_T_le_v4SPD16_eabi.lib : _printfi.c.obj (.text:_ltostr)
                  000052dd    00000003     --HOLE-- [fill = 0]
                  000052e0    000000a8     bmi160.obj (.text:bmi160_set_mag_output_data_rate)
                  00005388    0000009c     rtsv7M4_T_le_v4SPD16_eabi.lib : memcpy_t2.asm.obj (.text)
                  00005424    00000098     bmi160.obj (.text:bmi160_set_accel_output_data_rate)
                  000054bc    00000096     rtsv7M4_T_le_v4SPD16_eabi.lib : ull_div_t2.asm.obj (.text)
                  00005552    00000002     --HOLE-- [fill = 0]
                  00005554    00000094     msp432p4xx_driverlib.lib : sysctl_a.o (.text:SysCtl_A_getTLVInfo)
                  000055e8    00000094     bmi160.obj (.text:bmi160_bmm150_mag_compensate_Z)
                  0000567c    00000090     bmi160.obj (.text:bmi160_set_accel_bw)
                  0000570c    00000090     bmi160.obj (.text:bmi160_set_fifo_accel_enable)
                  0000579c    00000090     bmi160.obj (.text:bmi160_set_fifo_gyro_enable)
                  0000582c    00000090     bmi160.obj (.text:bmi160_set_fifo_header_enable)
                  000058bc    00000090     bmi160.obj (.text:bmi160_set_fifo_mag_enable)
                  0000594c    00000090     bmi160.obj (.text:bmi160_set_fifo_stop_on_full)
                  000059dc    00000090     bmi160.obj (.text:bmi160_set_fifo_time_enable)
                  00005a6c    00000090     bmi160.obj (.text:bmi160_set_gyro_bw)
                  00005afc    00000090     bmi160.obj (.text:bmi160_set_gyro_sleep_state)
                  00005b8c    00000090     bmi160.obj (.text:bmi160_set_gyro_sleep_trigger)
                  00005c1c    00000090     bmi160.obj (.text:bmi160_set_gyro_wakeup_intr)
                  00005cac    00000090     bmi160.obj (.text:bmi160_set_gyro_wakeup_trigger)
                  00005d3c    00000090     bmi160.obj (.text:bmi160_set_if_mode)
                  00005dcc    00000090     bmi160.obj (.text:bmi160_set_mag_manual_enable)
                  00005e5c    00000090     bmi160.obj (.text:bmi160_set_paging_enable)
                  00005eec    00000090     bmi160.obj (.text:bmi160_set_pullup_configuration)
                  00005f7c    00000090     bmi160.obj (.text:bmi160_set_target_page)
                  0000600c    00000088     msp432p4xx_driverlib.lib : gpio.o (.text:GPIO_setAsPeripheralModuleFunctionOutputPin)
                  00006094    00000086     rtsv7M4_T_le_v4SPD16_eabi.lib : fd_cmp_t2.asm.obj (.text:__aeabi_cdcmple)
                  0000611a    00000086                                   : fd_cmp_t2.asm.obj (.text:__aeabi_cdrcmple)
                  000061a0    00000080     bmi160_support.obj (.text:bmi160_interrupt_configuration)
                  00006220    00000080     bmi160.obj (.text:bmi160_set_accel_offset_enable)
                  000062a0    00000080     bmi160.obj (.text:bmi160_set_gyro_offset_enable)
                  00006320    00000080     bmi160.obj (.text:bmi160_set_i2c_device_addr)
                  000063a0    0000007c     msp432p4xx_driverlib.lib : cs.o (.text:_CSGetDOCFrequency)
                  0000641c    0000007a     rtsv7M4_T_le_v4SPD16_eabi.lib : memset_t2.asm.obj (.text)
                  00006496    00000002     --HOLE-- [fill = 0]
                  00006498    00000078     system_msp432p401r.obj (.text:SystemInit)
                  00006510    00000078     bmi160.obj (.text:bmi160_read_accel_xyz)
                  00006588    00000078     bmi160.obj (.text:bmi160_read_gyro_xyz)
                  00006600    0000006e     rtsv7M4_T_le_v4SPD16_eabi.lib : _printfi.c.obj (.text:_mcpy)
                  0000666e    00000002     --HOLE-- [fill = 0]
                  00006670    00000068     msp432p4xx_driverlib.lib : i2c.o (.text:I2C_masterSendMultiByteStart)
                  000066d8    00000068     rtsv7M4_T_le_v4SPD16_eabi.lib : copy_decompress_lzss.c.obj (.text:decompress:lzss:__TI_decompress_lzss)
                  00006740    00000064     bmi160.obj (.text:bmi160_init)
                  000067a4    00000064     rtsv7M4_T_le_v4SPD16_eabi.lib : s_frexp.c.obj (.text:frexp)
                  00006808    00000062     msp432p4xx_driverlib.lib : cs.o (.text:_CSGetDividerValue)
                  0000686a    00000056     rtsv7M4_T_le_v4SPD16_eabi.lib : _printfi.c.obj (.text:_pconv_f)
                  000068c0    00000054                                   : _ltoa.c.obj (.text:__TI_ltoa)
                  00006914    00000054     bmi160.obj (.text:bmi160_get_foc_rdy)
                  00006968    00000054     bmi160.obj (.text:bmi160_get_if_mode)
                  000069bc    00000054     bmi160.obj (.text:bmi160_get_mag_manual_enable)
                  00006a10    00000054     bmi160.obj (.text:bmi160_get_paging_enable)
                  00006a64    00000054     bmi160.obj (.text:bmi160_get_pullup_configuration)
                  00006ab8    00000054     bmi160.obj (.text:bmi160_get_target_page)
                  00006b0c    00000052     rtsv7M4_T_le_v4SPD16_eabi.lib : _printfi.c.obj (.text:_ecpy)
                  00006b5e    00000052     bmi160.obj (.text:bmi160_bmm150_mag_compensate_xyz)
                  00006bb0    00000050     bmi160.obj (.text:bmi160_get_accel_offset_compensation_xaxis)
                  00006c00    00000050     bmi160.obj (.text:bmi160_get_accel_offset_compensation_yaxis)
                  00006c50    00000050     bmi160.obj (.text:bmi160_get_accel_offset_compensation_zaxis)
                  00006ca0    00000050     bmi160.obj (.text:bmi160_get_mag_power_mode_stat)
                  00006cf0    0000004c     rtsv7M4_T_le_v4SPD16_eabi.lib : atoi.c.obj (.text:atoi)
                  00006d3c    0000004c     uart_driver.obj (.text:sendText)
                  00006d88    0000004c     rtsv7M4_T_le_v4SPD16_eabi.lib : snprintf.c.obj (.text:snprintf)
                  00006dd4    00000048     bmi160.obj (.text:bmi160_read_reg)
                  00006e1c    00000048     bmi160.obj (.text:bmi160_write_reg)
                  00006e64    00000048     bmi160_support.obj (.text:i2c_routine)
                  00006eac    00000048     rtsv7M4_T_le_v4SPD16_eabi.lib : fd_toi_t2.asm.obj (.text)
                  00006ef4    00000044                                   : autoinit.c.obj (.text:__TI_auto_init_nobinit_nopinit:__TI_auto_init_nobinit_nopinit)
                  00006f38    00000040     bmi160.obj (.text:bmi160_fifo_data)
                  00006f78    00000040     bmi160.obj (.text:bmi160_set_command_register)
                  00006fb8    00000040     bmi160.obj (.text:bmi160_set_fifo_wm)
                  00006ff8    00000040     bmi160.obj (.text:bmi160_set_mag_read_addr)
                  00007038    00000040     bmi160.obj (.text:bmi160_set_mag_write_addr)
                  00007078    00000040     bmi160.obj (.text:bmi160_set_mag_write_data)
                  000070b8    0000003e     rtsv7M4_T_le_v4SPD16_eabi.lib : _printfi.c.obj (.text:_fcpy)
                  000070f6    00000002     --HOLE-- [fill = 0]
                  000070f8    0000003c     bmi160_support.obj (.text:bmi160_initialize_sensor)
                  00007134    00000034     msp432p4xx_driverlib.lib : cs.o (.text:CS_setDCOCenteredFrequency)
                  00007168    00000034                              : uart.o (.text:UART_transmitData)
                  0000719c    00000034     rtsv7M4_T_le_v4SPD16_eabi.lib : boot_cortex_m.c.obj (.text:_c_int00_noargs:_c_int00_noargs)
                  000071d0    00000030     msp432p4xx_driverlib.lib : cs.o (.text:CS_clearInterruptFlag)
                  00007200    00000030     rtsv7M4_T_le_v4SPD16_eabi.lib : snprintf.c.obj (.text:_outs)
                  00007230    0000002e     bmi160_support.obj (.text:bmi160_i2c_burst_read)
                  0000725e    0000002e     rtsv7M4_T_le_v4SPD16_eabi.lib : i_tofd_t2.asm.obj (.text)
                  0000728c    0000002c     bmi160_support.obj (.text:bmi160_i2c_bus_read)
                  000072b8    0000002c     bmi160_support.obj (.text:bmi160_i2c_bus_write)
                  000072e4    00000028     msp432p4xx_driverlib.lib : cs.o (.text:CS_getMCLK)
                  0000730c    00000028                              : cs.o (.text:CS_getSMCLK)
                  00007334    00000026     demo_sysctl.obj (.text:DelayMs)
                  0000735a    00000002     --HOLE-- [fill = 0]
                  0000735c    00000024     uart_driver.obj (.text:SysTick_Handler)
                  00007380    0000001c     i2c_driver.obj (.text:initI2C)
                  0000739c    0000001c     rtsv7M4_T_le_v4SPD16_eabi.lib : memccpy.c.obj (.text:memccpy)
                  000073b8    0000001a                                   : s_copysign.c.obj (.text:copysign)
                  000073d2    00000018                                   : snprintf.c.obj (.text:_outc)
                  000073ea    00000016                                   : strchr.c.obj (.text:strchr)
                  00007400    00000014                                   : strlen.c.obj (.text:strlen)
                  00007414    00000012                                   : wcslen.c.obj (.text:wcslen)
                  00007426    0000000e                                   : copy_decompress_none.c.obj (.text:decompress:none:__TI_decompress_none)
                  00007434    0000000c     startup_msp432p401r_ccs.obj (.text:Reset_Handler)
                  00007440    0000000c     bmi160_support.obj (.text:bmi160_delay_ms)
                  0000744c    0000000c     rtsv7M4_T_le_v4SPD16_eabi.lib : copy_zero_init.c.obj (.text:decompress:ZI:__TI_zero_init)
                  00007458    00000008                                   : errno.c.obj (.text:__aeabi_errno_addr)
                  00007460    00000006     demo_sysctl.obj (.text:SysCtlDelay)
                  00007466    00000004     rtsv7M4_T_le_v4SPD16_eabi.lib : pre_init.c.obj (.text:_system_pre_init)
                  0000746a    00000004                                   : exit.c.obj (.text:abort:abort)

.const     0    00007470    0000015c     
                  00007470    00000101     rtsv7M4_T_le_v4SPD16_eabi.lib : ctype.c.obj (.const:.string:_ctypes_)
                  00007571    00000003     --HOLE-- [fill = 0]
                  00007574    00000030     msp432p4xx_driverlib.lib : gpio.o (.const:GPIO_PORT_TO_BASE)
                  000075a4    00000028     uart_driver.obj (.const:uartConfig)

.cinit     0    000075d0    00000040     
                  000075d0    0000001c     (.cinit..data.load) [load image, compression = lzss]
                  000075ec    0000000c     (__TI_handler_table)
                  000075f8    00000008     (.cinit..bss.load) [load image, compression = zero_init]
                  00007600    00000010     (__TI_cinit_table)

.init_array 
*          0    00000000    00000000     UNINITIALIZED

.binit     0    00000000    00000000     

.bss       0    20000000    00000ab0     UNINITIALIZED
                  20000000    0000036c     (.common:accel_fifo)
                  2000036c    0000036c     (.common:gyro_fifo)
                  200006d8    0000036c     (.common:mag_fifo)
                  20000a44    00000014     (.common:s_bmi160)
                  20000a58    00000010     bmi160.obj (.bss:mag_trim)
                  20000a68    0000000c     (.common:s_magcompXYZ)
                  20000a74    00000008     msp432p4xx_driverlib.lib : cs.o (.bss)
                  20000a7c    00000006     (.common:accelxyz)
                  20000a82    00000006     (.common:gyroxyz)
                  20000a88    00000006     (.common:s_accelXYZ)
                  20000a8e    00000006     (.common:s_gyroXYZ)
                  20000a94    00000004     bmi160.obj (.bss)
                  20000a98    00000004     (.common:g_ui32ByteCount)
                  20000a9c    00000004     (.common:pData)
                  20000aa0    00000004     (.common:returnRslt)
                  20000aa4    00000002     (.common:gyro_off_x)
                  20000aa6    00000002     (.common:gyro_off_y)
                  20000aa8    00000002     (.common:gyro_off_z)
                  20000aaa    00000001     (.common:accel_off_x)
                  20000aab    00000001     (.common:accel_off_y)
                  20000aac    00000001     (.common:accel_off_z)
                  20000aad    00000001     (.common:returnValue)
                  20000aae    00000001     (.common:ui8DummyRead)
                  20000aaf    00000001     (.common:ui8Status)

.data      0    20000ab0    00000644     UNINITIALIZED
                  20000ab0    00000400     bmi160.obj (.data:v_fifo_data_u8)
                  20000eb0    0000021f     uart_driver.obj (.data:test)
                  200010cf    00000001     i2c_driver.obj (.data)
                  200010d0    00000014     i2c_driver.obj (.data:i2cConfig)
                  200010e4    00000008     bmi160.obj (.data)
                  200010ec    00000004     rtsv7M4_T_le_v4SPD16_eabi.lib : errno.c.obj (.data)
                  200010f0    00000004     uart_driver.obj (.data)

.stack     0    2000fe00    00000200     UNINITIALIZED
                  2000fe00    00000004     rtsv7M4_T_le_v4SPD16_eabi.lib : boot_cortex_m.c.obj (.stack)
                  2000fe04    000001fc     --HOLE--

__llvm_prf_cnts 
*          0    20000000    00000000     UNINITIALIZED

MODULE SUMMARY

       Module                        code    ro data   rw data
       ------                        ----    -------   -------
    .\
       bmi160.obj                    15318   0         7360   
       bmi160_support.obj            3054    0         64     
       uart_driver.obj               312     40        1094   
       i2c_driver.obj                1124    0         62     
       main.obj                      216     0         76     
       system_msp432p401r.obj        120     0         0      
       demo_sysctl.obj               44      0         0      
    +--+-----------------------------+-------+---------+---------+
       Total:                        20188   40        8656   
                                                              
    .\ccs\
       startup_msp432p401r_ccs.obj   14      228       0      
    +--+-----------------------------+-------+---------+---------+
       Total:                        14      228       0      
                                                              
    D:/msp423_software/simplelink_msp432p4_sdk_3_40_01_02/source/ti/devices/msp432p4xx/driverlib/ccs/msp432p4xx_driverlib.lib
       cs.o                          910     0         16     
       uart.o                        336     0         0      
       gpio.o                        136     48        0      
       sysctl_a.o                    148     0         0      
       i2c.o                         104     0         0      
    +--+-----------------------------+-------+---------+---------+
       Total:                        1634    48        16     
                                                              
    D:\msp423_software\ccs\tools\compiler\ti-cgt-arm_20.2.5.LTS\lib\rtsv7M4_T_le_v4SPD16_eabi.lib
       _printfi.c.obj                4851    0         0      
       fd_add_t2.asm.obj             438     0         0      
       fd_div_t2.asm.obj             310     0         0      
       s_scalbn.c.obj                272     0         0      
       fd_cmp_t2.asm.obj             268     0         0      
       ctype.c.obj                   0       257       0      
       fd_mul_t2.asm.obj             252     0         0      
       memcpy_t2.asm.obj             156     0         0      
       ull_div_t2.asm.obj            150     0         0      
       snprintf.c.obj                148     0         0      
       memset_t2.asm.obj             122     0         0      
       copy_decompress_lzss.c.obj    104     0         0      
       s_frexp.c.obj                 100     0         0      
       _ltoa.c.obj                   84      0         0      
       atoi.c.obj                    76      0         0      
       fd_toi_t2.asm.obj             72      0         0      
       autoinit.c.obj                68      0         0      
       boot_cortex_m.c.obj           52      0         0      
       i_tofd_t2.asm.obj             46      0         0      
       memccpy.c.obj                 28      0         0      
       s_copysign.c.obj              26      0         0      
       strchr.c.obj                  22      0         0      
       strlen.c.obj                  20      0         0      
       wcslen.c.obj                  18      0         0      
       errno.c.obj                   8       0         8      
       copy_decompress_none.c.obj    14      0         0      
       copy_zero_init.c.obj          12      0         0      
       exit.c.obj                    4       0         0      
       pre_init.c.obj                4       0         0      
       div0.asm.obj                  2       0         0      
    +--+-----------------------------+-------+---------+---------+
       Total:                        7727    257       8      
                                                              
       Stack:                        0       0         1024   
       Linker Generated:             0       64        0      
    +--+-----------------------------+-------+---------+---------+
       Grand Total:                  29563   637       9704   


LINKER GENERATED COPY TABLES

__TI_cinit_table @ 00007600 records: 2, size/record: 8, table size: 16
	.data: load addr=000075d0, load size=0000001c bytes, run addr=20000ab0, run size=00000644 bytes, compression=lzss
	.bss: load addr=000075f8, load size=00000008 bytes, run addr=20000000, run size=00000ab0 bytes, compression=zero_init


LINKER GENERATED HANDLER TABLE

__TI_handler_table @ 000075ec records: 3, size/record: 4, table size: 12
	index: 0, handler: __TI_decompress_lzss
	index: 1, handler: __TI_decompress_none
	index: 2, handler: __TI_zero_init


GLOBAL SYMBOLS: SORTED ALPHABETICALLY BY Name 

address   name                                             
-------   ----                                             
0000158b  ADC14_IRQHandler                                 
0000158b  AES256_IRQHandler                                
0000158b  BusFault_Handler                                 
0000746b  C$$EXIT                                          
200010f0  CNT                                              
0000158b  COMP_E0_IRQHandler                               
0000158b  COMP_E1_IRQHandler                               
0000158b  CS_IRQHandler                                    
000071d1  CS_clearInterruptFlag                            
000044bd  CS_getDCOFrequency                               
000072e5  CS_getMCLK                                       
0000730d  CS_getSMCLK                                      
00007135  CS_setDCOCenteredFrequency                       
0000158b  DMA_ERR_IRQHandler                               
0000158b  DMA_INT0_IRQHandler                              
0000158b  DMA_INT1_IRQHandler                              
0000158b  DMA_INT2_IRQHandler                              
0000158b  DMA_INT3_IRQHandler                              
0000158b  DebugMon_Handler                                 
0000158b  Default_Handler                                  
00007335  DelayMs                                          
0000158b  EUSCIA0_IRQHandler                               
0000158b  EUSCIA1_IRQHandler                               
0000158b  EUSCIA2_IRQHandler                               
0000158b  EUSCIA3_IRQHandler                               
0000158b  EUSCIB0_IRQHandler                               
0000489d  EUSCIB1_IRQHandler                               
0000489d  EUSCIB1_IRQHandler                               
0000158b  EUSCIB2_IRQHandler                               
0000158b  EUSCIB3_IRQHandler                               
0000158b  FLCTL_IRQHandler                                 
0000158b  FPU_IRQHandler                                   
0000600d  GPIO_setAsPeripheralModuleFunctionOutputPin      
0000158b  HardFault_Handler                                
00006671  I2C_masterSendMultiByteStart                     
0000158b  MemManage_Handler                                
0000158b  NMI_Handler                                      
0000158b  PCM_IRQHandler                                   
0000158b  PORT1_IRQHandler                                 
0000158b  PORT2_IRQHandler                                 
0000158b  PORT3_IRQHandler                                 
0000158b  PORT4_IRQHandler                                 
0000158b  PORT5_IRQHandler                                 
0000158b  PORT6_IRQHandler                                 
0000158b  PSS_IRQHandler                                   
0000158b  PendSV_Handler                                   
0000158b  RTC_C_IRQHandler                                 
00007435  Reset_Handler                                    
0000158b  SVC_Handler                                      
00007461  SysCtlDelay                                      
00005555  SysCtl_A_getTLVInfo                              
0000735d  SysTick_Handler                                  
0000735d  SysTick_Handler                                  
00006499  SystemInit                                       
0000158b  T32_INT1_IRQHandler                              
0000158b  T32_INT2_IRQHandler                              
0000158b  T32_INTC_IRQHandler                              
0000158b  TA0_0_IRQHandler                                 
0000158b  TA0_N_IRQHandler                                 
0000158b  TA1_0_IRQHandler                                 
0000158b  TA1_N_IRQHandler                                 
0000158b  TA2_0_IRQHandler                                 
0000158b  TA2_N_IRQHandler                                 
0000158b  TA3_0_IRQHandler                                 
0000158b  TA3_N_IRQHandler                                 
00004091  UART_initModule                                  
00007169  UART_transmitData                                
0000158b  UsageFault_Handler                               
200010e4  V_bmm150_maual_auto_condition_u8                 
200010e8  V_fifo_time_U32                                  
4000480c  WDTCTL_SYM                                       
0000158b  WDT_A_IRQHandler                                 
20010000  __STACK_END                                      
00000200  __STACK_SIZE                                     
00007600  __TI_CINIT_Base                                  
00007610  __TI_CINIT_Limit                                 
000075ec  __TI_Handler_Table_Base                          
000075f8  __TI_Handler_Table_Limit                         
00006ef5  __TI_auto_init_nobinit_nopinit                   
000066d9  __TI_decompress_lzss                             
00007427  __TI_decompress_none                             
000068c1  __TI_ltoa                                        
ffffffff  __TI_pprof_out_hndl                              
00000b3d  __TI_printfi                                     
ffffffff  __TI_prof_data_size                              
ffffffff  __TI_prof_data_start                             
00000000  __TI_static_base__                               
0000744d  __TI_zero_init                                   
00006095  __aeabi_cdcmpeq                                  
00006095  __aeabi_cdcmple                                  
0000611b  __aeabi_cdrcmple                                 
00006ead  __aeabi_d2iz                                     
0000336f  __aeabi_dadd                                     
00003d11  __aeabi_ddiv                                     
000043c1  __aeabi_dmul                                     
00003365  __aeabi_dsub                                     
00007459  __aeabi_errno_addr                               
0000725f  __aeabi_i2d                                      
0000351b  __aeabi_idiv0                                    
0000351b  __aeabi_ldiv0                                    
0000641d  __aeabi_memclr                                   
0000641d  __aeabi_memclr4                                  
0000641d  __aeabi_memclr8                                  
00005389  __aeabi_memcpy                                   
00005389  __aeabi_memcpy4                                  
00005389  __aeabi_memcpy8                                  
0000641f  __aeabi_memset                                   
0000641f  __aeabi_memset4                                  
0000641f  __aeabi_memset8                                  
000054bd  __aeabi_uldivmod                                 
ffffffff  __binit__                                        
ffffffff  __c_args__                                       
UNDEFED   __mpu_init                                       
2000fe00  __stack                                          
20000000  __start___llvm_prf_cnts                          
20000000  __stop___llvm_prf_cnts                           
0000719d  _c_int00_noargs                                  
00007470  _ctypes_                                         
UNDEFED   _system_post_cinit                               
00007467  _system_pre_init                                 
0000746b  abort                                            
20000000  accel_fifo                                       
20000aaa  accel_off_x                                      
20000aab  accel_off_y                                      
20000aac  accel_off_z                                      
20000a7c  accelxyz                                         
00006cf1  atoi                                             
ffffffff  binit                                            
00002f45  bmi160_accel_foc_trigger_xyz                     
00004db5  bmi160_bmm150_mag_compensate_X                   
00004e79  bmi160_bmm150_mag_compensate_Y                   
000055e9  bmi160_bmm150_mag_compensate_Z                   
00006b5f  bmi160_bmm150_mag_compensate_xyz                 
00002a39  bmi160_bmm150_mag_interface_init                 
000036a9  bmi160_bmm150_mag_set_power_mode                 
00004b49  bmi160_bmm150_mag_wakeup                         
000000e5  bmi160_config_running_mode                       
00007441  bmi160_delay_ms                                  
00006f39  bmi160_fifo_data                                 
00006bb1  bmi160_get_accel_offset_compensation_xaxis       
00006c01  bmi160_get_accel_offset_compensation_yaxis       
00006c51  bmi160_get_accel_offset_compensation_zaxis       
00006915  bmi160_get_foc_rdy                               
00005175  bmi160_get_gyro_offset_compensation_xaxis        
00004ffd  bmi160_get_gyro_offset_compensation_yaxis        
000050b9  bmi160_get_gyro_offset_compensation_zaxis        
00006969  bmi160_get_if_mode                               
000069bd  bmi160_get_mag_manual_enable                     
00006ca1  bmi160_get_mag_power_mode_stat                   
00006a11  bmi160_get_paging_enable                         
00006a65  bmi160_get_pullup_configuration                  
00006ab9  bmi160_get_target_page                           
00007231  bmi160_i2c_burst_read                            
0000728d  bmi160_i2c_bus_read                              
000072b9  bmi160_i2c_bus_write                             
00006741  bmi160_init                                      
000070f9  bmi160_initialize_sensor                         
000061a1  bmi160_interrupt_configuration                   
00006511  bmi160_read_accel_xyz                            
00001f5d  bmi160_read_bmm150_mag_trim                      
0000158d  bmi160_read_fifo_header_data                     
00006589  bmi160_read_gyro_xyz                             
00004f3d  bmi160_read_mag_xyzr                             
00006dd5  bmi160_read_reg                                  
0000567d  bmi160_set_accel_bw                              
00006221  bmi160_set_accel_offset_enable                   
00005425  bmi160_set_accel_output_data_rate                
00003e49  bmi160_set_bmm150_mag_and_secondary_if_power_mode
00002409  bmi160_set_bmm150_mag_presetmode                 
00006f79  bmi160_set_command_register                      
0000570d  bmi160_set_fifo_accel_enable                     
0000579d  bmi160_set_fifo_gyro_enable                      
0000582d  bmi160_set_fifo_header_enable                    
000058bd  bmi160_set_fifo_mag_enable                       
0000594d  bmi160_set_fifo_stop_on_full                     
000059dd  bmi160_set_fifo_time_enable                      
00006fb9  bmi160_set_fifo_wm                               
0000351d  bmi160_set_foc_gyro_enable                       
00005a6d  bmi160_set_gyro_bw                               
000062a1  bmi160_set_gyro_offset_enable                    
00004c1d  bmi160_set_gyro_output_data_rate                 
00005afd  bmi160_set_gyro_sleep_state                      
00005b8d  bmi160_set_gyro_sleep_trigger                    
00005c1d  bmi160_set_gyro_wakeup_intr                      
00005cad  bmi160_set_gyro_wakeup_trigger                   
00006321  bmi160_set_i2c_device_addr                       
00005d3d  bmi160_set_if_mode                               
00002761  bmi160_set_intr_enable_0                         
00003809  bmi160_set_intr_enable_2                         
000045b5  bmi160_set_intr_fifo_wm                          
000046ad  bmi160_set_intr_level                            
00005dcd  bmi160_set_mag_manual_enable                     
000052e1  bmi160_set_mag_output_data_rate                  
00006ff9  bmi160_set_mag_read_addr                         
00007039  bmi160_set_mag_write_addr                        
00007079  bmi160_set_mag_write_data                        
000047a5  bmi160_set_output_enable                         
00005e5d  bmi160_set_paging_enable                         
00005eed  bmi160_set_pullup_configuration                  
00005f7d  bmi160_set_target_page                           
00006e1d  bmi160_write_reg                                 
200010cf  burstMode                                        
000073b9  copysign                                         
000073b9  copysignl                                        
200010ec  errno                                            
000067a5  frexp                                            
000067a5  frexpl                                           
20000a98  g_ui32ByteCount                                  
2000036c  gyro_fifo                                        
20000aa4  gyro_off_x                                       
20000aa6  gyro_off_y                                       
20000aa8  gyro_off_z                                       
20000a82  gyroxyz                                          
200010d0  i2cConfig                                        
00006e65  i2c_routine                                      
00007381  initI2C                                          
00000000  interruptVectors                                 
000041ad  ldexp                                            
000041ad  ldexpl                                           
200006d8  mag_fifo                                         
00004a71  main                                             
0000739d  memccpy                                          
00005389  memcpy                                           
00006425  memset                                           
20000a9c  pData                                            
00003a9d  readBurstI2C                                     
00003bd9  readI2C                                          
20000aa0  returnRslt                                       
20000aad  returnValue                                      
20000a88  s_accelXYZ                                       
20000a44  s_bmi160                                         
20000a8e  s_gyroXYZ                                        
20000a68  s_magcompXYZ                                     
000041ad  scalbn                                           
000041ad  scalbnl                                          
00006d3d  sendText                                         
00006d89  snprintf                                         
000073eb  strchr                                           
00007401  strlen                                           
20000eb0  test                                             
000075a4  uartConfig                                       
00004ced  uartInit                                         
20000aae  ui8DummyRead                                     
20000aaf  ui8Status                                        
20000ab0  v_fifo_data_u8                                   
00007415  wcslen                                           
00004989  writeI2C                                         


GLOBAL SYMBOLS: SORTED BY Symbol Address 

address   name                                             
-------   ----                                             
00000000  __TI_static_base__                               
00000000  interruptVectors                                 
000000e5  bmi160_config_running_mode                       
00000200  __STACK_SIZE                                     
00000b3d  __TI_printfi                                     
0000158b  ADC14_IRQHandler                                 
0000158b  AES256_IRQHandler                                
0000158b  BusFault_Handler                                 
0000158b  COMP_E0_IRQHandler                               
0000158b  COMP_E1_IRQHandler                               
0000158b  CS_IRQHandler                                    
0000158b  DMA_ERR_IRQHandler                               
0000158b  DMA_INT0_IRQHandler                              
0000158b  DMA_INT1_IRQHandler                              
0000158b  DMA_INT2_IRQHandler                              
0000158b  DMA_INT3_IRQHandler                              
0000158b  DebugMon_Handler                                 
0000158b  Default_Handler                                  
0000158b  EUSCIA0_IRQHandler                               
0000158b  EUSCIA1_IRQHandler                               
0000158b  EUSCIA2_IRQHandler                               
0000158b  EUSCIA3_IRQHandler                               
0000158b  EUSCIB0_IRQHandler                               
0000158b  EUSCIB2_IRQHandler                               
0000158b  EUSCIB3_IRQHandler                               
0000158b  FLCTL_IRQHandler                                 
0000158b  FPU_IRQHandler                                   
0000158b  HardFault_Handler                                
0000158b  MemManage_Handler                                
0000158b  NMI_Handler                                      
0000158b  PCM_IRQHandler                                   
0000158b  PORT1_IRQHandler                                 
0000158b  PORT2_IRQHandler                                 
0000158b  PORT3_IRQHandler                                 
0000158b  PORT4_IRQHandler                                 
0000158b  PORT5_IRQHandler                                 
0000158b  PORT6_IRQHandler                                 
0000158b  PSS_IRQHandler                                   
0000158b  PendSV_Handler                                   
0000158b  RTC_C_IRQHandler                                 
0000158b  SVC_Handler                                      
0000158b  T32_INT1_IRQHandler                              
0000158b  T32_INT2_IRQHandler                              
0000158b  T32_INTC_IRQHandler                              
0000158b  TA0_0_IRQHandler                                 
0000158b  TA0_N_IRQHandler                                 
0000158b  TA1_0_IRQHandler                                 
0000158b  TA1_N_IRQHandler                                 
0000158b  TA2_0_IRQHandler                                 
0000158b  TA2_N_IRQHandler                                 
0000158b  TA3_0_IRQHandler                                 
0000158b  TA3_N_IRQHandler                                 
0000158b  UsageFault_Handler                               
0000158b  WDT_A_IRQHandler                                 
0000158d  bmi160_read_fifo_header_data                     
00001f5d  bmi160_read_bmm150_mag_trim                      
00002409  bmi160_set_bmm150_mag_presetmode                 
00002761  bmi160_set_intr_enable_0                         
00002a39  bmi160_bmm150_mag_interface_init                 
00002f45  bmi160_accel_foc_trigger_xyz                     
00003365  __aeabi_dsub                                     
0000336f  __aeabi_dadd                                     
0000351b  __aeabi_idiv0                                    
0000351b  __aeabi_ldiv0                                    
0000351d  bmi160_set_foc_gyro_enable                       
000036a9  bmi160_bmm150_mag_set_power_mode                 
00003809  bmi160_set_intr_enable_2                         
00003a9d  readBurstI2C                                     
00003bd9  readI2C                                          
00003d11  __aeabi_ddiv                                     
00003e49  bmi160_set_bmm150_mag_and_secondary_if_power_mode
00004091  UART_initModule                                  
000041ad  ldexp                                            
000041ad  ldexpl                                           
000041ad  scalbn                                           
000041ad  scalbnl                                          
000043c1  __aeabi_dmul                                     
000044bd  CS_getDCOFrequency                               
000045b5  bmi160_set_intr_fifo_wm                          
000046ad  bmi160_set_intr_level                            
000047a5  bmi160_set_output_enable                         
0000489d  EUSCIB1_IRQHandler                               
0000489d  EUSCIB1_IRQHandler                               
00004989  writeI2C                                         
00004a71  main                                             
00004b49  bmi160_bmm150_mag_wakeup                         
00004c1d  bmi160_set_gyro_output_data_rate                 
00004ced  uartInit                                         
00004db5  bmi160_bmm150_mag_compensate_X                   
00004e79  bmi160_bmm150_mag_compensate_Y                   
00004f3d  bmi160_read_mag_xyzr                             
00004ffd  bmi160_get_gyro_offset_compensation_yaxis        
000050b9  bmi160_get_gyro_offset_compensation_zaxis        
00005175  bmi160_get_gyro_offset_compensation_xaxis        
000052e1  bmi160_set_mag_output_data_rate                  
00005389  __aeabi_memcpy                                   
00005389  __aeabi_memcpy4                                  
00005389  __aeabi_memcpy8                                  
00005389  memcpy                                           
00005425  bmi160_set_accel_output_data_rate                
000054bd  __aeabi_uldivmod                                 
00005555  SysCtl_A_getTLVInfo                              
000055e9  bmi160_bmm150_mag_compensate_Z                   
0000567d  bmi160_set_accel_bw                              
0000570d  bmi160_set_fifo_accel_enable                     
0000579d  bmi160_set_fifo_gyro_enable                      
0000582d  bmi160_set_fifo_header_enable                    
000058bd  bmi160_set_fifo_mag_enable                       
0000594d  bmi160_set_fifo_stop_on_full                     
000059dd  bmi160_set_fifo_time_enable                      
00005a6d  bmi160_set_gyro_bw                               
00005afd  bmi160_set_gyro_sleep_state                      
00005b8d  bmi160_set_gyro_sleep_trigger                    
00005c1d  bmi160_set_gyro_wakeup_intr                      
00005cad  bmi160_set_gyro_wakeup_trigger                   
00005d3d  bmi160_set_if_mode                               
00005dcd  bmi160_set_mag_manual_enable                     
00005e5d  bmi160_set_paging_enable                         
00005eed  bmi160_set_pullup_configuration                  
00005f7d  bmi160_set_target_page                           
0000600d  GPIO_setAsPeripheralModuleFunctionOutputPin      
00006095  __aeabi_cdcmpeq                                  
00006095  __aeabi_cdcmple                                  
0000611b  __aeabi_cdrcmple                                 
000061a1  bmi160_interrupt_configuration                   
00006221  bmi160_set_accel_offset_enable                   
000062a1  bmi160_set_gyro_offset_enable                    
00006321  bmi160_set_i2c_device_addr                       
0000641d  __aeabi_memclr                                   
0000641d  __aeabi_memclr4                                  
0000641d  __aeabi_memclr8                                  
0000641f  __aeabi_memset                                   
0000641f  __aeabi_memset4                                  
0000641f  __aeabi_memset8                                  
00006425  memset                                           
00006499  SystemInit                                       
00006511  bmi160_read_accel_xyz                            
00006589  bmi160_read_gyro_xyz                             
00006671  I2C_masterSendMultiByteStart                     
000066d9  __TI_decompress_lzss                             
00006741  bmi160_init                                      
000067a5  frexp                                            
000067a5  frexpl                                           
000068c1  __TI_ltoa                                        
00006915  bmi160_get_foc_rdy                               
00006969  bmi160_get_if_mode                               
000069bd  bmi160_get_mag_manual_enable                     
00006a11  bmi160_get_paging_enable                         
00006a65  bmi160_get_pullup_configuration                  
00006ab9  bmi160_get_target_page                           
00006b5f  bmi160_bmm150_mag_compensate_xyz                 
00006bb1  bmi160_get_accel_offset_compensation_xaxis       
00006c01  bmi160_get_accel_offset_compensation_yaxis       
00006c51  bmi160_get_accel_offset_compensation_zaxis       
00006ca1  bmi160_get_mag_power_mode_stat                   
00006cf1  atoi                                             
00006d3d  sendText                                         
00006d89  snprintf                                         
00006dd5  bmi160_read_reg                                  
00006e1d  bmi160_write_reg                                 
00006e65  i2c_routine                                      
00006ead  __aeabi_d2iz                                     
00006ef5  __TI_auto_init_nobinit_nopinit                   
00006f39  bmi160_fifo_data                                 
00006f79  bmi160_set_command_register                      
00006fb9  bmi160_set_fifo_wm                               
00006ff9  bmi160_set_mag_read_addr                         
00007039  bmi160_set_mag_write_addr                        
00007079  bmi160_set_mag_write_data                        
000070f9  bmi160_initialize_sensor                         
00007135  CS_setDCOCenteredFrequency                       
00007169  UART_transmitData                                
0000719d  _c_int00_noargs                                  
000071d1  CS_clearInterruptFlag                            
00007231  bmi160_i2c_burst_read                            
0000725f  __aeabi_i2d                                      
0000728d  bmi160_i2c_bus_read                              
000072b9  bmi160_i2c_bus_write                             
000072e5  CS_getMCLK                                       
0000730d  CS_getSMCLK                                      
00007335  DelayMs                                          
0000735d  SysTick_Handler                                  
0000735d  SysTick_Handler                                  
00007381  initI2C                                          
0000739d  memccpy                                          
000073b9  copysign                                         
000073b9  copysignl                                        
000073eb  strchr                                           
00007401  strlen                                           
00007415  wcslen                                           
00007427  __TI_decompress_none                             
00007435  Reset_Handler                                    
00007441  bmi160_delay_ms                                  
0000744d  __TI_zero_init                                   
00007459  __aeabi_errno_addr                               
00007461  SysCtlDelay                                      
00007467  _system_pre_init                                 
0000746b  C$$EXIT                                          
0000746b  abort                                            
00007470  _ctypes_                                         
000075a4  uartConfig                                       
000075ec  __TI_Handler_Table_Base                          
000075f8  __TI_Handler_Table_Limit                         
00007600  __TI_CINIT_Base                                  
00007610  __TI_CINIT_Limit                                 
20000000  __start___llvm_prf_cnts                          
20000000  __stop___llvm_prf_cnts                           
20000000  accel_fifo                                       
2000036c  gyro_fifo                                        
200006d8  mag_fifo                                         
20000a44  s_bmi160                                         
20000a68  s_magcompXYZ                                     
20000a7c  accelxyz                                         
20000a82  gyroxyz                                          
20000a88  s_accelXYZ                                       
20000a8e  s_gyroXYZ                                        
20000a98  g_ui32ByteCount                                  
20000a9c  pData                                            
20000aa0  returnRslt                                       
20000aa4  gyro_off_x                                       
20000aa6  gyro_off_y                                       
20000aa8  gyro_off_z                                       
20000aaa  accel_off_x                                      
20000aab  accel_off_y                                      
20000aac  accel_off_z                                      
20000aad  returnValue                                      
20000aae  ui8DummyRead                                     
20000aaf  ui8Status                                        
20000ab0  v_fifo_data_u8                                   
20000eb0  test                                             
200010cf  burstMode                                        
200010d0  i2cConfig                                        
200010e4  V_bmm150_maual_auto_condition_u8                 
200010e8  V_fifo_time_U32                                  
200010ec  errno                                            
200010f0  CNT                                              
2000fe00  __stack                                          
20010000  __STACK_END                                      
4000480c  WDTCTL_SYM                                       
ffffffff  __TI_pprof_out_hndl                              
ffffffff  __TI_prof_data_size                              
ffffffff  __TI_prof_data_start                             
ffffffff  __binit__                                        
ffffffff  __c_args__                                       
ffffffff  binit                                            
UNDEFED   __mpu_init                                       
UNDEFED   _system_post_cinit                               

[247 symbols]
