******************************************************************************
                  TI ARM Linker PC v20.2.5                     
******************************************************************************
>> Linked Fri Jun  3 13:32:19 2022

OUTPUT FILE NAME:   <A_main_msp432.out>
ENTRY POINT SYMBOL: "_c_int00_noargs"  address: 00007045


MEMORY CONFIGURATION

         name            origin    length      used     unused   attr    fill
----------------------  --------  ---------  --------  --------  ----  --------
  MAIN                  00000000   00040000  0000bb76  0003448a  R  X
  INFO                  00200000   00004000  00000000  00004000  R  X
  SRAM_CODE             01000000   00010000  00001993  0000e66d  RW X
  SRAM_DATA             20000000   00010000  00001993  0000e66d  RW  


SEGMENT ALLOCATION MAP

run origin  load origin   length   init length attrs members
----------  ----------- ---------- ----------- ----- -------
00000000    00000000    0000bb78   0000bb78    r-x
  00000000    00000000    000000e4   000000e4    r-- .intvecs
  000000e4    000000e4    00007222   00007222    r-x .text
  00007308    00007308    000040d8   000040d8    r-- .const
  0000b3e0    0000b3e0    00000798   00000798    r-- .cinit
20000000    20000000    00001793   00000000    rw-
  20000000    20000000    00000cf0   00000000    rw- .data
  20000cf0    20000cf0    00000aa3   00000000    rw- .bss
2000fe00    2000fe00    00000200   00000000    rw-
  2000fe00    2000fe00    00000200   00000000    rw- .stack


SECTION ALLOCATION MAP

 output                                  attributes/
section   page    origin      length       input sections
--------  ----  ----------  ----------   ----------------
.intvecs   0    00000000    000000e4     
                  00000000    000000e4     startup_msp432p401r_ccs.obj (.intvecs:retain)

.text      0    000000e4    00007222     
                  000000e4    00000a58     bmi160_support.obj (.text:bmi160_config_running_mode)
                  00000b3c    000009d0     bmi160.obj (.text:bmi160_read_fifo_header_data)
                  0000150c    00000868     main.obj (.text:play)
                  00001d74    000004ac     bmi160.obj (.text:bmi160_read_bmm150_mag_trim)
                  00002220    00000358     bmi160.obj (.text:bmi160_set_bmm150_mag_presetmode)
                  00002578    000002d8     bmi160.obj (.text:bmi160_set_intr_enable_0)
                  00002850    0000029c     bmi160.obj (.text:bmi160_bmm150_mag_interface_init)
                  00002aec    00000250     bmi160.obj (.text:bmi160_accel_foc_trigger_xyz)
                  00002d3c    000001da     LQ12864.obj (.text:LCD_init)
                  00002f16    000001a4     LQ12864.obj (.text:LCD_draw_line)
                  000030ba    00000002     startup_msp432p401r_ccs.obj (.text:Default_Handler)
                  000030bc    0000018c     bmi160.obj (.text:bmi160_set_foc_gyro_enable)
                  00003248    00000160     msp432p4xx_driverlib.lib : adc14.o (.text:_getIndexForMemRegister)
                  000033a8    00000160     bmi160.obj (.text:bmi160_bmm150_mag_set_power_mode)
                  00003508    00000158     bmi160.obj (.text:bmi160_set_intr_enable_2)
                  00003660    00000144     LQ12864.obj (.text:LCD_P16X16Str)
                  000037a4    0000013c     i2c_driver.obj (.text:readBurstI2C)
                  000038e0    00000138     i2c_driver.obj (.text:readI2C)
                  00003a18    00000124     bmi160.obj (.text:bmi160_set_bmm150_mag_and_secondary_if_power_mode)
                  00003b3c    0000011c     main.obj (.text:GameMenu)
                  00003c58    0000011c     msp432p4xx_driverlib.lib : uart.o (.text:UART_initModule)
                  00003d74    0000011c     main.obj (.text:paint)
                  00003e90    00000114     uart_driver.obj (.text:adcInit)
                  00003fa4    00000104     msp432p4xx_driverlib.lib : cs.o (.text:_CSComputeCLKFrequency)
                  000040a8    000000f8                              : cs.o (.text:CS_getDCOFrequency)
                  000041a0    000000f8     bmi160.obj (.text:bmi160_set_intr_fifo_wm)
                  00004298    000000f8     bmi160.obj (.text:bmi160_set_intr_level)
                  00004390    000000f8     bmi160.obj (.text:bmi160_set_output_enable)
                  00004488    000000ec     i2c_driver.obj (.text:EUSCIB1_IRQHandler)
                  00004574    000000ea     LQ12864.obj (.text:LCD_write_para16)
                  0000465e    00000002     --HOLE-- [fill = 0]
                  00004660    000000e8     i2c_driver.obj (.text:writeI2C)
                  00004748    000000d8     main.obj (.text:PrfCell)
                  00004820    000000d4     bmi160.obj (.text:bmi160_bmm150_mag_wakeup)
                  000048f4    000000d0     main.obj (.text:ClsCell)
                  000049c4    000000d0     bmi160.obj (.text:bmi160_set_gyro_output_data_rate)
                  00004a94    000000c4     bmi160.obj (.text:bmi160_bmm150_mag_compensate_X)
                  00004b58    000000c4     bmi160.obj (.text:bmi160_bmm150_mag_compensate_Y)
                  00004c1c    000000c1     main.obj (.text:Guidance)
                  00004cdd    00000003     --HOLE-- [fill = 0]
                  00004ce0    000000c0     bmi160.obj (.text:bmi160_read_mag_xyzr)
                  00004da0    000000bc     LQ12864.obj (.text:LCD_P6X8)
                  00004e5c    000000bc     bmi160.obj (.text:bmi160_get_gyro_offset_compensation_yaxis)
                  00004f18    000000bc     bmi160.obj (.text:bmi160_get_gyro_offset_compensation_zaxis)
                  00004fd4    000000b8     bmi160.obj (.text:bmi160_get_gyro_offset_compensation_xaxis)
                  0000508c    000000b4     msp432p4xx_driverlib.lib : adc14.o (.text:ADC14_configureConversionMemory)
                  00005140    000000b4                              : adc14.o (.text:ADC14_configureMultiSequenceMode)
                  000051f4    000000a8     bmi160.obj (.text:bmi160_set_mag_output_data_rate)
                  0000529c    0000009c     rtsv7M4_T_le_v4SPD16_eabi.lib : memcpy_t2.asm.obj (.text)
                  00005338    00000098     bmi160.obj (.text:bmi160_set_accel_output_data_rate)
                  000053d0    00000094     msp432p4xx_driverlib.lib : sysctl_a.o (.text:SysCtl_A_getTLVInfo)
                  00005464    00000094     bmi160.obj (.text:bmi160_bmm150_mag_compensate_Z)
                  000054f8    00000090     bmi160.obj (.text:bmi160_set_accel_bw)
                  00005588    00000090     bmi160.obj (.text:bmi160_set_fifo_accel_enable)
                  00005618    00000090     bmi160.obj (.text:bmi160_set_fifo_gyro_enable)
                  000056a8    00000090     bmi160.obj (.text:bmi160_set_fifo_header_enable)
                  00005738    00000090     bmi160.obj (.text:bmi160_set_fifo_mag_enable)
                  000057c8    00000090     bmi160.obj (.text:bmi160_set_fifo_stop_on_full)
                  00005858    00000090     bmi160.obj (.text:bmi160_set_fifo_time_enable)
                  000058e8    00000090     bmi160.obj (.text:bmi160_set_gyro_bw)
                  00005978    00000090     bmi160.obj (.text:bmi160_set_gyro_sleep_state)
                  00005a08    00000090     bmi160.obj (.text:bmi160_set_gyro_sleep_trigger)
                  00005a98    00000090     bmi160.obj (.text:bmi160_set_gyro_wakeup_intr)
                  00005b28    00000090     bmi160.obj (.text:bmi160_set_gyro_wakeup_trigger)
                  00005bb8    00000090     bmi160.obj (.text:bmi160_set_if_mode)
                  00005c48    00000090     bmi160.obj (.text:bmi160_set_mag_manual_enable)
                  00005cd8    00000090     bmi160.obj (.text:bmi160_set_paging_enable)
                  00005d68    00000090     bmi160.obj (.text:bmi160_set_pullup_configuration)
                  00005df8    00000090     bmi160.obj (.text:bmi160_set_target_page)
                  00005e88    00000090     uart_driver.obj (.text:uartInit)
                  00005f18    00000088     msp432p4xx_driverlib.lib : gpio.o (.text:GPIO_setAsPeripheralModuleFunctionOutputPin)
                  00005fa0    00000086     LQ12864.obj (.text:show_pic)
                  00006026    00000002     --HOLE-- [fill = 0]
                  00006028    00000080     bmi160_support.obj (.text:bmi160_interrupt_configuration)
                  000060a8    00000080     bmi160.obj (.text:bmi160_set_accel_offset_enable)
                  00006128    00000080     bmi160.obj (.text:bmi160_set_gyro_offset_enable)
                  000061a8    00000080     bmi160.obj (.text:bmi160_set_i2c_device_addr)
                  00006228    0000007c     msp432p4xx_driverlib.lib : cs.o (.text:_CSGetDOCFrequency)
                  000062a4    0000007a     rtsv7M4_T_le_v4SPD16_eabi.lib : memset_t2.asm.obj (.text)
                  0000631e    00000002     --HOLE-- [fill = 0]
                  00006320    00000078     system_msp432p401r.obj (.text:SystemInit)
                  00006398    00000078     bmi160.obj (.text:bmi160_read_accel_xyz)
                  00006410    00000078     bmi160.obj (.text:bmi160_read_gyro_xyz)
                  00006488    00000074     LQ12864.obj (.text:LCD_write_command)
                  000064fc    00000074     LQ12864.obj (.text:LCD_write_para8)
                  00006570    00000068     msp432p4xx_driverlib.lib : i2c.o (.text:I2C_masterSendMultiByteStart)
                  000065d8    00000068     rtsv7M4_T_le_v4SPD16_eabi.lib : copy_decompress_lzss.c.obj (.text:decompress:lzss:__TI_decompress_lzss)
                  00006640    00000064     bmi160.obj (.text:bmi160_init)
                  000066a4    00000062     msp432p4xx_driverlib.lib : cs.o (.text:_CSGetDividerValue)
                  00006706    0000005e     LQ12864.obj (.text:LCD_SetPos)
                  00006764    0000005c     LQ12864.obj (.text:OLED_GPIO)
                  000067c0    00000058     main.obj (.text:Progress_Bar)
                  00006818    00000054     bmi160.obj (.text:bmi160_get_foc_rdy)
                  0000686c    00000054     bmi160.obj (.text:bmi160_get_if_mode)
                  000068c0    00000054     bmi160.obj (.text:bmi160_get_mag_manual_enable)
                  00006914    00000054     bmi160.obj (.text:bmi160_get_paging_enable)
                  00006968    00000054     bmi160.obj (.text:bmi160_get_pullup_configuration)
                  000069bc    00000054     bmi160.obj (.text:bmi160_get_target_page)
                  00006a10    00000052     bmi160.obj (.text:bmi160_bmm150_mag_compensate_xyz)
                  00006a62    00000002     --HOLE-- [fill = 0]
                  00006a64    00000050     bmi160.obj (.text:bmi160_get_accel_offset_compensation_xaxis)
                  00006ab4    00000050     bmi160.obj (.text:bmi160_get_accel_offset_compensation_yaxis)
                  00006b04    00000050     bmi160.obj (.text:bmi160_get_accel_offset_compensation_zaxis)
                  00006b54    00000050     bmi160.obj (.text:bmi160_get_mag_power_mode_stat)
                  00006ba4    00000050     main.obj (.text:bmi_init)
                  00006bf4    00000048     bmi160.obj (.text:bmi160_read_reg)
                  00006c3c    00000048     bmi160.obj (.text:bmi160_write_reg)
                  00006c84    00000048     bmi160_support.obj (.text:i2c_routine)
                  00006ccc    00000048     LQ12864.obj (.text:time_delay_ms)
                  00006d14    00000044     LQ12864.obj (.text:LCD_display_full)
                  00006d58    00000044     rtsv7M4_T_le_v4SPD16_eabi.lib : autoinit.c.obj (.text:__TI_auto_init_nobinit_nopinit:__TI_auto_init_nobinit_nopinit)
                  00006d9c    00000042     uart_driver.obj (.text:delay)
                  00006dde    00000040     LQ12864.obj (.text:LCD_P6X8Str)
                  00006e1e    00000002     --HOLE-- [fill = 0]
                  00006e20    00000040     bmi160.obj (.text:bmi160_fifo_data)
                  00006e60    00000040     bmi160.obj (.text:bmi160_set_command_register)
                  00006ea0    00000040     bmi160.obj (.text:bmi160_set_fifo_wm)
                  00006ee0    00000040     bmi160.obj (.text:bmi160_set_mag_read_addr)
                  00006f20    00000040     bmi160.obj (.text:bmi160_set_mag_write_addr)
                  00006f60    00000040     bmi160.obj (.text:bmi160_set_mag_write_data)
                  00006fa0    0000003c     bmi160_support.obj (.text:bmi160_initialize_sensor)
                  00006fdc    00000034     msp432p4xx_driverlib.lib : cs.o (.text:CS_setDCOCenteredFrequency)
                  00007010    00000034                              : uart.o (.text:UART_transmitData)
                  00007044    00000034     rtsv7M4_T_le_v4SPD16_eabi.lib : boot_cortex_m.c.obj (.text:_c_int00_noargs:_c_int00_noargs)
                  00007078    00000030     msp432p4xx_driverlib.lib : cs.o (.text:CS_clearInterruptFlag)
                  000070a8    0000002e     bmi160_support.obj (.text:bmi160_i2c_burst_read)
                  000070d6    00000002     --HOLE-- [fill = 0]
                  000070d8    0000002e     main.obj (.text:main)
                  00007106    0000002c     bmi160_support.obj (.text:bmi160_i2c_bus_read)
                  00007132    0000002c     bmi160_support.obj (.text:bmi160_i2c_bus_write)
                  0000715e    00000002     --HOLE-- [fill = 0]
                  00007160    00000028     msp432p4xx_driverlib.lib : adc14.o (.text:ADC14_getResult)
                  00007188    00000028                              : cs.o (.text:CS_getMCLK)
                  000071b0    00000028                              : cs.o (.text:CS_getSMCLK)
                  000071d8    00000028                              : gpio.o (.text:GPIO_setOutputHighOnPin)
                  00007200    00000028                              : gpio.o (.text:GPIO_setOutputLowOnPin)
                  00007228    00000028     LQ12864.obj (.text:LCD_draw_dot)
                  00007250    00000026     demo_sysctl.obj (.text:DelayMs)
                  00007276    00000002     --HOLE-- [fill = 0]
                  00007278    0000001c     i2c_driver.obj (.text:initI2C)
                  00007294    00000018     main.obj (.text:all_init)
                  000072ac    00000010     msp432p4xx_driverlib.lib : adc14.o (.text:ADCIsConversionRunning)
                  000072bc    0000000e     rtsv7M4_T_le_v4SPD16_eabi.lib : copy_decompress_none.c.obj (.text:decompress:none:__TI_decompress_none)
                  000072ca    0000000c     startup_msp432p401r_ccs.obj (.text:Reset_Handler)
                  000072d6    0000000c     bmi160_support.obj (.text:bmi160_delay_ms)
                  000072e2    0000000c     rtsv7M4_T_le_v4SPD16_eabi.lib : copy_zero_init.c.obj (.text:decompress:ZI:__TI_zero_init)
                  000072ee    0000000a     LQ12864.obj (.text:LCD_CLS)
                  000072f8    00000006     demo_sysctl.obj (.text:SysCtlDelay)
                  000072fe    00000004     rtsv7M4_T_le_v4SPD16_eabi.lib : pre_init.c.obj (.text:_system_pre_init)
                  00007302    00000004                                   : exit.c.obj (.text:abort:abort)

.const     0    00007308    000040d8     
                  00007308    00004000     LQ12864.obj (.const:.string:gImage_lqTFT02)
                  0000b308    00000080     msp432p4xx_driverlib.lib : adc14.o (.const:_ctlRegs)
                  0000b388    00000030                              : gpio.o (.const:GPIO_PORT_TO_BASE)
                  0000b3b8    00000028     uart_driver.obj (.const:uartConfig)

.cinit     0    0000b3e0    00000798     
                  0000b3e0    0000076f     (.cinit..data.load) [load image, compression = lzss]
                  0000bb4f    00000001     --HOLE-- [fill = 0]
                  0000bb50    0000000c     (__TI_handler_table)
                  0000bb5c    00000004     --HOLE-- [fill = 0]
                  0000bb60    00000008     (.cinit..bss.load) [load image, compression = zero_init]
                  0000bb68    00000010     (__TI_cinit_table)

.init_array 
*          0    00000000    00000000     UNINITIALIZED

.binit     0    00000000    00000000     

.data      0    20000000    00000cf0     UNINITIALIZED
                  20000000    00000560     LQ12864.obj (.data:hanzi16x16)
                  20000560    00000400     bmi160.obj (.data:v_fifo_data_u8)
                  20000960    0000025e     LQ12864.obj (.data:Font_code8)
                  20000bbe    00000001     i2c_driver.obj (.data)
                  20000bbf    00000001     --HOLE--
                  20000bc0    00000070     main.obj (.data:mymap)
                  20000c30    00000057     LQ12864.obj (.data:hanzi_Idx)
                  20000c87    00000001     --HOLE--
                  20000c88    0000004c     main.obj (.data)
                  20000cd4    00000014     i2c_driver.obj (.data:i2cConfig)
                  20000ce8    00000008     bmi160.obj (.data)

.bss       0    20000cf0    00000aa3     UNINITIALIZED
                  20000cf0    0000036c     (.common:accel_fifo)
                  2000105c    0000036c     (.common:gyro_fifo)
                  200013c8    0000036c     (.common:mag_fifo)
                  20001734    00000014     (.common:s_bmi160)
                  20001748    00000010     bmi160.obj (.bss:mag_trim)
                  20001758    00000008     msp432p4xx_driverlib.lib : cs.o (.bss)
                  20001760    00000006     (.common:accelxyz)
                  20001766    00000006     (.common:gyroxyz)
                  2000176c    00000004     bmi160.obj (.bss)
                  20001770    00000004     main.obj (.bss)
                  20001774    00000004     (.common:g_ui32ByteCount)
                  20001778    00000004     (.common:i_axle)
                  2000177c    00000004     (.common:j_axle)
                  20001780    00000004     (.common:pData)
                  20001784    00000004     (.common:returnRslt)
                  20001788    00000002     (.common:gyro_off_x)
                  2000178a    00000002     (.common:gyro_off_y)
                  2000178c    00000002     (.common:gyro_off_z)
                  2000178e    00000001     (.common:accel_off_x)
                  2000178f    00000001     (.common:accel_off_y)
                  20001790    00000001     (.common:accel_off_z)
                  20001791    00000001     (.common:ui8DummyRead)
                  20001792    00000001     (.common:ui8Status)

.stack     0    2000fe00    00000200     UNINITIALIZED
                  2000fe00    00000004     rtsv7M4_T_le_v4SPD16_eabi.lib : boot_cortex_m.c.obj (.stack)
                  2000fe04    000001fc     --HOLE--

__llvm_prf_cnts 
*          0    20000000    00000000     UNINITIALIZED

MODULE SUMMARY

       Module                        code    ro data   rw data
       ------                        ----    -------   -------
    .\
       LQ12864.obj                   2446    16384     4138   
       bmi160.obj                    15318   0         7360   
       main.obj                      3575    0         426    
       bmi160_support.obj            3054    0         64     
       i2c_driver.obj                1124    0         62     
       uart_driver.obj               486     40        0      
       system_msp432p401r.obj        120     0         0      
       demo_sysctl.obj               44      0         0      
    +--+-----------------------------+-------+---------+---------+
       Total:                        26167   16424     12050  
                                                              
    .\ccs\
       startup_msp432p401r_ccs.obj   14      228       0      
    +--+-----------------------------+-------+---------+---------+
       Total:                        14      228       0      
                                                              
    D:/msp423_software/simplelink_msp432p4_sdk_3_40_01_02/source/ti/devices/msp432p4xx/driverlib/ccs/msp432p4xx_driverlib.lib
       cs.o                          910     0         16     
       adc14.o                       768     128       0      
       uart.o                        336     0         0      
       gpio.o                        216     48        0      
       sysctl_a.o                    148     0         0      
       i2c.o                         104     0         0      
    +--+-----------------------------+-------+---------+---------+
       Total:                        2482    176       16     
                                                              
    D:\msp423_software\ccs\tools\compiler\ti-cgt-arm_20.2.5.LTS\lib\rtsv7M4_T_le_v4SPD16_eabi.lib
       memcpy_t2.asm.obj             156     0         0      
       memset_t2.asm.obj             122     0         0      
       copy_decompress_lzss.c.obj    104     0         0      
       autoinit.c.obj                68      0         0      
       boot_cortex_m.c.obj           52      0         0      
       copy_decompress_none.c.obj    14      0         0      
       copy_zero_init.c.obj          12      0         0      
       exit.c.obj                    4       0         0      
       pre_init.c.obj                4       0         0      
    +--+-----------------------------+-------+---------+---------+
       Total:                        536     0         0      
                                                              
       Stack:                        0       0         1024   
       Linker Generated:             0       1939      0      
    +--+-----------------------------+-------+---------+---------+
       Grand Total:                  29199   18767     13090  


LINKER GENERATED COPY TABLES

__TI_cinit_table @ 0000bb68 records: 2, size/record: 8, table size: 16
	.data: load addr=0000b3e0, load size=0000076f bytes, run addr=20000000, run size=00000cf0 bytes, compression=lzss
	.bss: load addr=0000bb60, load size=00000008 bytes, run addr=20000cf0, run size=00000aa3 bytes, compression=zero_init


LINKER GENERATED HANDLER TABLE

__TI_handler_table @ 0000bb50 records: 3, size/record: 4, table size: 12
	index: 0, handler: __TI_decompress_lzss
	index: 1, handler: __TI_decompress_none
	index: 2, handler: __TI_zero_init


GLOBAL SYMBOLS: SORTED ALPHABETICALLY BY Name 

address   name                                             
-------   ----                                             
000030bb  ADC14_IRQHandler                                 
0000508d  ADC14_configureConversionMemory                  
00005141  ADC14_configureMultiSequenceMode                 
00007161  ADC14_getResult                                  
000030bb  AES256_IRQHandler                                
20000cb0  BMI_on                                           
20000cc4  BarX                                             
20000cc8  BarY                                             
000030bb  BusFault_Handler                                 
00007303  C$$EXIT                                          
000030bb  COMP_E0_IRQHandler                               
000030bb  COMP_E1_IRQHandler                               
000030bb  CS_IRQHandler                                    
00007079  CS_clearInterruptFlag                            
000040a9  CS_getDCOFrequency                               
00007189  CS_getMCLK                                       
000071b1  CS_getSMCLK                                      
00006fdd  CS_setDCOCenteredFrequency                       
000048f5  ClsCell                                          
000030bb  DMA_ERR_IRQHandler                               
000030bb  DMA_INT0_IRQHandler                              
000030bb  DMA_INT1_IRQHandler                              
000030bb  DMA_INT2_IRQHandler                              
000030bb  DMA_INT3_IRQHandler                              
000030bb  DebugMon_Handler                                 
000030bb  Default_Handler                                  
00007251  DelayMs                                          
000030bb  EUSCIA0_IRQHandler                               
000030bb  EUSCIA1_IRQHandler                               
000030bb  EUSCIA2_IRQHandler                               
000030bb  EUSCIA3_IRQHandler                               
000030bb  EUSCIB0_IRQHandler                               
00004489  EUSCIB1_IRQHandler                               
00004489  EUSCIB1_IRQHandler                               
000030bb  EUSCIB2_IRQHandler                               
000030bb  EUSCIB3_IRQHandler                               
000030bb  FLCTL_IRQHandler                                 
000030bb  FPU_IRQHandler                                   
20000960  Font_code8                                       
00005f19  GPIO_setAsPeripheralModuleFunctionOutputPin      
000071d9  GPIO_setOutputHighOnPin                          
00007201  GPIO_setOutputLowOnPin                           
00003b3d  GameMenu                                         
20000ccc  GameState                                        
00004c1d  Guidance                                         
000030bb  HardFault_Handler                                
00006571  I2C_masterSendMultiByteStart                     
000072ef  LCD_CLS                                          
00003661  LCD_P16X16Str                                    
00004da1  LCD_P6X8                                         
00006ddf  LCD_P6X8Str                                      
00006707  LCD_SetPos                                       
00006d15  LCD_display_full                                 
00007229  LCD_draw_dot                                     
00002f17  LCD_draw_line                                    
00002d3d  LCD_init                                         
00006489  LCD_write_command                                
00004575  LCD_write_para16                                 
000064fd  LCD_write_para8                                  
000030bb  MemManage_Handler                                
000030bb  NMI_Handler                                      
00006765  OLED_GPIO                                        
000030bb  PCM_IRQHandler                                   
000030bb  PORT1_IRQHandler                                 
000030bb  PORT2_IRQHandler                                 
000030bb  PORT3_IRQHandler                                 
000030bb  PORT4_IRQHandler                                 
000030bb  PORT5_IRQHandler                                 
000030bb  PORT6_IRQHandler                                 
000030bb  PSS_IRQHandler                                   
000030bb  PendSV_Handler                                   
20000cb4  PersonX                                          
20000cb8  PersonY                                          
00004749  PrfCell                                          
000067c1  Progress_Bar                                     
000030bb  RTC_C_IRQHandler                                 
000072cb  Reset_Handler                                    
000030bb  SVC_Handler                                      
000072f9  SysCtlDelay                                      
000053d1  SysCtl_A_getTLVInfo                              
000030bb  SysTick_Handler                                  
00006321  SystemInit                                       
000030bb  T32_INT1_IRQHandler                              
000030bb  T32_INT2_IRQHandler                              
000030bb  T32_INTC_IRQHandler                              
000030bb  TA0_0_IRQHandler                                 
000030bb  TA0_N_IRQHandler                                 
000030bb  TA1_0_IRQHandler                                 
000030bb  TA1_N_IRQHandler                                 
000030bb  TA2_0_IRQHandler                                 
000030bb  TA2_N_IRQHandler                                 
000030bb  TA3_0_IRQHandler                                 
000030bb  TA3_N_IRQHandler                                 
20000cd0  TimerInterval                                    
00003c59  UART_initModule                                  
00007011  UART_transmitData                                
000030bb  UsageFault_Handler                               
20000ce8  V_bmm150_maual_auto_condition_u8                 
20000cec  V_fifo_time_U32                                  
4000480c  WDTCTL_SYM                                       
000030bb  WDT_A_IRQHandler                                 
20010000  __STACK_END                                      
00000200  __STACK_SIZE                                     
0000bb68  __TI_CINIT_Base                                  
0000bb78  __TI_CINIT_Limit                                 
0000bb50  __TI_Handler_Table_Base                          
0000bb5c  __TI_Handler_Table_Limit                         
00006d59  __TI_auto_init_nobinit_nopinit                   
000065d9  __TI_decompress_lzss                             
000072bd  __TI_decompress_none                             
ffffffff  __TI_pprof_out_hndl                              
ffffffff  __TI_prof_data_size                              
ffffffff  __TI_prof_data_start                             
00000000  __TI_static_base__                               
000072e3  __TI_zero_init                                   
000062a5  __aeabi_memclr                                   
000062a5  __aeabi_memclr4                                  
000062a5  __aeabi_memclr8                                  
0000529d  __aeabi_memcpy                                   
0000529d  __aeabi_memcpy4                                  
0000529d  __aeabi_memcpy8                                  
000062a7  __aeabi_memset                                   
000062a7  __aeabi_memset4                                  
000062a7  __aeabi_memset8                                  
ffffffff  __binit__                                        
ffffffff  __c_args__                                       
UNDEFED   __mpu_init                                       
2000fe00  __stack                                          
20000000  __start___llvm_prf_cnts                          
20000000  __stop___llvm_prf_cnts                           
00007045  _c_int00_noargs                                  
UNDEFED   _system_post_cinit                               
000072ff  _system_pre_init                                 
00007303  abort                                            
20000ca4  accelAvgX                                        
20000ca8  accelAvgY                                        
20000cac  accelAvgZ                                        
20000cf0  accel_fifo                                       
2000178e  accel_off_x                                      
2000178f  accel_off_y                                      
20001790  accel_off_z                                      
20001760  accelxyz                                         
00003e91  adcInit                                          
00007295  all_init                                         
ffffffff  binit                                            
00002aed  bmi160_accel_foc_trigger_xyz                     
00004a95  bmi160_bmm150_mag_compensate_X                   
00004b59  bmi160_bmm150_mag_compensate_Y                   
00005465  bmi160_bmm150_mag_compensate_Z                   
00006a11  bmi160_bmm150_mag_compensate_xyz                 
00002851  bmi160_bmm150_mag_interface_init                 
000033a9  bmi160_bmm150_mag_set_power_mode                 
00004821  bmi160_bmm150_mag_wakeup                         
000000e5  bmi160_config_running_mode                       
000072d7  bmi160_delay_ms                                  
00006e21  bmi160_fifo_data                                 
00006a65  bmi160_get_accel_offset_compensation_xaxis       
00006ab5  bmi160_get_accel_offset_compensation_yaxis       
00006b05  bmi160_get_accel_offset_compensation_zaxis       
00006819  bmi160_get_foc_rdy                               
00004fd5  bmi160_get_gyro_offset_compensation_xaxis        
00004e5d  bmi160_get_gyro_offset_compensation_yaxis        
00004f19  bmi160_get_gyro_offset_compensation_zaxis        
0000686d  bmi160_get_if_mode                               
000068c1  bmi160_get_mag_manual_enable                     
00006b55  bmi160_get_mag_power_mode_stat                   
00006915  bmi160_get_paging_enable                         
00006969  bmi160_get_pullup_configuration                  
000069bd  bmi160_get_target_page                           
000070a9  bmi160_i2c_burst_read                            
00007107  bmi160_i2c_bus_read                              
00007133  bmi160_i2c_bus_write                             
00006641  bmi160_init                                      
00006fa1  bmi160_initialize_sensor                         
00006029  bmi160_interrupt_configuration                   
00006399  bmi160_read_accel_xyz                            
00001d75  bmi160_read_bmm150_mag_trim                      
00000b3d  bmi160_read_fifo_header_data                     
00006411  bmi160_read_gyro_xyz                             
00004ce1  bmi160_read_mag_xyzr                             
00006bf5  bmi160_read_reg                                  
000054f9  bmi160_set_accel_bw                              
000060a9  bmi160_set_accel_offset_enable                   
00005339  bmi160_set_accel_output_data_rate                
00003a19  bmi160_set_bmm150_mag_and_secondary_if_power_mode
00002221  bmi160_set_bmm150_mag_presetmode                 
00006e61  bmi160_set_command_register                      
00005589  bmi160_set_fifo_accel_enable                     
00005619  bmi160_set_fifo_gyro_enable                      
000056a9  bmi160_set_fifo_header_enable                    
00005739  bmi160_set_fifo_mag_enable                       
000057c9  bmi160_set_fifo_stop_on_full                     
00005859  bmi160_set_fifo_time_enable                      
00006ea1  bmi160_set_fifo_wm                               
000030bd  bmi160_set_foc_gyro_enable                       
000058e9  bmi160_set_gyro_bw                               
00006129  bmi160_set_gyro_offset_enable                    
000049c5  bmi160_set_gyro_output_data_rate                 
00005979  bmi160_set_gyro_sleep_state                      
00005a09  bmi160_set_gyro_sleep_trigger                    
00005a99  bmi160_set_gyro_wakeup_intr                      
00005b29  bmi160_set_gyro_wakeup_trigger                   
000061a9  bmi160_set_i2c_device_addr                       
00005bb9  bmi160_set_if_mode                               
00002579  bmi160_set_intr_enable_0                         
00003509  bmi160_set_intr_enable_2                         
000041a1  bmi160_set_intr_fifo_wm                          
00004299  bmi160_set_intr_level                            
00005c49  bmi160_set_mag_manual_enable                     
000051f5  bmi160_set_mag_output_data_rate                  
00006ee1  bmi160_set_mag_read_addr                         
00006f21  bmi160_set_mag_write_addr                        
00006f61  bmi160_set_mag_write_data                        
00004391  bmi160_set_output_enable                         
00005cd9  bmi160_set_paging_enable                         
00005d69  bmi160_set_pullup_configuration                  
00005df9  bmi160_set_target_page                           
00006c3d  bmi160_write_reg                                 
00006ba5  bmi_init                                         
20000bbe  burstMode                                        
00006d9d  delay                                            
00007308  gImage_lqTFT02                                   
20001774  g_ui32ByteCount                                  
20000c98  gyroAvgX                                         
20000c9c  gyroAvgY                                         
20000ca0  gyroAvgZ                                         
2000105c  gyro_fifo                                        
20001788  gyro_off_x                                       
2000178a  gyro_off_y                                       
2000178c  gyro_off_z                                       
20001766  gyroxyz                                          
20000000  hanzi16x16                                       
20000c30  hanzi_Idx                                        
20000cd4  i2cConfig                                        
00006c85  i2c_routine                                      
20001778  i_axle                                           
00007279  initI2C                                          
00000000  interruptVectors                                 
2000177c  j_axle                                           
200013c8  mag_fifo                                         
000070d9  main                                             
0000529d  memcpy                                           
000062ad  memset                                           
20000bc0  mymap                                            
20001780  pData                                            
00003d75  paint                                            
0000150d  play                                             
20000c88  prevAccelX                                       
20000c8a  prevAccelY                                       
20000c8c  prevAccelZ                                       
20000c8e  prevGyroX                                        
20000c90  prevGyroY                                        
20000c92  prevGyroZ                                        
000037a5  readBurstI2C                                     
000038e1  readI2C                                          
20001784  returnRslt                                       
20001734  s_bmi160                                         
00005fa1  show_pic                                         
20000cbc  stick_x                                          
20000cc0  stick_y                                          
20000c94  stillCount                                       
00006ccd  time_delay_ms                                    
0000b3b8  uartConfig                                       
00005e89  uartInit                                         
20001791  ui8DummyRead                                     
20001792  ui8Status                                        
20000560  v_fifo_data_u8                                   
00004661  writeI2C                                         


GLOBAL SYMBOLS: SORTED BY Symbol Address 

address   name                                             
-------   ----                                             
00000000  __TI_static_base__                               
00000000  interruptVectors                                 
000000e5  bmi160_config_running_mode                       
00000200  __STACK_SIZE                                     
00000b3d  bmi160_read_fifo_header_data                     
0000150d  play                                             
00001d75  bmi160_read_bmm150_mag_trim                      
00002221  bmi160_set_bmm150_mag_presetmode                 
00002579  bmi160_set_intr_enable_0                         
00002851  bmi160_bmm150_mag_interface_init                 
00002aed  bmi160_accel_foc_trigger_xyz                     
00002d3d  LCD_init                                         
00002f17  LCD_draw_line                                    
000030bb  ADC14_IRQHandler                                 
000030bb  AES256_IRQHandler                                
000030bb  BusFault_Handler                                 
000030bb  COMP_E0_IRQHandler                               
000030bb  COMP_E1_IRQHandler                               
000030bb  CS_IRQHandler                                    
000030bb  DMA_ERR_IRQHandler                               
000030bb  DMA_INT0_IRQHandler                              
000030bb  DMA_INT1_IRQHandler                              
000030bb  DMA_INT2_IRQHandler                              
000030bb  DMA_INT3_IRQHandler                              
000030bb  DebugMon_Handler                                 
000030bb  Default_Handler                                  
000030bb  EUSCIA0_IRQHandler                               
000030bb  EUSCIA1_IRQHandler                               
000030bb  EUSCIA2_IRQHandler                               
000030bb  EUSCIA3_IRQHandler                               
000030bb  EUSCIB0_IRQHandler                               
000030bb  EUSCIB2_IRQHandler                               
000030bb  EUSCIB3_IRQHandler                               
000030bb  FLCTL_IRQHandler                                 
000030bb  FPU_IRQHandler                                   
000030bb  HardFault_Handler                                
000030bb  MemManage_Handler                                
000030bb  NMI_Handler                                      
000030bb  PCM_IRQHandler                                   
000030bb  PORT1_IRQHandler                                 
000030bb  PORT2_IRQHandler                                 
000030bb  PORT3_IRQHandler                                 
000030bb  PORT4_IRQHandler                                 
000030bb  PORT5_IRQHandler                                 
000030bb  PORT6_IRQHandler                                 
000030bb  PSS_IRQHandler                                   
000030bb  PendSV_Handler                                   
000030bb  RTC_C_IRQHandler                                 
000030bb  SVC_Handler                                      
000030bb  SysTick_Handler                                  
000030bb  T32_INT1_IRQHandler                              
000030bb  T32_INT2_IRQHandler                              
000030bb  T32_INTC_IRQHandler                              
000030bb  TA0_0_IRQHandler                                 
000030bb  TA0_N_IRQHandler                                 
000030bb  TA1_0_IRQHandler                                 
000030bb  TA1_N_IRQHandler                                 
000030bb  TA2_0_IRQHandler                                 
000030bb  TA2_N_IRQHandler                                 
000030bb  TA3_0_IRQHandler                                 
000030bb  TA3_N_IRQHandler                                 
000030bb  UsageFault_Handler                               
000030bb  WDT_A_IRQHandler                                 
000030bd  bmi160_set_foc_gyro_enable                       
000033a9  bmi160_bmm150_mag_set_power_mode                 
00003509  bmi160_set_intr_enable_2                         
00003661  LCD_P16X16Str                                    
000037a5  readBurstI2C                                     
000038e1  readI2C                                          
00003a19  bmi160_set_bmm150_mag_and_secondary_if_power_mode
00003b3d  GameMenu                                         
00003c59  UART_initModule                                  
00003d75  paint                                            
00003e91  adcInit                                          
000040a9  CS_getDCOFrequency                               
000041a1  bmi160_set_intr_fifo_wm                          
00004299  bmi160_set_intr_level                            
00004391  bmi160_set_output_enable                         
00004489  EUSCIB1_IRQHandler                               
00004489  EUSCIB1_IRQHandler                               
00004575  LCD_write_para16                                 
00004661  writeI2C                                         
00004749  PrfCell                                          
00004821  bmi160_bmm150_mag_wakeup                         
000048f5  ClsCell                                          
000049c5  bmi160_set_gyro_output_data_rate                 
00004a95  bmi160_bmm150_mag_compensate_X                   
00004b59  bmi160_bmm150_mag_compensate_Y                   
00004c1d  Guidance                                         
00004ce1  bmi160_read_mag_xyzr                             
00004da1  LCD_P6X8                                         
00004e5d  bmi160_get_gyro_offset_compensation_yaxis        
00004f19  bmi160_get_gyro_offset_compensation_zaxis        
00004fd5  bmi160_get_gyro_offset_compensation_xaxis        
0000508d  ADC14_configureConversionMemory                  
00005141  ADC14_configureMultiSequenceMode                 
000051f5  bmi160_set_mag_output_data_rate                  
0000529d  __aeabi_memcpy                                   
0000529d  __aeabi_memcpy4                                  
0000529d  __aeabi_memcpy8                                  
0000529d  memcpy                                           
00005339  bmi160_set_accel_output_data_rate                
000053d1  SysCtl_A_getTLVInfo                              
00005465  bmi160_bmm150_mag_compensate_Z                   
000054f9  bmi160_set_accel_bw                              
00005589  bmi160_set_fifo_accel_enable                     
00005619  bmi160_set_fifo_gyro_enable                      
000056a9  bmi160_set_fifo_header_enable                    
00005739  bmi160_set_fifo_mag_enable                       
000057c9  bmi160_set_fifo_stop_on_full                     
00005859  bmi160_set_fifo_time_enable                      
000058e9  bmi160_set_gyro_bw                               
00005979  bmi160_set_gyro_sleep_state                      
00005a09  bmi160_set_gyro_sleep_trigger                    
00005a99  bmi160_set_gyro_wakeup_intr                      
00005b29  bmi160_set_gyro_wakeup_trigger                   
00005bb9  bmi160_set_if_mode                               
00005c49  bmi160_set_mag_manual_enable                     
00005cd9  bmi160_set_paging_enable                         
00005d69  bmi160_set_pullup_configuration                  
00005df9  bmi160_set_target_page                           
00005e89  uartInit                                         
00005f19  GPIO_setAsPeripheralModuleFunctionOutputPin      
00005fa1  show_pic                                         
00006029  bmi160_interrupt_configuration                   
000060a9  bmi160_set_accel_offset_enable                   
00006129  bmi160_set_gyro_offset_enable                    
000061a9  bmi160_set_i2c_device_addr                       
000062a5  __aeabi_memclr                                   
000062a5  __aeabi_memclr4                                  
000062a5  __aeabi_memclr8                                  
000062a7  __aeabi_memset                                   
000062a7  __aeabi_memset4                                  
000062a7  __aeabi_memset8                                  
000062ad  memset                                           
00006321  SystemInit                                       
00006399  bmi160_read_accel_xyz                            
00006411  bmi160_read_gyro_xyz                             
00006489  LCD_write_command                                
000064fd  LCD_write_para8                                  
00006571  I2C_masterSendMultiByteStart                     
000065d9  __TI_decompress_lzss                             
00006641  bmi160_init                                      
00006707  LCD_SetPos                                       
00006765  OLED_GPIO                                        
000067c1  Progress_Bar                                     
00006819  bmi160_get_foc_rdy                               
0000686d  bmi160_get_if_mode                               
000068c1  bmi160_get_mag_manual_enable                     
00006915  bmi160_get_paging_enable                         
00006969  bmi160_get_pullup_configuration                  
000069bd  bmi160_get_target_page                           
00006a11  bmi160_bmm150_mag_compensate_xyz                 
00006a65  bmi160_get_accel_offset_compensation_xaxis       
00006ab5  bmi160_get_accel_offset_compensation_yaxis       
00006b05  bmi160_get_accel_offset_compensation_zaxis       
00006b55  bmi160_get_mag_power_mode_stat                   
00006ba5  bmi_init                                         
00006bf5  bmi160_read_reg                                  
00006c3d  bmi160_write_reg                                 
00006c85  i2c_routine                                      
00006ccd  time_delay_ms                                    
00006d15  LCD_display_full                                 
00006d59  __TI_auto_init_nobinit_nopinit                   
00006d9d  delay                                            
00006ddf  LCD_P6X8Str                                      
00006e21  bmi160_fifo_data                                 
00006e61  bmi160_set_command_register                      
00006ea1  bmi160_set_fifo_wm                               
00006ee1  bmi160_set_mag_read_addr                         
00006f21  bmi160_set_mag_write_addr                        
00006f61  bmi160_set_mag_write_data                        
00006fa1  bmi160_initialize_sensor                         
00006fdd  CS_setDCOCenteredFrequency                       
00007011  UART_transmitData                                
00007045  _c_int00_noargs                                  
00007079  CS_clearInterruptFlag                            
000070a9  bmi160_i2c_burst_read                            
000070d9  main                                             
00007107  bmi160_i2c_bus_read                              
00007133  bmi160_i2c_bus_write                             
00007161  ADC14_getResult                                  
00007189  CS_getMCLK                                       
000071b1  CS_getSMCLK                                      
000071d9  GPIO_setOutputHighOnPin                          
00007201  GPIO_setOutputLowOnPin                           
00007229  LCD_draw_dot                                     
00007251  DelayMs                                          
00007279  initI2C                                          
00007295  all_init                                         
000072bd  __TI_decompress_none                             
000072cb  Reset_Handler                                    
000072d7  bmi160_delay_ms                                  
000072e3  __TI_zero_init                                   
000072ef  LCD_CLS                                          
000072f9  SysCtlDelay                                      
000072ff  _system_pre_init                                 
00007303  C$$EXIT                                          
00007303  abort                                            
00007308  gImage_lqTFT02                                   
0000b3b8  uartConfig                                       
0000bb50  __TI_Handler_Table_Base                          
0000bb5c  __TI_Handler_Table_Limit                         
0000bb68  __TI_CINIT_Base                                  
0000bb78  __TI_CINIT_Limit                                 
20000000  __start___llvm_prf_cnts                          
20000000  __stop___llvm_prf_cnts                           
20000000  hanzi16x16                                       
20000560  v_fifo_data_u8                                   
20000960  Font_code8                                       
20000bbe  burstMode                                        
20000bc0  mymap                                            
20000c30  hanzi_Idx                                        
20000c88  prevAccelX                                       
20000c8a  prevAccelY                                       
20000c8c  prevAccelZ                                       
20000c8e  prevGyroX                                        
20000c90  prevGyroY                                        
20000c92  prevGyroZ                                        
20000c94  stillCount                                       
20000c98  gyroAvgX                                         
20000c9c  gyroAvgY                                         
20000ca0  gyroAvgZ                                         
20000ca4  accelAvgX                                        
20000ca8  accelAvgY                                        
20000cac  accelAvgZ                                        
20000cb0  BMI_on                                           
20000cb4  PersonX                                          
20000cb8  PersonY                                          
20000cbc  stick_x                                          
20000cc0  stick_y                                          
20000cc4  BarX                                             
20000cc8  BarY                                             
20000ccc  GameState                                        
20000cd0  TimerInterval                                    
20000cd4  i2cConfig                                        
20000ce8  V_bmm150_maual_auto_condition_u8                 
20000cec  V_fifo_time_U32                                  
20000cf0  accel_fifo                                       
2000105c  gyro_fifo                                        
200013c8  mag_fifo                                         
20001734  s_bmi160                                         
20001760  accelxyz                                         
20001766  gyroxyz                                          
20001774  g_ui32ByteCount                                  
20001778  i_axle                                           
2000177c  j_axle                                           
20001780  pData                                            
20001784  returnRslt                                       
20001788  gyro_off_x                                       
2000178a  gyro_off_y                                       
2000178c  gyro_off_z                                       
2000178e  accel_off_x                                      
2000178f  accel_off_y                                      
20001790  accel_off_z                                      
20001791  ui8DummyRead                                     
20001792  ui8Status                                        
2000fe00  __stack                                          
20010000  __STACK_END                                      
4000480c  WDTCTL_SYM                                       
ffffffff  __TI_pprof_out_hndl                              
ffffffff  __TI_prof_data_size                              
ffffffff  __TI_prof_data_start                             
ffffffff  __binit__                                        
ffffffff  __c_args__                                       
ffffffff  binit                                            
UNDEFED   __mpu_init                                       
UNDEFED   _system_post_cinit                               

[268 symbols]
