<?xml version="1.0" encoding="ISO-8859-1" ?>
<link_info>
   <banner>TI ARM Linker PC v20.2.5.LTS</banner>
   <copyright>Copyright (c) 1996-2018 Texas Instruments Incorporated</copyright>
   <link_time>0x6299c5a1</link_time>
   <link_errors>0x0</link_errors>
   <output_file>A_main_msp432.out</output_file>
   <entry_point>
      <name>_c_int00_noargs</name>
      <address>0x7bdd</address>
   </entry_point>
   <input_file_list>
      <input_file id="fl-2">
         <path>.\</path>
         <kind>object</kind>
         <file>LQ12864.obj</file>
         <name>LQ12864.obj</name>
      </input_file>
      <input_file id="fl-3">
         <path>.\</path>
         <kind>object</kind>
         <file>bmi160.obj</file>
         <name>bmi160.obj</name>
      </input_file>
      <input_file id="fl-4">
         <path>.\</path>
         <kind>object</kind>
         <file>bmi160_support.obj</file>
         <name>bmi160_support.obj</name>
      </input_file>
      <input_file id="fl-5">
         <path>.\</path>
         <kind>object</kind>
         <file>demo_sysctl.obj</file>
         <name>demo_sysctl.obj</name>
      </input_file>
      <input_file id="fl-6">
         <path>.\</path>
         <kind>object</kind>
         <file>i2c_driver.obj</file>
         <name>i2c_driver.obj</name>
      </input_file>
      <input_file id="fl-7">
         <path>.\</path>
         <kind>object</kind>
         <file>main.obj</file>
         <name>main.obj</name>
      </input_file>
      <input_file id="fl-8">
         <path>.\</path>
         <kind>object</kind>
         <file>system_msp432p401r.obj</file>
         <name>system_msp432p401r.obj</name>
      </input_file>
      <input_file id="fl-9">
         <path>.\</path>
         <kind>object</kind>
         <file>uart_driver.obj</file>
         <name>uart_driver.obj</name>
      </input_file>
      <input_file id="fl-a">
         <path>.\ccs\</path>
         <kind>object</kind>
         <file>startup_msp432p401r_ccs.obj</file>
         <name>startup_msp432p401r_ccs.obj</name>
      </input_file>
      <input_file id="fl-14">
         <kind>object</kind>
         <file>&lt;internal&gt;</file>
         <name>&lt;internal&gt;</name>
      </input_file>
      <input_file id="fl-15">
         <path>D:\msp423_software\simplelink_msp432p4_sdk_3_40_01_02\source\ti\devices\msp432p4xx\driverlib\ccs\</path>
         <kind>archive</kind>
         <file>msp432p4xx_driverlib.lib</file>
         <name>adc14.o</name>
      </input_file>
      <input_file id="fl-16">
         <path>D:\msp423_software\simplelink_msp432p4_sdk_3_40_01_02\source\ti\devices\msp432p4xx\driverlib\ccs\</path>
         <kind>archive</kind>
         <file>msp432p4xx_driverlib.lib</file>
         <name>cs.o</name>
      </input_file>
      <input_file id="fl-17">
         <path>D:\msp423_software\simplelink_msp432p4_sdk_3_40_01_02\source\ti\devices\msp432p4xx\driverlib\ccs\</path>
         <kind>archive</kind>
         <file>msp432p4xx_driverlib.lib</file>
         <name>gpio.o</name>
      </input_file>
      <input_file id="fl-18">
         <path>D:\msp423_software\simplelink_msp432p4_sdk_3_40_01_02\source\ti\devices\msp432p4xx\driverlib\ccs\</path>
         <kind>archive</kind>
         <file>msp432p4xx_driverlib.lib</file>
         <name>i2c.o</name>
      </input_file>
      <input_file id="fl-19">
         <path>D:\msp423_software\simplelink_msp432p4_sdk_3_40_01_02\source\ti\devices\msp432p4xx\driverlib\ccs\</path>
         <kind>archive</kind>
         <file>msp432p4xx_driverlib.lib</file>
         <name>interrupt.o</name>
      </input_file>
      <input_file id="fl-1a">
         <path>D:\msp423_software\simplelink_msp432p4_sdk_3_40_01_02\source\ti\devices\msp432p4xx\driverlib\ccs\</path>
         <kind>archive</kind>
         <file>msp432p4xx_driverlib.lib</file>
         <name>sysctl_a.o</name>
      </input_file>
      <input_file id="fl-1b">
         <path>D:\msp423_software\simplelink_msp432p4_sdk_3_40_01_02\source\ti\devices\msp432p4xx\driverlib\ccs\</path>
         <kind>archive</kind>
         <file>msp432p4xx_driverlib.lib</file>
         <name>uart.o</name>
      </input_file>
      <input_file id="fl-1c">
         <path>D:\msp423_software\simplelink_msp432p4_sdk_3_40_01_02\source\ti\devices\msp432p4xx\driverlib\ccs\</path>
         <kind>archive</kind>
         <file>msp432p4xx_driverlib.lib</file>
         <name>cpu.o</name>
      </input_file>
      <input_file id="fl-d2">
         <path>D:\msp423_software\ccs\tools\compiler\ti-cgt-arm_20.2.5.LTS\lib\</path>
         <kind>archive</kind>
         <file>rtsv7M4_T_le_v4SPD16_eabi.lib</file>
         <name>snprintf.c.obj</name>
      </input_file>
      <input_file id="fl-d3">
         <path>D:\msp423_software\ccs\tools\compiler\ti-cgt-arm_20.2.5.LTS\lib\</path>
         <kind>archive</kind>
         <file>rtsv7M4_T_le_v4SPD16_eabi.lib</file>
         <name>memcpy_t2.asm.obj</name>
      </input_file>
      <input_file id="fl-d4">
         <path>D:\msp423_software\ccs\tools\compiler\ti-cgt-arm_20.2.5.LTS\lib\</path>
         <kind>archive</kind>
         <file>rtsv7M4_T_le_v4SPD16_eabi.lib</file>
         <name>memset_t2.asm.obj</name>
      </input_file>
      <input_file id="fl-d5">
         <path>D:\msp423_software\ccs\tools\compiler\ti-cgt-arm_20.2.5.LTS\lib\</path>
         <kind>archive</kind>
         <file>rtsv7M4_T_le_v4SPD16_eabi.lib</file>
         <name>copy_zero_init.c.obj</name>
      </input_file>
      <input_file id="fl-d6">
         <path>D:\msp423_software\ccs\tools\compiler\ti-cgt-arm_20.2.5.LTS\lib\</path>
         <kind>archive</kind>
         <file>rtsv7M4_T_le_v4SPD16_eabi.lib</file>
         <name>copy_decompress_none.c.obj</name>
      </input_file>
      <input_file id="fl-d7">
         <path>D:\msp423_software\ccs\tools\compiler\ti-cgt-arm_20.2.5.LTS\lib\</path>
         <kind>archive</kind>
         <file>rtsv7M4_T_le_v4SPD16_eabi.lib</file>
         <name>copy_decompress_lzss.c.obj</name>
      </input_file>
      <input_file id="fl-d8">
         <path>D:\msp423_software\ccs\tools\compiler\ti-cgt-arm_20.2.5.LTS\lib\</path>
         <kind>archive</kind>
         <file>rtsv7M4_T_le_v4SPD16_eabi.lib</file>
         <name>boot_cortex_m.c.obj</name>
      </input_file>
      <input_file id="fl-d9">
         <path>D:\msp423_software\ccs\tools\compiler\ti-cgt-arm_20.2.5.LTS\lib\</path>
         <kind>archive</kind>
         <file>rtsv7M4_T_le_v4SPD16_eabi.lib</file>
         <name>_printfi.c.obj</name>
      </input_file>
      <input_file id="fl-da">
         <path>D:\msp423_software\ccs\tools\compiler\ti-cgt-arm_20.2.5.LTS\lib\</path>
         <kind>archive</kind>
         <file>rtsv7M4_T_le_v4SPD16_eabi.lib</file>
         <name>s_frexp.c.obj</name>
      </input_file>
      <input_file id="fl-db">
         <path>D:\msp423_software\ccs\tools\compiler\ti-cgt-arm_20.2.5.LTS\lib\</path>
         <kind>archive</kind>
         <file>rtsv7M4_T_le_v4SPD16_eabi.lib</file>
         <name>s_scalbn.c.obj</name>
      </input_file>
      <input_file id="fl-dc">
         <path>D:\msp423_software\ccs\tools\compiler\ti-cgt-arm_20.2.5.LTS\lib\</path>
         <kind>archive</kind>
         <file>rtsv7M4_T_le_v4SPD16_eabi.lib</file>
         <name>wcslen.c.obj</name>
      </input_file>
      <input_file id="fl-dd">
         <path>D:\msp423_software\ccs\tools\compiler\ti-cgt-arm_20.2.5.LTS\lib\</path>
         <kind>archive</kind>
         <file>rtsv7M4_T_le_v4SPD16_eabi.lib</file>
         <name>fd_add_t2.asm.obj</name>
      </input_file>
      <input_file id="fl-de">
         <path>D:\msp423_software\ccs\tools\compiler\ti-cgt-arm_20.2.5.LTS\lib\</path>
         <kind>archive</kind>
         <file>rtsv7M4_T_le_v4SPD16_eabi.lib</file>
         <name>fd_cmp_t2.asm.obj</name>
      </input_file>
      <input_file id="fl-df">
         <path>D:\msp423_software\ccs\tools\compiler\ti-cgt-arm_20.2.5.LTS\lib\</path>
         <kind>archive</kind>
         <file>rtsv7M4_T_le_v4SPD16_eabi.lib</file>
         <name>fd_div_t2.asm.obj</name>
      </input_file>
      <input_file id="fl-e0">
         <path>D:\msp423_software\ccs\tools\compiler\ti-cgt-arm_20.2.5.LTS\lib\</path>
         <kind>archive</kind>
         <file>rtsv7M4_T_le_v4SPD16_eabi.lib</file>
         <name>fd_mul_t2.asm.obj</name>
      </input_file>
      <input_file id="fl-e1">
         <path>D:\msp423_software\ccs\tools\compiler\ti-cgt-arm_20.2.5.LTS\lib\</path>
         <kind>archive</kind>
         <file>rtsv7M4_T_le_v4SPD16_eabi.lib</file>
         <name>fd_toi_t2.asm.obj</name>
      </input_file>
      <input_file id="fl-e2">
         <path>D:\msp423_software\ccs\tools\compiler\ti-cgt-arm_20.2.5.LTS\lib\</path>
         <kind>archive</kind>
         <file>rtsv7M4_T_le_v4SPD16_eabi.lib</file>
         <name>i_tofd_t2.asm.obj</name>
      </input_file>
      <input_file id="fl-e3">
         <path>D:\msp423_software\ccs\tools\compiler\ti-cgt-arm_20.2.5.LTS\lib\</path>
         <kind>archive</kind>
         <file>rtsv7M4_T_le_v4SPD16_eabi.lib</file>
         <name>ull_div_t2.asm.obj</name>
      </input_file>
      <input_file id="fl-e4">
         <path>D:\msp423_software\ccs\tools\compiler\ti-cgt-arm_20.2.5.LTS\lib\</path>
         <kind>archive</kind>
         <file>rtsv7M4_T_le_v4SPD16_eabi.lib</file>
         <name>autoinit.c.obj</name>
      </input_file>
      <input_file id="fl-e5">
         <path>D:\msp423_software\ccs\tools\compiler\ti-cgt-arm_20.2.5.LTS\lib\</path>
         <kind>archive</kind>
         <file>rtsv7M4_T_le_v4SPD16_eabi.lib</file>
         <name>pre_init.c.obj</name>
      </input_file>
      <input_file id="fl-e6">
         <path>D:\msp423_software\ccs\tools\compiler\ti-cgt-arm_20.2.5.LTS\lib\</path>
         <kind>archive</kind>
         <file>rtsv7M4_T_le_v4SPD16_eabi.lib</file>
         <name>cpy_tbl.c.obj</name>
      </input_file>
      <input_file id="fl-e7">
         <path>D:\msp423_software\ccs\tools\compiler\ti-cgt-arm_20.2.5.LTS\lib\</path>
         <kind>archive</kind>
         <file>rtsv7M4_T_le_v4SPD16_eabi.lib</file>
         <name>exit.c.obj</name>
      </input_file>
      <input_file id="fl-e8">
         <path>D:\msp423_software\ccs\tools\compiler\ti-cgt-arm_20.2.5.LTS\lib\</path>
         <kind>archive</kind>
         <file>rtsv7M4_T_le_v4SPD16_eabi.lib</file>
         <name>_lock.c.obj</name>
      </input_file>
      <input_file id="fl-e9">
         <path>D:\msp423_software\ccs\tools\compiler\ti-cgt-arm_20.2.5.LTS\lib\</path>
         <kind>archive</kind>
         <file>rtsv7M4_T_le_v4SPD16_eabi.lib</file>
         <name>_ltoa.c.obj</name>
      </input_file>
      <input_file id="fl-ea">
         <path>D:\msp423_software\ccs\tools\compiler\ti-cgt-arm_20.2.5.LTS\lib\</path>
         <kind>archive</kind>
         <file>rtsv7M4_T_le_v4SPD16_eabi.lib</file>
         <name>args_main.c.obj</name>
      </input_file>
      <input_file id="fl-eb">
         <path>D:\msp423_software\ccs\tools\compiler\ti-cgt-arm_20.2.5.LTS\lib\</path>
         <kind>archive</kind>
         <file>rtsv7M4_T_le_v4SPD16_eabi.lib</file>
         <name>atoi.c.obj</name>
      </input_file>
      <input_file id="fl-ec">
         <path>D:\msp423_software\ccs\tools\compiler\ti-cgt-arm_20.2.5.LTS\lib\</path>
         <kind>archive</kind>
         <file>rtsv7M4_T_le_v4SPD16_eabi.lib</file>
         <name>ctype.c.obj</name>
      </input_file>
      <input_file id="fl-ed">
         <path>D:\msp423_software\ccs\tools\compiler\ti-cgt-arm_20.2.5.LTS\lib\</path>
         <kind>archive</kind>
         <file>rtsv7M4_T_le_v4SPD16_eabi.lib</file>
         <name>memccpy.c.obj</name>
      </input_file>
      <input_file id="fl-ee">
         <path>D:\msp423_software\ccs\tools\compiler\ti-cgt-arm_20.2.5.LTS\lib\</path>
         <kind>archive</kind>
         <file>rtsv7M4_T_le_v4SPD16_eabi.lib</file>
         <name>strchr.c.obj</name>
      </input_file>
      <input_file id="fl-ef">
         <path>D:\msp423_software\ccs\tools\compiler\ti-cgt-arm_20.2.5.LTS\lib\</path>
         <kind>archive</kind>
         <file>rtsv7M4_T_le_v4SPD16_eabi.lib</file>
         <name>strlen.c.obj</name>
      </input_file>
      <input_file id="fl-f0">
         <path>D:\msp423_software\ccs\tools\compiler\ti-cgt-arm_20.2.5.LTS\lib\</path>
         <kind>archive</kind>
         <file>rtsv7M4_T_le_v4SPD16_eabi.lib</file>
         <name>errno.c.obj</name>
      </input_file>
      <input_file id="fl-f1">
         <path>D:\msp423_software\ccs\tools\compiler\ti-cgt-arm_20.2.5.LTS\lib\</path>
         <kind>archive</kind>
         <file>rtsv7M4_T_le_v4SPD16_eabi.lib</file>
         <name>s_copysign.c.obj</name>
      </input_file>
      <input_file id="fl-f2">
         <path>D:\msp423_software\ccs\tools\compiler\ti-cgt-arm_20.2.5.LTS\lib\</path>
         <kind>archive</kind>
         <file>rtsv7M4_T_le_v4SPD16_eabi.lib</file>
         <name>div0.asm.obj</name>
      </input_file>
   </input_file_list>
   <object_component_list>
      <object_component id="oc-26">
         <name>.intvecs:retain</name>
         <load_address>0x0</load_address>
         <run_address>0x0</run_address>
         <size>0xe4</size>
         <input_file_ref idref="fl-a"/>
      </object_component>
      <object_component id="oc-1d6">
         <name>.text:bmi160_config_running_mode</name>
         <load_address>0xe4</load_address>
         <run_address>0xe4</run_address>
         <size>0xa58</size>
         <input_file_ref idref="fl-4"/>
      </object_component>
      <object_component id="oc-314">
         <name>.text:bmi160_read_fifo_header_data</name>
         <load_address>0xb3c</load_address>
         <run_address>0xb3c</run_address>
         <size>0x9d0</size>
         <input_file_ref idref="fl-3"/>
      </object_component>
      <object_component id="oc-3ca">
         <name>.text:play1</name>
         <load_address>0x150c</load_address>
         <run_address>0x150c</run_address>
         <size>0x904</size>
         <input_file_ref idref="fl-7"/>
      </object_component>
      <object_component id="oc-3c4">
         <name>.text:play</name>
         <load_address>0x1e10</load_address>
         <run_address>0x1e10</run_address>
         <size>0x850</size>
         <input_file_ref idref="fl-7"/>
      </object_component>
      <object_component id="oc-4b2">
         <name>.text:bmi160_read_bmm150_mag_trim</name>
         <load_address>0x2660</load_address>
         <run_address>0x2660</run_address>
         <size>0x4ac</size>
         <input_file_ref idref="fl-3"/>
      </object_component>
      <object_component id="oc-4b8">
         <name>.text:bmi160_set_bmm150_mag_presetmode</name>
         <load_address>0x2b0c</load_address>
         <run_address>0x2b0c</run_address>
         <size>0x358</size>
         <input_file_ref idref="fl-3"/>
      </object_component>
      <object_component id="oc-326">
         <name>.text:bmi160_set_intr_enable_0</name>
         <load_address>0x2e64</load_address>
         <run_address>0x2e64</run_address>
         <size>0x2d8</size>
         <input_file_ref idref="fl-3"/>
      </object_component>
      <object_component id="oc-2ba">
         <name>.text:bmi160_bmm150_mag_interface_init</name>
         <load_address>0x313c</load_address>
         <run_address>0x313c</run_address>
         <size>0x29c</size>
         <input_file_ref idref="fl-3"/>
      </object_component>
      <object_component id="oc-1dc">
         <name>.text:bmi160_accel_foc_trigger_xyz</name>
         <load_address>0x33d8</load_address>
         <run_address>0x33d8</run_address>
         <size>0x250</size>
         <input_file_ref idref="fl-3"/>
      </object_component>
      <object_component id="oc-165">
         <name>.text:LCD_init</name>
         <load_address>0x3628</load_address>
         <run_address>0x3628</run_address>
         <size>0x1da</size>
         <input_file_ref idref="fl-2"/>
      </object_component>
      <object_component id="oc-5c0">
         <name>.text:LCD_draw_line</name>
         <load_address>0x3802</load_address>
         <run_address>0x3802</run_address>
         <size>0x1a4</size>
         <input_file_ref idref="fl-2"/>
      </object_component>
      <object_component id="oc-6d">
         <name>.text:Default_Handler</name>
         <load_address>0x39a6</load_address>
         <run_address>0x39a6</run_address>
         <size>0x2</size>
         <input_file_ref idref="fl-a"/>
      </object_component>
      <object_component id="oc-1e2">
         <name>.text:bmi160_set_foc_gyro_enable</name>
         <load_address>0x39a8</load_address>
         <run_address>0x39a8</run_address>
         <size>0x18c</size>
         <input_file_ref idref="fl-3"/>
      </object_component>
      <object_component id="oc-3ae">
         <name>.text:_getIndexForMemRegister</name>
         <load_address>0x3b34</load_address>
         <run_address>0x3b34</run_address>
         <size>0x160</size>
         <input_file_ref idref="fl-15"/>
      </object_component>
      <object_component id="oc-462">
         <name>.text:bmi160_bmm150_mag_set_power_mode</name>
         <load_address>0x3c94</load_address>
         <run_address>0x3c94</run_address>
         <size>0x160</size>
         <input_file_ref idref="fl-3"/>
      </object_component>
      <object_component id="oc-32c">
         <name>.text:bmi160_set_intr_enable_2</name>
         <load_address>0x3df4</load_address>
         <run_address>0x3df4</run_address>
         <size>0x158</size>
         <input_file_ref idref="fl-3"/>
      </object_component>
      <object_component id="oc-5b3">
         <name>.text:LCD_P16X16Str</name>
         <load_address>0x3f4c</load_address>
         <run_address>0x3f4c</run_address>
         <size>0x144</size>
         <input_file_ref idref="fl-2"/>
      </object_component>
      <object_component id="oc-57b">
         <name>.text:readBurstI2C</name>
         <load_address>0x4090</load_address>
         <run_address>0x4090</run_address>
         <size>0x13c</size>
         <input_file_ref idref="fl-6"/>
      </object_component>
      <object_component id="oc-574">
         <name>.text:readI2C</name>
         <load_address>0x41cc</load_address>
         <run_address>0x41cc</run_address>
         <size>0x138</size>
         <input_file_ref idref="fl-6"/>
      </object_component>
      <object_component id="oc-3d0">
         <name>.text:ChooseMenu_gaming_lose</name>
         <load_address>0x4304</load_address>
         <run_address>0x4304</run_address>
         <size>0x134</size>
         <input_file_ref idref="fl-7"/>
      </object_component>
      <object_component id="oc-3d6">
         <name>.text:ChooseMenu_gaming_win</name>
         <load_address>0x4438</load_address>
         <run_address>0x4438</run_address>
         <size>0x134</size>
         <input_file_ref idref="fl-7"/>
      </object_component>
      <object_component id="oc-184">
         <name>.text:ChooseMenu_master</name>
         <load_address>0x456c</load_address>
         <run_address>0x456c</run_address>
         <size>0x128</size>
         <input_file_ref idref="fl-7"/>
      </object_component>
      <object_component id="oc-2ae">
         <name>.text:bmi160_set_bmm150_mag_and_secondary_if_power_mode</name>
         <load_address>0x4694</load_address>
         <run_address>0x4694</run_address>
         <size>0x124</size>
         <input_file_ref idref="fl-3"/>
      </object_component>
      <object_component id="oc-1b6">
         <name>.text:UART_initModule</name>
         <load_address>0x47b8</load_address>
         <run_address>0x47b8</run_address>
         <size>0x11c</size>
         <input_file_ref idref="fl-1b"/>
      </object_component>
      <object_component id="oc-533">
         <name>.text:paint</name>
         <load_address>0x48d4</load_address>
         <run_address>0x48d4</run_address>
         <size>0x11c</size>
         <input_file_ref idref="fl-7"/>
      </object_component>
      <object_component id="oc-16b">
         <name>.text:adcInit</name>
         <load_address>0x49f0</load_address>
         <run_address>0x49f0</run_address>
         <size>0x114</size>
         <input_file_ref idref="fl-9"/>
      </object_component>
      <object_component id="oc-281">
         <name>.text:_CSComputeCLKFrequency</name>
         <load_address>0x4b04</load_address>
         <run_address>0x4b04</run_address>
         <size>0x104</size>
         <input_file_ref idref="fl-16"/>
      </object_component>
      <object_component id="oc-428">
         <name>.text:CS_getDCOFrequency</name>
         <load_address>0x4c08</load_address>
         <run_address>0x4c08</run_address>
         <size>0xf8</size>
         <input_file_ref idref="fl-16"/>
      </object_component>
      <object_component id="oc-308">
         <name>.text:bmi160_set_intr_fifo_wm</name>
         <load_address>0x4d00</load_address>
         <run_address>0x4d00</run_address>
         <size>0xf8</size>
         <input_file_ref idref="fl-3"/>
      </object_component>
      <object_component id="oc-4d9">
         <name>.text:bmi160_set_intr_level</name>
         <load_address>0x4df8</load_address>
         <run_address>0x4df8</run_address>
         <size>0xf8</size>
         <input_file_ref idref="fl-3"/>
      </object_component>
      <object_component id="oc-4d3">
         <name>.text:bmi160_set_output_enable</name>
         <load_address>0x4ef0</load_address>
         <run_address>0x4ef0</run_address>
         <size>0xf8</size>
         <input_file_ref idref="fl-3"/>
      </object_component>
      <object_component id="oc-73">
         <name>.text:EUSCIB1_IRQHandler</name>
         <load_address>0x4fe8</load_address>
         <run_address>0x4fe8</run_address>
         <size>0xec</size>
         <input_file_ref idref="fl-6"/>
      </object_component>
      <object_component id="oc-232">
         <name>.text:LCD_write_para16</name>
         <load_address>0x50d4</load_address>
         <run_address>0x50d4</run_address>
         <size>0xea</size>
         <input_file_ref idref="fl-2"/>
      </object_component>
      <object_component id="oc-56d">
         <name>.text:writeI2C</name>
         <load_address>0x51c0</load_address>
         <run_address>0x51c0</run_address>
         <size>0xe8</size>
         <input_file_ref idref="fl-6"/>
      </object_component>
      <object_component id="oc-545">
         <name>.text:PrfCell</name>
         <load_address>0x52a8</load_address>
         <run_address>0x52a8</run_address>
         <size>0xd8</size>
         <input_file_ref idref="fl-7"/>
      </object_component>
      <object_component id="oc-4a0">
         <name>.text:bmi160_bmm150_mag_wakeup</name>
         <load_address>0x5380</load_address>
         <run_address>0x5380</run_address>
         <size>0xd4</size>
         <input_file_ref idref="fl-3"/>
      </object_component>
      <object_component id="oc-53f">
         <name>.text:ClsCell</name>
         <load_address>0x5454</load_address>
         <run_address>0x5454</run_address>
         <size>0xd0</size>
         <input_file_ref idref="fl-7"/>
      </object_component>
      <object_component id="oc-2d2">
         <name>.text:bmi160_set_gyro_output_data_rate</name>
         <load_address>0x5524</load_address>
         <run_address>0x5524</run_address>
         <size>0xd0</size>
         <input_file_ref idref="fl-3"/>
      </object_component>
      <object_component id="oc-4ee">
         <name>.text:bmi160_bmm150_mag_compensate_X</name>
         <load_address>0x55f4</load_address>
         <run_address>0x55f4</run_address>
         <size>0xc4</size>
         <input_file_ref idref="fl-3"/>
      </object_component>
      <object_component id="oc-4f4">
         <name>.text:bmi160_bmm150_mag_compensate_Y</name>
         <load_address>0x56b8</load_address>
         <run_address>0x56b8</run_address>
         <size>0xc4</size>
         <input_file_ref idref="fl-3"/>
      </object_component>
      <object_component id="oc-50f">
         <name>.text:bmi160_read_mag_xyzr</name>
         <load_address>0x577c</load_address>
         <run_address>0x577c</run_address>
         <size>0xc0</size>
         <input_file_ref idref="fl-3"/>
      </object_component>
      <object_component id="oc-3bc">
         <name>.text:LCD_P6X8</name>
         <load_address>0x583c</load_address>
         <run_address>0x583c</run_address>
         <size>0xbc</size>
         <input_file_ref idref="fl-2"/>
      </object_component>
      <object_component id="oc-38d">
         <name>.text:bmi160_get_gyro_offset_compensation_yaxis</name>
         <load_address>0x58f8</load_address>
         <run_address>0x58f8</run_address>
         <size>0xbc</size>
         <input_file_ref idref="fl-3"/>
      </object_component>
      <object_component id="oc-393">
         <name>.text:bmi160_get_gyro_offset_compensation_zaxis</name>
         <load_address>0x59b4</load_address>
         <run_address>0x59b4</run_address>
         <size>0xbc</size>
         <input_file_ref idref="fl-3"/>
      </object_component>
      <object_component id="oc-387">
         <name>.text:bmi160_get_gyro_offset_compensation_xaxis</name>
         <load_address>0x5a70</load_address>
         <run_address>0x5a70</run_address>
         <size>0xb8</size>
         <input_file_ref idref="fl-3"/>
      </object_component>
      <object_component id="oc-223">
         <name>.text:ADC14_configureConversionMemory</name>
         <load_address>0x5b28</load_address>
         <run_address>0x5b28</run_address>
         <size>0xb4</size>
         <input_file_ref idref="fl-15"/>
      </object_component>
      <object_component id="oc-21d">
         <name>.text:ADC14_configureMultiSequenceMode</name>
         <load_address>0x5bdc</load_address>
         <run_address>0x5bdc</run_address>
         <size>0xb4</size>
         <input_file_ref idref="fl-15"/>
      </object_component>
      <object_component id="oc-4be">
         <name>.text:bmi160_set_mag_output_data_rate</name>
         <load_address>0x5c90</load_address>
         <run_address>0x5c90</run_address>
         <size>0xa8</size>
         <input_file_ref idref="fl-3"/>
      </object_component>
      <object_component id="oc-37">
         <name>.text</name>
         <load_address>0x5d38</load_address>
         <run_address>0x5d38</run_address>
         <size>0x9c</size>
         <input_file_ref idref="fl-d3"/>
      </object_component>
      <object_component id="oc-2d8">
         <name>.text:bmi160_set_accel_output_data_rate</name>
         <load_address>0x5dd4</load_address>
         <run_address>0x5dd4</run_address>
         <size>0x98</size>
         <input_file_ref idref="fl-3"/>
      </object_component>
      <object_component id="oc-55b">
         <name>.text:SysCtl_A_getTLVInfo</name>
         <load_address>0x5e6c</load_address>
         <run_address>0x5e6c</run_address>
         <size>0x94</size>
         <input_file_ref idref="fl-1a"/>
      </object_component>
      <object_component id="oc-4fa">
         <name>.text:bmi160_bmm150_mag_compensate_Z</name>
         <load_address>0x5f00</load_address>
         <run_address>0x5f00</run_address>
         <size>0x94</size>
         <input_file_ref idref="fl-3"/>
      </object_component>
      <object_component id="oc-2c6">
         <name>.text:bmi160_set_accel_bw</name>
         <load_address>0x5f94</load_address>
         <run_address>0x5f94</run_address>
         <size>0x90</size>
         <input_file_ref idref="fl-3"/>
      </object_component>
      <object_component id="oc-2f0">
         <name>.text:bmi160_set_fifo_accel_enable</name>
         <load_address>0x6024</load_address>
         <run_address>0x6024</run_address>
         <size>0x90</size>
         <input_file_ref idref="fl-3"/>
      </object_component>
      <object_component id="oc-2f6">
         <name>.text:bmi160_set_fifo_gyro_enable</name>
         <load_address>0x60b4</load_address>
         <run_address>0x60b4</run_address>
         <size>0x90</size>
         <input_file_ref idref="fl-3"/>
      </object_component>
      <object_component id="oc-2e4">
         <name>.text:bmi160_set_fifo_header_enable</name>
         <load_address>0x6144</load_address>
         <run_address>0x6144</run_address>
         <size>0x90</size>
         <input_file_ref idref="fl-3"/>
      </object_component>
      <object_component id="oc-2ea">
         <name>.text:bmi160_set_fifo_mag_enable</name>
         <load_address>0x61d4</load_address>
         <run_address>0x61d4</run_address>
         <size>0x90</size>
         <input_file_ref idref="fl-3"/>
      </object_component>
      <object_component id="oc-302">
         <name>.text:bmi160_set_fifo_stop_on_full</name>
         <load_address>0x6264</load_address>
         <run_address>0x6264</run_address>
         <size>0x90</size>
         <input_file_ref idref="fl-3"/>
      </object_component>
      <object_component id="oc-2fc">
         <name>.text:bmi160_set_fifo_time_enable</name>
         <load_address>0x62f4</load_address>
         <run_address>0x62f4</run_address>
         <size>0x90</size>
         <input_file_ref idref="fl-3"/>
      </object_component>
      <object_component id="oc-2cc">
         <name>.text:bmi160_set_gyro_bw</name>
         <load_address>0x6384</load_address>
         <run_address>0x6384</run_address>
         <size>0x90</size>
         <input_file_ref idref="fl-3"/>
      </object_component>
      <object_component id="oc-33e">
         <name>.text:bmi160_set_gyro_sleep_state</name>
         <load_address>0x6414</load_address>
         <run_address>0x6414</run_address>
         <size>0x90</size>
         <input_file_ref idref="fl-3"/>
      </object_component>
      <object_component id="oc-332">
         <name>.text:bmi160_set_gyro_sleep_trigger</name>
         <load_address>0x64a4</load_address>
         <run_address>0x64a4</run_address>
         <size>0x90</size>
         <input_file_ref idref="fl-3"/>
      </object_component>
      <object_component id="oc-344">
         <name>.text:bmi160_set_gyro_wakeup_intr</name>
         <load_address>0x6534</load_address>
         <run_address>0x6534</run_address>
         <size>0x90</size>
         <input_file_ref idref="fl-3"/>
      </object_component>
      <object_component id="oc-338">
         <name>.text:bmi160_set_gyro_wakeup_trigger</name>
         <load_address>0x65c4</load_address>
         <run_address>0x65c4</run_address>
         <size>0x90</size>
         <input_file_ref idref="fl-3"/>
      </object_component>
      <object_component id="oc-2b4">
         <name>.text:bmi160_set_if_mode</name>
         <load_address>0x6654</load_address>
         <run_address>0x6654</run_address>
         <size>0x90</size>
         <input_file_ref idref="fl-3"/>
      </object_component>
      <object_component id="oc-45c">
         <name>.text:bmi160_set_mag_manual_enable</name>
         <load_address>0x66e4</load_address>
         <run_address>0x66e4</run_address>
         <size>0x90</size>
         <input_file_ref idref="fl-3"/>
      </object_component>
      <object_component id="oc-47c">
         <name>.text:bmi160_set_paging_enable</name>
         <load_address>0x6774</load_address>
         <run_address>0x6774</run_address>
         <size>0x90</size>
         <input_file_ref idref="fl-3"/>
      </object_component>
      <object_component id="oc-48e">
         <name>.text:bmi160_set_pullup_configuration</name>
         <load_address>0x6804</load_address>
         <run_address>0x6804</run_address>
         <size>0x90</size>
         <input_file_ref idref="fl-3"/>
      </object_component>
      <object_component id="oc-470">
         <name>.text:bmi160_set_target_page</name>
         <load_address>0x6894</load_address>
         <run_address>0x6894</run_address>
         <size>0x90</size>
         <input_file_ref idref="fl-3"/>
      </object_component>
      <object_component id="oc-153">
         <name>.text:uartInit</name>
         <load_address>0x6924</load_address>
         <run_address>0x6924</run_address>
         <size>0x90</size>
         <input_file_ref idref="fl-9"/>
      </object_component>
      <object_component id="oc-1c6">
         <name>.text:GPIO_setAsPeripheralModuleFunctionOutputPin</name>
         <load_address>0x69b4</load_address>
         <run_address>0x69b4</run_address>
         <size>0x88</size>
         <input_file_ref idref="fl-17"/>
      </object_component>
      <object_component id="oc-17e">
         <name>.text:show_pic</name>
         <load_address>0x6a3c</load_address>
         <run_address>0x6a3c</run_address>
         <size>0x86</size>
         <input_file_ref idref="fl-2"/>
      </object_component>
      <object_component id="oc-2de">
         <name>.text:bmi160_interrupt_configuration</name>
         <load_address>0x6ac4</load_address>
         <run_address>0x6ac4</run_address>
         <size>0x80</size>
         <input_file_ref idref="fl-4"/>
      </object_component>
      <object_component id="oc-35d">
         <name>.text:bmi160_set_accel_offset_enable</name>
         <load_address>0x6b44</load_address>
         <run_address>0x6b44</run_address>
         <size>0x80</size>
         <input_file_ref idref="fl-3"/>
      </object_component>
      <object_component id="oc-381">
         <name>.text:bmi160_set_gyro_offset_enable</name>
         <load_address>0x6bc4</load_address>
         <run_address>0x6bc4</run_address>
         <size>0x80</size>
         <input_file_ref idref="fl-3"/>
      </object_component>
      <object_component id="oc-494">
         <name>.text:bmi160_set_i2c_device_addr</name>
         <load_address>0x6c44</load_address>
         <run_address>0x6c44</run_address>
         <size>0x80</size>
         <input_file_ref idref="fl-3"/>
      </object_component>
      <object_component id="oc-52d">
         <name>.text:Guidance</name>
         <load_address>0x6cc4</load_address>
         <run_address>0x6cc4</run_address>
         <size>0x7d</size>
         <input_file_ref idref="fl-7"/>
      </object_component>
      <object_component id="oc-245">
         <name>.text:LevelSelection</name>
         <load_address>0x6d44</load_address>
         <run_address>0x6d44</run_address>
         <size>0x7c</size>
         <input_file_ref idref="fl-7"/>
      </object_component>
      <object_component id="oc-561">
         <name>.text:_CSGetDOCFrequency</name>
         <load_address>0x6dc0</load_address>
         <run_address>0x6dc0</run_address>
         <size>0x7c</size>
         <input_file_ref idref="fl-16"/>
      </object_component>
      <object_component id="oc-93">
         <name>.text</name>
         <load_address>0x6e3c</load_address>
         <run_address>0x6e3c</run_address>
         <size>0x7a</size>
         <input_file_ref idref="fl-d4"/>
      </object_component>
      <object_component id="oc-b1">
         <name>.text:SystemInit</name>
         <load_address>0x6eb8</load_address>
         <run_address>0x6eb8</run_address>
         <size>0x78</size>
         <input_file_ref idref="fl-8"/>
      </object_component>
      <object_component id="oc-320">
         <name>.text:bmi160_read_accel_xyz</name>
         <load_address>0x6f30</load_address>
         <run_address>0x6f30</run_address>
         <size>0x78</size>
         <input_file_ref idref="fl-3"/>
      </object_component>
      <object_component id="oc-31a">
         <name>.text:bmi160_read_gyro_xyz</name>
         <load_address>0x6fa8</load_address>
         <run_address>0x6fa8</run_address>
         <size>0x78</size>
         <input_file_ref idref="fl-3"/>
      </object_component>
      <object_component id="oc-20a">
         <name>.text:LCD_write_command</name>
         <load_address>0x7020</load_address>
         <run_address>0x7020</run_address>
         <size>0x74</size>
         <input_file_ref idref="fl-2"/>
      </object_component>
      <object_component id="oc-210">
         <name>.text:LCD_write_para8</name>
         <load_address>0x7094</load_address>
         <run_address>0x7094</run_address>
         <size>0x74</size>
         <input_file_ref idref="fl-2"/>
      </object_component>
      <object_component id="oc-5d7">
         <name>.text:I2C_masterSendMultiByteStart</name>
         <load_address>0x7108</load_address>
         <run_address>0x7108</run_address>
         <size>0x68</size>
         <input_file_ref idref="fl-18"/>
      </object_component>
      <object_component id="oc-17">
         <name>.text:decompress:lzss:__TI_decompress_lzss</name>
         <load_address>0x7170</load_address>
         <run_address>0x7170</run_address>
         <size>0x68</size>
         <input_file_ref idref="fl-d7"/>
      </object_component>
      <object_component id="oc-299">
         <name>.text:bmi160_init</name>
         <load_address>0x71d8</load_address>
         <run_address>0x71d8</run_address>
         <size>0x64</size>
         <input_file_ref idref="fl-3"/>
      </object_component>
      <object_component id="oc-41c">
         <name>.text:_CSGetDividerValue</name>
         <load_address>0x723c</load_address>
         <run_address>0x723c</run_address>
         <size>0x62</size>
         <input_file_ref idref="fl-16"/>
      </object_component>
      <object_component id="oc-22c">
         <name>.text:LCD_SetPos</name>
         <load_address>0x729e</load_address>
         <run_address>0x729e</run_address>
         <size>0x5e</size>
         <input_file_ref idref="fl-2"/>
      </object_component>
      <object_component id="oc-1f2">
         <name>.text:OLED_GPIO</name>
         <load_address>0x72fc</load_address>
         <run_address>0x72fc</run_address>
         <size>0x5c</size>
         <input_file_ref idref="fl-2"/>
      </object_component>
      <object_component id="oc-539">
         <name>.text:Progress_Bar</name>
         <load_address>0x7358</load_address>
         <run_address>0x7358</run_address>
         <size>0x58</size>
         <input_file_ref idref="fl-7"/>
      </object_component>
      <object_component id="oc-363">
         <name>.text:bmi160_get_foc_rdy</name>
         <load_address>0x73b0</load_address>
         <run_address>0x73b0</run_address>
         <size>0x54</size>
         <input_file_ref idref="fl-3"/>
      </object_component>
      <object_component id="oc-2a8">
         <name>.text:bmi160_get_if_mode</name>
         <load_address>0x7404</load_address>
         <run_address>0x7404</run_address>
         <size>0x54</size>
         <input_file_ref idref="fl-3"/>
      </object_component>
      <object_component id="oc-49a">
         <name>.text:bmi160_get_mag_manual_enable</name>
         <load_address>0x7458</load_address>
         <run_address>0x7458</run_address>
         <size>0x54</size>
         <input_file_ref idref="fl-3"/>
      </object_component>
      <object_component id="oc-482">
         <name>.text:bmi160_get_paging_enable</name>
         <load_address>0x74ac</load_address>
         <run_address>0x74ac</run_address>
         <size>0x54</size>
         <input_file_ref idref="fl-3"/>
      </object_component>
      <object_component id="oc-488">
         <name>.text:bmi160_get_pullup_configuration</name>
         <load_address>0x7500</load_address>
         <run_address>0x7500</run_address>
         <size>0x54</size>
         <input_file_ref idref="fl-3"/>
      </object_component>
      <object_component id="oc-476">
         <name>.text:bmi160_get_target_page</name>
         <load_address>0x7554</load_address>
         <run_address>0x7554</run_address>
         <size>0x54</size>
         <input_file_ref idref="fl-3"/>
      </object_component>
      <object_component id="oc-34a">
         <name>.text:bmi160_bmm150_mag_compensate_xyz</name>
         <load_address>0x75a8</load_address>
         <run_address>0x75a8</run_address>
         <size>0x52</size>
         <input_file_ref idref="fl-3"/>
      </object_component>
      <object_component id="oc-369">
         <name>.text:bmi160_get_accel_offset_compensation_xaxis</name>
         <load_address>0x75fc</load_address>
         <run_address>0x75fc</run_address>
         <size>0x50</size>
         <input_file_ref idref="fl-3"/>
      </object_component>
      <object_component id="oc-36f">
         <name>.text:bmi160_get_accel_offset_compensation_yaxis</name>
         <load_address>0x764c</load_address>
         <run_address>0x764c</run_address>
         <size>0x50</size>
         <input_file_ref idref="fl-3"/>
      </object_component>
      <object_component id="oc-375">
         <name>.text:bmi160_get_accel_offset_compensation_zaxis</name>
         <load_address>0x769c</load_address>
         <run_address>0x769c</run_address>
         <size>0x50</size>
         <input_file_ref idref="fl-3"/>
      </object_component>
      <object_component id="oc-46a">
         <name>.text:bmi160_get_mag_power_mode_stat</name>
         <load_address>0x76ec</load_address>
         <run_address>0x76ec</run_address>
         <size>0x50</size>
         <input_file_ref idref="fl-3"/>
      </object_component>
      <object_component id="oc-15f">
         <name>.text:bmi_init</name>
         <load_address>0x773c</load_address>
         <run_address>0x773c</run_address>
         <size>0x50</size>
         <input_file_ref idref="fl-7"/>
      </object_component>
      <object_component id="oc-595">
         <name>.text:bmi160_read_reg</name>
         <load_address>0x778c</load_address>
         <run_address>0x778c</run_address>
         <size>0x48</size>
         <input_file_ref idref="fl-3"/>
      </object_component>
      <object_component id="oc-44e">
         <name>.text:bmi160_write_reg</name>
         <load_address>0x77d4</load_address>
         <run_address>0x77d4</run_address>
         <size>0x48</size>
         <input_file_ref idref="fl-3"/>
      </object_component>
      <object_component id="oc-293">
         <name>.text:i2c_routine</name>
         <load_address>0x781c</load_address>
         <run_address>0x781c</run_address>
         <size>0x48</size>
         <input_file_ref idref="fl-4"/>
      </object_component>
      <object_component id="oc-1fe">
         <name>.text:time_delay_ms</name>
         <load_address>0x7864</load_address>
         <run_address>0x7864</run_address>
         <size>0x48</size>
         <input_file_ref idref="fl-2"/>
      </object_component>
      <object_component id="oc-216">
         <name>.text:LCD_display_full</name>
         <load_address>0x78ac</load_address>
         <run_address>0x78ac</run_address>
         <size>0x44</size>
         <input_file_ref idref="fl-2"/>
      </object_component>
      <object_component id="oc-fd">
         <name>.text:__TI_auto_init_nobinit_nopinit:__TI_auto_init_nobinit_nopinit</name>
         <load_address>0x78f0</load_address>
         <run_address>0x78f0</run_address>
         <size>0x44</size>
         <input_file_ref idref="fl-e4"/>
      </object_component>
      <object_component id="oc-178">
         <name>.text:delay</name>
         <load_address>0x7934</load_address>
         <run_address>0x7934</run_address>
         <size>0x42</size>
         <input_file_ref idref="fl-9"/>
      </object_component>
      <object_component id="oc-239">
         <name>.text:LCD_P6X8Str</name>
         <load_address>0x7976</load_address>
         <run_address>0x7976</run_address>
         <size>0x40</size>
         <input_file_ref idref="fl-2"/>
      </object_component>
      <object_component id="oc-4e8">
         <name>.text:bmi160_fifo_data</name>
         <load_address>0x79b8</load_address>
         <run_address>0x79b8</run_address>
         <size>0x40</size>
         <input_file_ref idref="fl-3"/>
      </object_component>
      <object_component id="oc-2c0">
         <name>.text:bmi160_set_command_register</name>
         <load_address>0x79f8</load_address>
         <run_address>0x79f8</run_address>
         <size>0x40</size>
         <input_file_ref idref="fl-3"/>
      </object_component>
      <object_component id="oc-30e">
         <name>.text:bmi160_set_fifo_wm</name>
         <load_address>0x7a38</load_address>
         <run_address>0x7a38</run_address>
         <size>0x40</size>
         <input_file_ref idref="fl-3"/>
      </object_component>
      <object_component id="oc-4c4">
         <name>.text:bmi160_set_mag_read_addr</name>
         <load_address>0x7a78</load_address>
         <run_address>0x7a78</run_address>
         <size>0x40</size>
         <input_file_ref idref="fl-3"/>
      </object_component>
      <object_component id="oc-4ac">
         <name>.text:bmi160_set_mag_write_addr</name>
         <load_address>0x7ab8</load_address>
         <run_address>0x7ab8</run_address>
         <size>0x40</size>
         <input_file_ref idref="fl-3"/>
      </object_component>
      <object_component id="oc-4a6">
         <name>.text:bmi160_set_mag_write_data</name>
         <load_address>0x7af8</load_address>
         <run_address>0x7af8</run_address>
         <size>0x40</size>
         <input_file_ref idref="fl-3"/>
      </object_component>
      <object_component id="oc-1d0">
         <name>.text:bmi160_initialize_sensor</name>
         <load_address>0x7b38</load_address>
         <run_address>0x7b38</run_address>
         <size>0x3c</size>
         <input_file_ref idref="fl-4"/>
      </object_component>
      <object_component id="oc-1b0">
         <name>.text:CS_setDCOCenteredFrequency</name>
         <load_address>0x7b74</load_address>
         <run_address>0x7b74</run_address>
         <size>0x34</size>
         <input_file_ref idref="fl-16"/>
      </object_component>
      <object_component id="oc-5ba">
         <name>.text:UART_transmitData</name>
         <load_address>0x7ba8</load_address>
         <run_address>0x7ba8</run_address>
         <size>0x34</size>
         <input_file_ref idref="fl-1b"/>
      </object_component>
      <object_component id="oc-55">
         <name>.text:_c_int00_noargs:_c_int00_noargs</name>
         <load_address>0x7bdc</load_address>
         <run_address>0x7bdc</run_address>
         <size>0x34</size>
         <input_file_ref idref="fl-d8"/>
      </object_component>
      <object_component id="oc-422">
         <name>.text:CS_clearInterruptFlag</name>
         <load_address>0x7c10</load_address>
         <run_address>0x7c10</run_address>
         <size>0x30</size>
         <input_file_ref idref="fl-16"/>
      </object_component>
      <object_component id="oc-441">
         <name>.text:bmi160_i2c_burst_read</name>
         <load_address>0x7c40</load_address>
         <run_address>0x7c40</run_address>
         <size>0x2e</size>
         <input_file_ref idref="fl-4"/>
      </object_component>
      <object_component id="oc-e5">
         <name>.text:GameMenu</name>
         <load_address>0x7c70</load_address>
         <run_address>0x7c70</run_address>
         <size>0x2c</size>
         <input_file_ref idref="fl-7"/>
      </object_component>
      <object_component id="oc-43b">
         <name>.text:bmi160_i2c_bus_read</name>
         <load_address>0x7c9c</load_address>
         <run_address>0x7c9c</run_address>
         <size>0x2c</size>
         <input_file_ref idref="fl-4"/>
      </object_component>
      <object_component id="oc-435">
         <name>.text:bmi160_i2c_bus_write</name>
         <load_address>0x7cc8</load_address>
         <run_address>0x7cc8</run_address>
         <size>0x2c</size>
         <input_file_ref idref="fl-4"/>
      </object_component>
      <object_component id="oc-23f">
         <name>.text:ADC14_getResult</name>
         <load_address>0x7cf4</load_address>
         <run_address>0x7cf4</run_address>
         <size>0x28</size>
         <input_file_ref idref="fl-15"/>
      </object_component>
      <object_component id="oc-5e0">
         <name>.text:CS_getMCLK</name>
         <load_address>0x7d1c</load_address>
         <run_address>0x7d1c</run_address>
         <size>0x28</size>
         <input_file_ref idref="fl-16"/>
      </object_component>
      <object_component id="oc-1c0">
         <name>.text:CS_getSMCLK</name>
         <load_address>0x7d44</load_address>
         <run_address>0x7d44</run_address>
         <size>0x28</size>
         <input_file_ref idref="fl-16"/>
      </object_component>
      <object_component id="oc-204">
         <name>.text:GPIO_setOutputHighOnPin</name>
         <load_address>0x7d6c</load_address>
         <run_address>0x7d6c</run_address>
         <size>0x28</size>
         <input_file_ref idref="fl-17"/>
      </object_component>
      <object_component id="oc-1f8">
         <name>.text:GPIO_setOutputLowOnPin</name>
         <load_address>0x7d94</load_address>
         <run_address>0x7d94</run_address>
         <size>0x28</size>
         <input_file_ref idref="fl-17"/>
      </object_component>
      <object_component id="oc-5f3">
         <name>.text:LCD_draw_dot</name>
         <load_address>0x7dbc</load_address>
         <run_address>0x7dbc</run_address>
         <size>0x28</size>
         <input_file_ref idref="fl-2"/>
      </object_component>
      <object_component id="oc-582">
         <name>.text:DelayMs</name>
         <load_address>0x7de4</load_address>
         <run_address>0x7de4</run_address>
         <size>0x26</size>
         <input_file_ref idref="fl-5"/>
      </object_component>
      <object_component id="oc-159">
         <name>.text:initI2C</name>
         <load_address>0x7e0c</load_address>
         <run_address>0x7e0c</run_address>
         <size>0x1c</size>
         <input_file_ref idref="fl-6"/>
      </object_component>
      <object_component id="oc-df">
         <name>.text:all_init</name>
         <load_address>0x7e28</load_address>
         <run_address>0x7e28</run_address>
         <size>0x18</size>
         <input_file_ref idref="fl-7"/>
      </object_component>
      <object_component id="oc-3a8">
         <name>.text:ADCIsConversionRunning</name>
         <load_address>0x7e40</load_address>
         <run_address>0x7e40</run_address>
         <size>0x10</size>
         <input_file_ref idref="fl-15"/>
      </object_component>
      <object_component id="oc-1d">
         <name>.text:decompress:none:__TI_decompress_none</name>
         <load_address>0x7e50</load_address>
         <run_address>0x7e50</run_address>
         <size>0xe</size>
         <input_file_ref idref="fl-d6"/>
      </object_component>
      <object_component id="oc-67">
         <name>.text:Reset_Handler</name>
         <load_address>0x7e5e</load_address>
         <run_address>0x7e5e</run_address>
         <size>0xc</size>
         <input_file_ref idref="fl-a"/>
      </object_component>
      <object_component id="oc-447">
         <name>.text:bmi160_delay_ms</name>
         <load_address>0x7e6a</load_address>
         <run_address>0x7e6a</run_address>
         <size>0xc</size>
         <input_file_ref idref="fl-4"/>
      </object_component>
      <object_component id="oc-49">
         <name>.text:decompress:ZI:__TI_zero_init</name>
         <load_address>0x7e76</load_address>
         <run_address>0x7e76</run_address>
         <size>0xc</size>
         <input_file_ref idref="fl-d5"/>
      </object_component>
      <object_component id="oc-9f">
         <name>.text:main</name>
         <load_address>0x7e82</load_address>
         <run_address>0x7e82</run_address>
         <size>0xc</size>
         <input_file_ref idref="fl-7"/>
      </object_component>
      <object_component id="oc-172">
         <name>.text:LCD_CLS</name>
         <load_address>0x7e8e</load_address>
         <run_address>0x7e8e</run_address>
         <size>0xa</size>
         <input_file_ref idref="fl-2"/>
      </object_component>
      <object_component id="oc-5e6">
         <name>.text:SysCtlDelay</name>
         <load_address>0x7e98</load_address>
         <run_address>0x7e98</run_address>
         <size>0x6</size>
         <input_file_ref idref="fl-5"/>
      </object_component>
      <object_component id="oc-99">
         <name>.text:_system_pre_init</name>
         <load_address>0x7e9e</load_address>
         <run_address>0x7e9e</run_address>
         <size>0x4</size>
         <input_file_ref idref="fl-e5"/>
      </object_component>
      <object_component id="oc-f1">
         <name>.text:abort:abort</name>
         <load_address>0x7ea2</load_address>
         <run_address>0x7ea2</run_address>
         <size>0x4</size>
         <input_file_ref idref="fl-e7"/>
      </object_component>
      <object_component id="oc-18a">
         <name>.const:.string:gImage_lqTFT02</name>
         <load_address>0x7ea8</load_address>
         <run_address>0x7ea8</run_address>
         <size>0x4000</size>
         <input_file_ref idref="fl-2"/>
      </object_component>
      <object_component id="oc-3b4">
         <name>.const:_ctlRegs</name>
         <load_address>0xbea8</load_address>
         <run_address>0xbea8</run_address>
         <size>0x80</size>
         <input_file_ref idref="fl-15"/>
      </object_component>
      <object_component id="oc-551">
         <name>.const:$P$T0$1</name>
         <load_address>0xbf28</load_address>
         <run_address>0xbf28</run_address>
         <size>0x70</size>
         <input_file_ref idref="fl-7"/>
      </object_component>
      <object_component id="oc-288">
         <name>.const:GPIO_PORT_TO_BASE</name>
         <load_address>0xbf98</load_address>
         <run_address>0xbf98</run_address>
         <size>0x30</size>
         <input_file_ref idref="fl-17"/>
      </object_component>
      <object_component id="oc-1bc">
         <name>.const:uartConfig</name>
         <load_address>0xbfc8</load_address>
         <run_address>0xbfc8</run_address>
         <size>0x28</size>
         <input_file_ref idref="fl-9"/>
      </object_component>
      <object_component id="oc-634">
         <name>.cinit..data.load</name>
         <load_address>0xbff0</load_address>
         <run_address>0xbff0</run_address>
         <size>0x758</size>
      </object_component>
      <object_component id="oc-632">
         <name>__TI_handler_table</name>
         <load_address>0xc748</load_address>
         <run_address>0xc748</run_address>
         <size>0xc</size>
      </object_component>
      <object_component id="oc-635">
         <name>.cinit..bss.load</name>
         <load_address>0xc758</load_address>
         <run_address>0xc758</run_address>
         <size>0x8</size>
      </object_component>
      <object_component id="oc-633">
         <name>__TI_cinit_table</name>
         <load_address>0xc760</load_address>
         <run_address>0xc760</run_address>
         <size>0x10</size>
      </object_component>
      <object_component id="oc-606">
         <name>.binit</name>
         <load_address>0x0</load_address>
         <run_address>0x0</run_address>
         <size>0x0</size>
      </object_component>
      <object_component id="oc-529">
         <name>.data:Font_code8</name>
         <load_address>0x20000960</load_address>
         <run_address>0x20000960</run_address>
         <size>0x25e</size>
         <input_file_ref idref="fl-2"/>
      </object_component>
      <object_component id="oc-5eb">
         <name>.data:hanzi_Idx</name>
         <load_address>0x20000c30</load_address>
         <run_address>0x20000c30</run_address>
         <size>0x57</size>
         <input_file_ref idref="fl-2"/>
      </object_component>
      <object_component id="oc-5ee">
         <name>.data:hanzi16x16</name>
         <load_address>0x20000000</load_address>
         <run_address>0x20000000</run_address>
         <size>0x560</size>
         <input_file_ref idref="fl-2"/>
      </object_component>
      <object_component id="oc-4ca">
         <name>.data</name>
         <load_address>0x20000cec</load_address>
         <run_address>0x20000cec</run_address>
         <size>0x8</size>
         <input_file_ref idref="fl-3"/>
      </object_component>
      <object_component id="oc-500">
         <name>.data:v_fifo_data_u8</name>
         <load_address>0x20000560</load_address>
         <run_address>0x20000560</run_address>
         <size>0x400</size>
         <input_file_ref idref="fl-3"/>
      </object_component>
      <object_component id="oc-be">
         <name>.data</name>
         <load_address>0x20000bbe</load_address>
         <run_address>0x20000bbe</run_address>
         <size>0x1</size>
         <input_file_ref idref="fl-6"/>
      </object_component>
      <object_component id="oc-1cc">
         <name>.data:i2cConfig</name>
         <load_address>0x20000cd8</load_address>
         <run_address>0x20000cd8</run_address>
         <size>0x14</size>
         <input_file_ref idref="fl-6"/>
      </object_component>
      <object_component id="oc-24b">
         <name>.data</name>
         <load_address>0x20000c88</load_address>
         <run_address>0x20000c88</run_address>
         <size>0x50</size>
         <input_file_ref idref="fl-7"/>
      </object_component>
      <object_component id="oc-54d">
         <name>.data:mymap</name>
         <load_address>0x20000bc0</load_address>
         <run_address>0x20000bc0</run_address>
         <size>0x70</size>
         <input_file_ref idref="fl-7"/>
      </object_component>
      <object_component id="oc-37b">
         <name>.bss</name>
         <uninitialized>true</uninitialized>
         <run_address>0x20001770</run_address>
         <size>0x4</size>
         <input_file_ref idref="fl-3"/>
      </object_component>
      <object_component id="oc-59e">
         <name>.bss:mag_trim</name>
         <uninitialized>true</uninitialized>
         <run_address>0x2000174c</run_address>
         <size>0x10</size>
         <input_file_ref idref="fl-3"/>
      </object_component>
      <object_component id="oc-24e">
         <name>.bss</name>
         <uninitialized>true</uninitialized>
         <run_address>0x20001774</run_address>
         <size>0x4</size>
         <input_file_ref idref="fl-7"/>
      </object_component>
      <object_component id="oc-42e">
         <name>.bss</name>
         <uninitialized>true</uninitialized>
         <run_address>0x2000175c</run_address>
         <size>0x8</size>
         <input_file_ref idref="fl-16"/>
      </object_component>
      <object_component id="oc-503">
         <name>.common:accel_fifo</name>
         <uninitialized>true</uninitialized>
         <run_address>0x20000cf4</run_address>
         <size>0x36c</size>
      </object_component>
      <object_component id="oc-504">
         <name>.common:gyro_fifo</name>
         <uninitialized>true</uninitialized>
         <run_address>0x20001060</run_address>
         <size>0x36c</size>
      </object_component>
      <object_component id="oc-505">
         <name>.common:mag_fifo</name>
         <uninitialized>true</uninitialized>
         <run_address>0x200013cc</run_address>
         <size>0x36c</size>
      </object_component>
      <object_component id="oc-29f">
         <name>.common:s_bmi160</name>
         <uninitialized>true</uninitialized>
         <run_address>0x20001738</run_address>
         <size>0x14</size>
      </object_component>
      <object_component id="oc-350">
         <name>.common:gyroxyz</name>
         <uninitialized>true</uninitialized>
         <run_address>0x2000176a</run_address>
         <size>0x6</size>
      </object_component>
      <object_component id="oc-351">
         <name>.common:accelxyz</name>
         <uninitialized>true</uninitialized>
         <run_address>0x20001764</run_address>
         <size>0x6</size>
      </object_component>
      <object_component id="oc-b9">
         <name>.common:ui8Status</name>
         <uninitialized>true</uninitialized>
         <run_address>0x2000179e</run_address>
         <size>0x1</size>
      </object_component>
      <object_component id="oc-bc">
         <name>.common:pData</name>
         <uninitialized>true</uninitialized>
         <run_address>0x2000178c</run_address>
         <size>0x4</size>
      </object_component>
      <object_component id="oc-bd">
         <name>.common:ui8DummyRead</name>
         <uninitialized>true</uninitialized>
         <run_address>0x2000179d</run_address>
         <size>0x1</size>
      </object_component>
      <object_component id="oc-c1">
         <name>.common:g_ui32ByteCount</name>
         <uninitialized>true</uninitialized>
         <run_address>0x20001780</run_address>
         <size>0x4</size>
      </object_component>
      <object_component id="oc-1ed">
         <name>.common:accel_off_x</name>
         <uninitialized>true</uninitialized>
         <run_address>0x2000179a</run_address>
         <size>0x1</size>
      </object_component>
      <object_component id="oc-1eb">
         <name>.common:accel_off_y</name>
         <uninitialized>true</uninitialized>
         <run_address>0x2000179b</run_address>
         <size>0x1</size>
      </object_component>
      <object_component id="oc-1ec">
         <name>.common:accel_off_z</name>
         <uninitialized>true</uninitialized>
         <run_address>0x2000179c</run_address>
         <size>0x1</size>
      </object_component>
      <object_component id="oc-1ee">
         <name>.common:gyro_off_x</name>
         <uninitialized>true</uninitialized>
         <run_address>0x20001794</run_address>
         <size>0x2</size>
      </object_component>
      <object_component id="oc-1ef">
         <name>.common:gyro_off_y</name>
         <uninitialized>true</uninitialized>
         <run_address>0x20001796</run_address>
         <size>0x2</size>
      </object_component>
      <object_component id="oc-1f0">
         <name>.common:gyro_off_z</name>
         <uninitialized>true</uninitialized>
         <run_address>0x20001798</run_address>
         <size>0x2</size>
      </object_component>
      <object_component id="oc-554">
         <name>.common:i_axle</name>
         <uninitialized>true</uninitialized>
         <run_address>0x20001784</run_address>
         <size>0x4</size>
      </object_component>
      <object_component id="oc-555">
         <name>.common:j_axle</name>
         <uninitialized>true</uninitialized>
         <run_address>0x20001788</run_address>
         <size>0x4</size>
      </object_component>
      <object_component id="oc-54b">
         <name>.common:PersonX</name>
         <uninitialized>true</uninitialized>
         <run_address>0x20001778</run_address>
         <size>0x4</size>
      </object_component>
      <object_component id="oc-54c">
         <name>.common:PersonY</name>
         <uninitialized>true</uninitialized>
         <run_address>0x2000177c</run_address>
         <size>0x4</size>
      </object_component>
      <object_component id="oc-1e8">
         <name>.common:returnRslt</name>
         <uninitialized>true</uninitialized>
         <run_address>0x20001790</run_address>
         <size>0x4</size>
      </object_component>
      <object_component id="oc-29">
         <name>.stack</name>
         <uninitialized>true</uninitialized>
         <run_address>0x2000fe00</run_address>
         <size>0x4</size>
         <input_file_ref idref="fl-d8"/>
      </object_component>
      <object_component id="oc-637">
         <name>.stack</name>
         <uninitialized>true</uninitialized>
         <run_address>0x2000fe00</run_address>
         <size>0x0</size>
      </object_component>
      <object_component id="oc-152">
         <name>.debug_info</name>
         <load_address>0x0</load_address>
         <run_address>0x0</run_address>
         <size>0x679</size>
         <input_file_ref idref="fl-2"/>
      </object_component>
      <object_component id="oc-18b">
         <name>.debug_info</name>
         <load_address>0x679</load_address>
         <run_address>0x679</run_address>
         <size>0xe2</size>
         <input_file_ref idref="fl-2"/>
      </object_component>
      <object_component id="oc-52a">
         <name>.debug_info</name>
         <load_address>0x75b</load_address>
         <run_address>0x75b</run_address>
         <size>0xdb</size>
         <input_file_ref idref="fl-2"/>
      </object_component>
      <object_component id="oc-5ec">
         <name>.debug_info</name>
         <load_address>0x836</load_address>
         <run_address>0x836</run_address>
         <size>0xd9</size>
         <input_file_ref idref="fl-2"/>
      </object_component>
      <object_component id="oc-5ef">
         <name>.debug_info</name>
         <load_address>0x90f</load_address>
         <run_address>0x90f</run_address>
         <size>0xdb</size>
         <input_file_ref idref="fl-2"/>
      </object_component>
      <object_component id="oc-1ff">
         <name>.debug_info</name>
         <load_address>0x9ea</load_address>
         <run_address>0x9ea</run_address>
         <size>0x143</size>
         <input_file_ref idref="fl-2"/>
      </object_component>
      <object_component id="oc-1f3">
         <name>.debug_info</name>
         <load_address>0xb2d</load_address>
         <run_address>0xb2d</run_address>
         <size>0x132</size>
         <input_file_ref idref="fl-2"/>
      </object_component>
      <object_component id="oc-166">
         <name>.debug_info</name>
         <load_address>0xc5f</load_address>
         <run_address>0xc5f</run_address>
         <size>0x7dc</size>
         <input_file_ref idref="fl-2"/>
      </object_component>
      <object_component id="oc-20b">
         <name>.debug_info</name>
         <load_address>0x143b</load_address>
         <run_address>0x143b</run_address>
         <size>0x211</size>
         <input_file_ref idref="fl-2"/>
      </object_component>
      <object_component id="oc-211">
         <name>.debug_info</name>
         <load_address>0x164c</load_address>
         <run_address>0x164c</run_address>
         <size>0x20e</size>
         <input_file_ref idref="fl-2"/>
      </object_component>
      <object_component id="oc-233">
         <name>.debug_info</name>
         <load_address>0x185a</load_address>
         <run_address>0x185a</run_address>
         <size>0x2d1</size>
         <input_file_ref idref="fl-2"/>
      </object_component>
      <object_component id="oc-22d">
         <name>.debug_info</name>
         <load_address>0x1b2b</load_address>
         <run_address>0x1b2b</run_address>
         <size>0x26e</size>
         <input_file_ref idref="fl-2"/>
      </object_component>
      <object_component id="oc-217">
         <name>.debug_info</name>
         <load_address>0x1d99</load_address>
         <run_address>0x1d99</run_address>
         <size>0x180</size>
         <input_file_ref idref="fl-2"/>
      </object_component>
      <object_component id="oc-173">
         <name>.debug_info</name>
         <load_address>0x1f19</load_address>
         <run_address>0x1f19</run_address>
         <size>0x11e</size>
         <input_file_ref idref="fl-2"/>
      </object_component>
      <object_component id="oc-5c1">
         <name>.debug_info</name>
         <load_address>0x2037</load_address>
         <run_address>0x2037</run_address>
         <size>0x294</size>
         <input_file_ref idref="fl-2"/>
      </object_component>
      <object_component id="oc-5f4">
         <name>.debug_info</name>
         <load_address>0x22cb</load_address>
         <run_address>0x22cb</run_address>
         <size>0x19e</size>
         <input_file_ref idref="fl-2"/>
      </object_component>
      <object_component id="oc-17f">
         <name>.debug_info</name>
         <load_address>0x2469</load_address>
         <run_address>0x2469</run_address>
         <size>0x1d3</size>
         <input_file_ref idref="fl-2"/>
      </object_component>
      <object_component id="oc-3bd">
         <name>.debug_info</name>
         <load_address>0x263c</load_address>
         <run_address>0x263c</run_address>
         <size>0x20e</size>
         <input_file_ref idref="fl-2"/>
      </object_component>
      <object_component id="oc-5b4">
         <name>.debug_info</name>
         <load_address>0x284a</load_address>
         <run_address>0x284a</run_address>
         <size>0x248</size>
         <input_file_ref idref="fl-2"/>
      </object_component>
      <object_component id="oc-23a">
         <name>.debug_info</name>
         <load_address>0x2a92</load_address>
         <run_address>0x2a92</run_address>
         <size>0x1cc</size>
         <input_file_ref idref="fl-2"/>
      </object_component>
      <object_component id="oc-ca">
         <name>.debug_info</name>
         <load_address>0x2c5e</load_address>
         <run_address>0x2c5e</run_address>
         <size>0x26b</size>
         <input_file_ref idref="fl-2"/>
      </object_component>
      <object_component id="oc-141">
         <name>.debug_info</name>
         <load_address>0x2ec9</load_address>
         <run_address>0x2ec9</run_address>
         <size>0x1028</size>
         <input_file_ref idref="fl-2"/>
      </object_component>
      <object_component id="oc-13c">
         <name>.debug_info</name>
         <load_address>0x3ef1</load_address>
         <run_address>0x3ef1</run_address>
         <size>0x37e2</size>
         <input_file_ref idref="fl-2"/>
      </object_component>
      <object_component id="oc-137">
         <name>.debug_info</name>
         <load_address>0x76d3</load_address>
         <run_address>0x76d3</run_address>
         <size>0x9a</size>
         <input_file_ref idref="fl-2"/>
      </object_component>
      <object_component id="oc-32">
         <name>.debug_info</name>
         <load_address>0x776d</load_address>
         <run_address>0x776d</run_address>
         <size>0x84</size>
         <input_file_ref idref="fl-2"/>
      </object_component>
      <object_component id="oc-14d">
         <name>.debug_info</name>
         <load_address>0x77f1</load_address>
         <run_address>0x77f1</run_address>
         <size>0x2a4</size>
         <input_file_ref idref="fl-2"/>
      </object_component>
      <object_component id="oc-c3">
         <name>.debug_info</name>
         <load_address>0x7a95</load_address>
         <run_address>0x7a95</run_address>
         <size>0xef</size>
         <input_file_ref idref="fl-2"/>
      </object_component>
      <object_component id="oc-146">
         <name>.debug_info</name>
         <load_address>0x7b84</load_address>
         <run_address>0x7b84</run_address>
         <size>0xbb</size>
         <input_file_ref idref="fl-2"/>
      </object_component>
      <object_component id="oc-40d">
         <name>.debug_info</name>
         <load_address>0x7c3f</load_address>
         <run_address>0x7c3f</run_address>
         <size>0x102</size>
         <input_file_ref idref="fl-2"/>
      </object_component>
      <object_component id="oc-37f">
         <name>.debug_info</name>
         <load_address>0x7d41</load_address>
         <run_address>0x7d41</run_address>
         <size>0x4ab</size>
         <input_file_ref idref="fl-3"/>
      </object_component>
      <object_component id="oc-37c">
         <name>.debug_info</name>
         <load_address>0x81ec</load_address>
         <run_address>0x81ec</run_address>
         <size>0xd4</size>
         <input_file_ref idref="fl-3"/>
      </object_component>
      <object_component id="oc-59f">
         <name>.debug_info</name>
         <load_address>0x82c0</load_address>
         <run_address>0x82c0</run_address>
         <size>0xd4</size>
         <input_file_ref idref="fl-3"/>
      </object_component>
      <object_component id="oc-4cb">
         <name>.debug_info</name>
         <load_address>0x8394</load_address>
         <run_address>0x8394</run_address>
         <size>0x134</size>
         <input_file_ref idref="fl-3"/>
      </object_component>
      <object_component id="oc-501">
         <name>.debug_info</name>
         <load_address>0x84c8</load_address>
         <run_address>0x84c8</run_address>
         <size>0xe1</size>
         <input_file_ref idref="fl-3"/>
      </object_component>
      <object_component id="oc-29a">
         <name>.debug_info</name>
         <load_address>0x85a9</load_address>
         <run_address>0x85a9</run_address>
         <size>0x1b0</size>
         <input_file_ref idref="fl-3"/>
      </object_component>
      <object_component id="oc-44f">
         <name>.debug_info</name>
         <load_address>0x8759</load_address>
         <run_address>0x8759</run_address>
         <size>0x1d9</size>
         <input_file_ref idref="fl-3"/>
      </object_component>
      <object_component id="oc-596">
         <name>.debug_info</name>
         <load_address>0x8932</load_address>
         <run_address>0x8932</run_address>
         <size>0x1d7</size>
         <input_file_ref idref="fl-3"/>
      </object_component>
      <object_component id="oc-46b">
         <name>.debug_info</name>
         <load_address>0x8b09</load_address>
         <run_address>0x8b09</run_address>
         <size>0x1e6</size>
         <input_file_ref idref="fl-3"/>
      </object_component>
      <object_component id="oc-510">
         <name>.debug_info</name>
         <load_address>0x8cef</load_address>
         <run_address>0x8cef</run_address>
         <size>0x18b</size>
         <input_file_ref idref="fl-3"/>
      </object_component>
      <object_component id="oc-31b">
         <name>.debug_info</name>
         <load_address>0x8e7a</load_address>
         <run_address>0x8e7a</run_address>
         <size>0x18f</size>
         <input_file_ref idref="fl-3"/>
      </object_component>
      <object_component id="oc-321">
         <name>.debug_info</name>
         <load_address>0x9009</load_address>
         <run_address>0x9009</run_address>
         <size>0x197</size>
         <input_file_ref idref="fl-3"/>
      </object_component>
      <object_component id="oc-364">
         <name>.debug_info</name>
         <load_address>0x91a0</load_address>
         <run_address>0x91a0</run_address>
         <size>0x19e</size>
         <input_file_ref idref="fl-3"/>
      </object_component>
      <object_component id="oc-4e9">
         <name>.debug_info</name>
         <load_address>0x933e</load_address>
         <run_address>0x933e</run_address>
         <size>0x186</size>
         <input_file_ref idref="fl-3"/>
      </object_component>
      <object_component id="oc-2d9">
         <name>.debug_info</name>
         <load_address>0x94c4</load_address>
         <run_address>0x94c4</run_address>
         <size>0x1e7</size>
         <input_file_ref idref="fl-3"/>
      </object_component>
      <object_component id="oc-2c7">
         <name>.debug_info</name>
         <load_address>0x96ab</load_address>
         <run_address>0x96ab</run_address>
         <size>0x193</size>
         <input_file_ref idref="fl-3"/>
      </object_component>
      <object_component id="oc-2d3">
         <name>.debug_info</name>
         <load_address>0x983e</load_address>
         <run_address>0x983e</run_address>
         <size>0x1e5</size>
         <input_file_ref idref="fl-3"/>
      </object_component>
      <object_component id="oc-2cd">
         <name>.debug_info</name>
         <load_address>0x9a23</load_address>
         <run_address>0x9a23</run_address>
         <size>0x191</size>
         <input_file_ref idref="fl-3"/>
      </object_component>
      <object_component id="oc-4bf">
         <name>.debug_info</name>
         <load_address>0x9bb4</load_address>
         <run_address>0x9bb4</run_address>
         <size>0x1e3</size>
         <input_file_ref idref="fl-3"/>
      </object_component>
      <object_component id="oc-30f">
         <name>.debug_info</name>
         <load_address>0x9d97</load_address>
         <run_address>0x9d97</run_address>
         <size>0x182</size>
         <input_file_ref idref="fl-3"/>
      </object_component>
      <object_component id="oc-303">
         <name>.debug_info</name>
         <load_address>0x9f19</load_address>
         <run_address>0x9f19</run_address>
         <size>0x1e1</size>
         <input_file_ref idref="fl-3"/>
      </object_component>
      <object_component id="oc-2fd">
         <name>.debug_info</name>
         <load_address>0xa0fa</load_address>
         <run_address>0xa0fa</run_address>
         <size>0x1db</size>
         <input_file_ref idref="fl-3"/>
      </object_component>
      <object_component id="oc-2e5">
         <name>.debug_info</name>
         <load_address>0xa2d5</load_address>
         <run_address>0xa2d5</run_address>
         <size>0x1cb</size>
         <input_file_ref idref="fl-3"/>
      </object_component>
      <object_component id="oc-2eb">
         <name>.debug_info</name>
         <load_address>0xa4a0</load_address>
         <run_address>0xa4a0</run_address>
         <size>0x1b9</size>
         <input_file_ref idref="fl-3"/>
      </object_component>
      <object_component id="oc-2f1">
         <name>.debug_info</name>
         <load_address>0xa659</load_address>
         <run_address>0xa659</run_address>
         <size>0x1c5</size>
         <input_file_ref idref="fl-3"/>
      </object_component>
      <object_component id="oc-2f7">
         <name>.debug_info</name>
         <load_address>0xa81e</load_address>
         <run_address>0xa81e</run_address>
         <size>0x1bf</size>
         <input_file_ref idref="fl-3"/>
      </object_component>
      <object_component id="oc-495">
         <name>.debug_info</name>
         <load_address>0xa9dd</load_address>
         <run_address>0xa9dd</run_address>
         <size>0x1d5</size>
         <input_file_ref idref="fl-3"/>
      </object_component>
      <object_component id="oc-49b">
         <name>.debug_info</name>
         <load_address>0xabb2</load_address>
         <run_address>0xabb2</run_address>
         <size>0x1be</size>
         <input_file_ref idref="fl-3"/>
      </object_component>
      <object_component id="oc-45d">
         <name>.debug_info</name>
         <load_address>0xad70</load_address>
         <run_address>0xad70</run_address>
         <size>0x1c5</size>
         <input_file_ref idref="fl-3"/>
      </object_component>
      <object_component id="oc-4c5">
         <name>.debug_info</name>
         <load_address>0xaf35</load_address>
         <run_address>0xaf35</run_address>
         <size>0x1a6</size>
         <input_file_ref idref="fl-3"/>
      </object_component>
      <object_component id="oc-4ad">
         <name>.debug_info</name>
         <load_address>0xb0db</load_address>
         <run_address>0xb0db</run_address>
         <size>0x1ac</size>
         <input_file_ref idref="fl-3"/>
      </object_component>
      <object_component id="oc-4a7">
         <name>.debug_info</name>
         <load_address>0xb287</load_address>
         <run_address>0xb287</run_address>
         <size>0x1ac</size>
         <input_file_ref idref="fl-3"/>
      </object_component>
      <object_component id="oc-327">
         <name>.debug_info</name>
         <load_address>0xb433</load_address>
         <run_address>0xb433</run_address>
         <size>0x268</size>
         <input_file_ref idref="fl-3"/>
      </object_component>
      <object_component id="oc-32d">
         <name>.debug_info</name>
         <load_address>0xb69b</load_address>
         <run_address>0xb69b</run_address>
         <size>0x224</size>
         <input_file_ref idref="fl-3"/>
      </object_component>
      <object_component id="oc-4da">
         <name>.debug_info</name>
         <load_address>0xb8bf</load_address>
         <run_address>0xb8bf</run_address>
         <size>0x208</size>
         <input_file_ref idref="fl-3"/>
      </object_component>
      <object_component id="oc-4d4">
         <name>.debug_info</name>
         <load_address>0xbac7</load_address>
         <run_address>0xbac7</run_address>
         <size>0x21a</size>
         <input_file_ref idref="fl-3"/>
      </object_component>
      <object_component id="oc-309">
         <name>.debug_info</name>
         <load_address>0xbce1</load_address>
         <run_address>0xbce1</run_address>
         <size>0x214</size>
         <input_file_ref idref="fl-3"/>
      </object_component>
      <object_component id="oc-1dd">
         <name>.debug_info</name>
         <load_address>0xbef5</load_address>
[...]
         <value>0x2000179c</value>
      </symbol>
      <symbol id="sm-870">
         <name>gyro_off_x</name>
         <value>0x20001794</value>
      </symbol>
      <symbol id="sm-871">
         <name>gyro_off_y</name>
         <value>0x20001796</value>
      </symbol>
      <symbol id="sm-872">
         <name>gyro_off_z</name>
         <value>0x20001798</value>
      </symbol>
      <symbol id="sm-873">
         <name>i_axle</name>
         <value>0x20001784</value>
      </symbol>
      <symbol id="sm-874">
         <name>j_axle</name>
         <value>0x20001788</value>
      </symbol>
      <symbol id="sm-875">
         <name>PersonX</name>
         <value>0x20001778</value>
      </symbol>
      <symbol id="sm-876">
         <name>PersonY</name>
         <value>0x2000177c</value>
      </symbol>
      <symbol id="sm-877">
         <name>returnRslt</name>
         <value>0x20001790</value>
      </symbol>
      <symbol id="sm-878">
         <name>TimerInterval</name>
         <value>0x20000ccc</value>
         <object_component_ref idref="oc-24b"/>
      </symbol>
      <symbol id="sm-879">
         <name>gyroAvgY</name>
         <value>0x20000c9c</value>
         <object_component_ref idref="oc-24b"/>
      </symbol>
      <symbol id="sm-87a">
         <name>gyroAvgX</name>
         <value>0x20000c98</value>
         <object_component_ref idref="oc-24b"/>
      </symbol>
      <symbol id="sm-87b">
         <name>gyroAvgZ</name>
         <value>0x20000ca0</value>
         <object_component_ref idref="oc-24b"/>
      </symbol>
      <symbol id="sm-87c">
         <name>stillCount</name>
         <value>0x20000c94</value>
         <object_component_ref idref="oc-24b"/>
      </symbol>
      <symbol id="sm-87d">
         <name>ClsCell</name>
         <value>0x5455</value>
         <object_component_ref idref="oc-53f"/>
      </symbol>
      <symbol id="sm-87e">
         <name>play</name>
         <value>0x1e11</value>
         <object_component_ref idref="oc-3c4"/>
      </symbol>
      <symbol id="sm-87f">
         <name>ChooseMenu_master</name>
         <value>0x456d</value>
         <object_component_ref idref="oc-184"/>
      </symbol>
      <symbol id="sm-880">
         <name>ChooseMenu_gaming_lose</name>
         <value>0x4305</value>
         <object_component_ref idref="oc-3d0"/>
      </symbol>
      <symbol id="sm-881">
         <name>prevAccelY</name>
         <value>0x20000c8a</value>
         <object_component_ref idref="oc-24b"/>
      </symbol>
      <symbol id="sm-882">
         <name>prevAccelX</name>
         <value>0x20000c88</value>
         <object_component_ref idref="oc-24b"/>
      </symbol>
      <symbol id="sm-883">
         <name>prevAccelZ</name>
         <value>0x20000c8c</value>
         <object_component_ref idref="oc-24b"/>
      </symbol>
      <symbol id="sm-884">
         <name>stick_y</name>
         <value>0x20000cbc</value>
         <object_component_ref idref="oc-24b"/>
      </symbol>
      <symbol id="sm-885">
         <name>stick_x</name>
         <value>0x20000cb8</value>
         <object_component_ref idref="oc-24b"/>
      </symbol>
      <symbol id="sm-886">
         <name>all_init</name>
         <value>0x7e29</value>
         <object_component_ref idref="oc-df"/>
      </symbol>
      <symbol id="sm-887">
         <name>GameRecord</name>
         <value>0x20000cb4</value>
         <object_component_ref idref="oc-24b"/>
      </symbol>
      <symbol id="sm-888">
         <name>play1</name>
         <value>0x150d</value>
         <object_component_ref idref="oc-3ca"/>
      </symbol>
      <symbol id="sm-889">
         <name>ChooseMenu_gaming_win</name>
         <value>0x4439</value>
         <object_component_ref idref="oc-3d6"/>
      </symbol>
      <symbol id="sm-88a">
         <name>paint</name>
         <value>0x48d5</value>
         <object_component_ref idref="oc-533"/>
      </symbol>
      <symbol id="sm-88b">
         <name>GameMenu</name>
         <value>0x7c71</value>
         <object_component_ref idref="oc-e5"/>
      </symbol>
      <symbol id="sm-88c">
         <name>LoadGame</name>
         <value>0x20000cd4</value>
         <object_component_ref idref="oc-24b"/>
      </symbol>
      <symbol id="sm-88d">
         <name>Progress_Bar</name>
         <value>0x7359</value>
         <object_component_ref idref="oc-539"/>
      </symbol>
      <symbol id="sm-88e">
         <name>Guidance</name>
         <value>0x6cc5</value>
         <object_component_ref idref="oc-52d"/>
      </symbol>
      <symbol id="sm-88f">
         <name>main</name>
         <value>0x7e83</value>
         <object_component_ref idref="oc-9f"/>
      </symbol>
      <symbol id="sm-890">
         <name>accelAvgY</name>
         <value>0x20000ca8</value>
         <object_component_ref idref="oc-24b"/>
      </symbol>
      <symbol id="sm-891">
         <name>accelAvgX</name>
         <value>0x20000ca4</value>
         <object_component_ref idref="oc-24b"/>
      </symbol>
      <symbol id="sm-892">
         <name>accelAvgZ</name>
         <value>0x20000cac</value>
         <object_component_ref idref="oc-24b"/>
      </symbol>
      <symbol id="sm-893">
         <name>mymap</name>
         <value>0x20000bc0</value>
         <object_component_ref idref="oc-54d"/>
      </symbol>
      <symbol id="sm-894">
         <name>LevelSelection</name>
         <value>0x6d45</value>
         <object_component_ref idref="oc-245"/>
      </symbol>
      <symbol id="sm-895">
         <name>GameState</name>
         <value>0x20000cc8</value>
         <object_component_ref idref="oc-24b"/>
      </symbol>
      <symbol id="sm-896">
         <name>prevGyroZ</name>
         <value>0x20000c92</value>
         <object_component_ref idref="oc-24b"/>
      </symbol>
      <symbol id="sm-897">
         <name>prevGyroY</name>
         <value>0x20000c90</value>
         <object_component_ref idref="oc-24b"/>
      </symbol>
      <symbol id="sm-898">
         <name>prevGyroX</name>
         <value>0x20000c8e</value>
         <object_component_ref idref="oc-24b"/>
      </symbol>
      <symbol id="sm-899">
         <name>BMI_on</name>
         <value>0x20000cb0</value>
         <object_component_ref idref="oc-24b"/>
      </symbol>
      <symbol id="sm-89a">
         <name>PrfCell</name>
         <value>0x52a9</value>
         <object_component_ref idref="oc-545"/>
      </symbol>
      <symbol id="sm-89b">
         <name>bmi_init</name>
         <value>0x773d</value>
         <object_component_ref idref="oc-15f"/>
      </symbol>
      <symbol id="sm-89c">
         <name>NewGame</name>
         <value>0x20000cd0</value>
         <object_component_ref idref="oc-24b"/>
      </symbol>
      <symbol id="sm-89d">
         <name>BarY</name>
         <value>0x20000cc4</value>
         <object_component_ref idref="oc-24b"/>
      </symbol>
      <symbol id="sm-89e">
         <name>BarX</name>
         <value>0x20000cc0</value>
         <object_component_ref idref="oc-24b"/>
      </symbol>
      <symbol id="sm-8b1">
         <name>SystemInit</name>
         <value>0x6eb9</value>
         <object_component_ref idref="oc-b1"/>
      </symbol>
      <symbol id="sm-8f2">
         <name>uartConfig</name>
         <value>0xbfc8</value>
         <object_component_ref idref="oc-1bc"/>
      </symbol>
      <symbol id="sm-8f3">
         <name>adcInit</name>
         <value>0x49f1</value>
         <object_component_ref idref="oc-16b"/>
      </symbol>
      <symbol id="sm-8f4">
         <name>delay</name>
         <value>0x7935</value>
         <object_component_ref idref="oc-178"/>
      </symbol>
      <symbol id="sm-8f5">
         <name>uartInit</name>
         <value>0x6925</value>
         <object_component_ref idref="oc-153"/>
      </symbol>
      <symbol id="sm-911">
         <name>Reset_Handler</name>
         <value>0x7e5f</value>
         <object_component_ref idref="oc-67"/>
      </symbol>
      <symbol id="sm-912">
         <name>Default_Handler</name>
         <value>0x39a7</value>
         <object_component_ref idref="oc-6d"/>
      </symbol>
      <symbol id="sm-913">
         <name>interruptVectors</name>
         <value>0x0</value>
         <object_component_ref idref="oc-26"/>
      </symbol>
      <symbol id="sm-9ae">
         <name>ADC14_configureMultiSequenceMode</name>
         <value>0x5bdd</value>
         <object_component_ref idref="oc-21d"/>
      </symbol>
      <symbol id="sm-9af">
         <name>ADC14_configureConversionMemory</name>
         <value>0x5b29</value>
         <object_component_ref idref="oc-223"/>
      </symbol>
      <symbol id="sm-9b0">
         <name>ADC14_getResult</name>
         <value>0x7cf5</value>
         <object_component_ref idref="oc-23f"/>
      </symbol>
      <symbol id="sm-a4d">
         <name>CS_getMCLK</name>
         <value>0x7d1d</value>
         <object_component_ref idref="oc-5e0"/>
      </symbol>
      <symbol id="sm-a4e">
         <name>CS_clearInterruptFlag</name>
         <value>0x7c11</value>
         <object_component_ref idref="oc-422"/>
      </symbol>
      <symbol id="sm-a4f">
         <name>CS_getDCOFrequency</name>
         <value>0x4c09</value>
         <object_component_ref idref="oc-428"/>
      </symbol>
      <symbol id="sm-a50">
         <name>CS_getSMCLK</name>
         <value>0x7d45</value>
         <object_component_ref idref="oc-1c0"/>
      </symbol>
      <symbol id="sm-a51">
         <name>CS_setDCOCenteredFrequency</name>
         <value>0x7b75</value>
         <object_component_ref idref="oc-1b0"/>
      </symbol>
      <symbol id="sm-a80">
         <name>GPIO_setOutputHighOnPin</name>
         <value>0x7d6d</value>
         <object_component_ref idref="oc-204"/>
      </symbol>
      <symbol id="sm-a81">
         <name>GPIO_setOutputLowOnPin</name>
         <value>0x7d95</value>
         <object_component_ref idref="oc-1f8"/>
      </symbol>
      <symbol id="sm-a82">
         <name>GPIO_setAsPeripheralModuleFunctionOutputPin</name>
         <value>0x69b5</value>
         <object_component_ref idref="oc-1c6"/>
      </symbol>
      <symbol id="sm-a91">
         <name>I2C_masterSendMultiByteStart</name>
         <value>0x7109</value>
         <object_component_ref idref="oc-5d7"/>
      </symbol>
      <symbol id="sm-aa8">
         <name>SysCtl_A_getTLVInfo</name>
         <value>0x5e6d</value>
         <object_component_ref idref="oc-55b"/>
      </symbol>
      <symbol id="sm-ad8">
         <name>UART_transmitData</name>
         <value>0x7ba9</value>
         <object_component_ref idref="oc-5ba"/>
      </symbol>
      <symbol id="sm-ad9">
         <name>UART_initModule</name>
         <value>0x47b9</value>
         <object_component_ref idref="oc-1b6"/>
      </symbol>
      <symbol id="sm-af6">
         <name>memcpy</name>
         <value>0x5d39</value>
         <object_component_ref idref="oc-37"/>
      </symbol>
      <symbol id="sm-af7">
         <name>__aeabi_memcpy</name>
         <value>0x5d39</value>
         <object_component_ref idref="oc-37"/>
      </symbol>
      <symbol id="sm-af8">
         <name>__aeabi_memcpy8</name>
         <value>0x5d39</value>
         <object_component_ref idref="oc-37"/>
      </symbol>
      <symbol id="sm-af9">
         <name>__aeabi_memcpy4</name>
         <value>0x5d39</value>
         <object_component_ref idref="oc-37"/>
      </symbol>
      <symbol id="sm-b08">
         <name>__aeabi_memset</name>
         <value>0x6e3f</value>
         <object_component_ref idref="oc-93"/>
      </symbol>
      <symbol id="sm-b09">
         <name>memset</name>
         <value>0x6e45</value>
         <object_component_ref idref="oc-93"/>
      </symbol>
      <symbol id="sm-b0a">
         <name>__aeabi_memset8</name>
         <value>0x6e3f</value>
         <object_component_ref idref="oc-93"/>
      </symbol>
      <symbol id="sm-b0b">
         <name>__aeabi_memset4</name>
         <value>0x6e3f</value>
         <object_component_ref idref="oc-93"/>
      </symbol>
      <symbol id="sm-b0c">
         <name>__aeabi_memclr8</name>
         <value>0x6e3d</value>
         <object_component_ref idref="oc-93"/>
      </symbol>
      <symbol id="sm-b0d">
         <name>__aeabi_memclr4</name>
         <value>0x6e3d</value>
         <object_component_ref idref="oc-93"/>
      </symbol>
      <symbol id="sm-b0e">
         <name>__aeabi_memclr</name>
         <value>0x6e3d</value>
         <object_component_ref idref="oc-93"/>
      </symbol>
      <symbol id="sm-b25">
         <name>__TI_zero_init</name>
         <value>0x7e77</value>
         <object_component_ref idref="oc-49"/>
      </symbol>
      <symbol id="sm-b3c">
         <name>__TI_decompress_none</name>
         <value>0x7e51</value>
         <object_component_ref idref="oc-1d"/>
      </symbol>
      <symbol id="sm-b5f">
         <name>__TI_decompress_lzss</name>
         <value>0x7171</value>
         <object_component_ref idref="oc-17"/>
      </symbol>
      <symbol id="sm-b72">
         <name>__stack</name>
         <value>0x2000fe00</value>
         <object_component_ref idref="oc-29"/>
      </symbol>
      <symbol id="sm-b73">
         <name>_c_int00_noargs</name>
         <value>0x7bdd</value>
         <object_component_ref idref="oc-55"/>
      </symbol>
      <symbol id="sm-ba6">
         <name>__TI_auto_init_nobinit_nopinit</name>
         <value>0x78f1</value>
         <object_component_ref idref="oc-fd"/>
      </symbol>
      <symbol id="sm-bb0">
         <name>_system_pre_init</name>
         <value>0x7e9f</value>
         <object_component_ref idref="oc-99"/>
      </symbol>
      <symbol id="sm-bbc">
         <name>C$$EXIT</name>
         <value>0x7ea3</value>
         <object_component_ref idref="oc-f1"/>
      </symbol>
      <symbol id="sm-bbd">
         <name>abort</name>
         <value>0x7ea3</value>
         <object_component_ref idref="oc-f1"/>
      </symbol>
      <symbol id="sm-bc9">
         <name>__TI_static_base__</name>
         <value>0x0</value>
      </symbol>
      <symbol id="sm-bcc">
         <name>__mpu_init</name>
         <value>0x0</value>
      </symbol>
      <symbol id="sm-bcd">
         <name>_system_post_cinit</name>
         <value>0x0</value>
      </symbol>
      <symbol id="sm-bce">
         <name>NMI_Handler</name>
         <value>0x39a7</value>
      </symbol>
      <symbol id="sm-bcf">
         <name>HardFault_Handler</name>
         <value>0x39a7</value>
      </symbol>
      <symbol id="sm-bd0">
         <name>MemManage_Handler</name>
         <value>0x39a7</value>
      </symbol>
      <symbol id="sm-bd1">
         <name>BusFault_Handler</name>
         <value>0x39a7</value>
      </symbol>
      <symbol id="sm-bd2">
         <name>UsageFault_Handler</name>
         <value>0x39a7</value>
      </symbol>
      <symbol id="sm-bd3">
         <name>SVC_Handler</name>
         <value>0x39a7</value>
      </symbol>
      <symbol id="sm-bd4">
         <name>DebugMon_Handler</name>
         <value>0x39a7</value>
      </symbol>
      <symbol id="sm-bd5">
         <name>PendSV_Handler</name>
         <value>0x39a7</value>
      </symbol>
      <symbol id="sm-bd6">
         <name>SysTick_Handler</name>
         <value>0x39a7</value>
      </symbol>
      <symbol id="sm-bd7">
         <name>PSS_IRQHandler</name>
         <value>0x39a7</value>
      </symbol>
      <symbol id="sm-bd8">
         <name>CS_IRQHandler</name>
         <value>0x39a7</value>
      </symbol>
      <symbol id="sm-bd9">
         <name>PCM_IRQHandler</name>
         <value>0x39a7</value>
      </symbol>
      <symbol id="sm-bda">
         <name>WDT_A_IRQHandler</name>
         <value>0x39a7</value>
      </symbol>
      <symbol id="sm-bdb">
         <name>FPU_IRQHandler</name>
         <value>0x39a7</value>
      </symbol>
      <symbol id="sm-bdc">
         <name>FLCTL_IRQHandler</name>
         <value>0x39a7</value>
      </symbol>
      <symbol id="sm-bdd">
         <name>COMP_E0_IRQHandler</name>
         <value>0x39a7</value>
      </symbol>
      <symbol id="sm-bde">
         <name>COMP_E1_IRQHandler</name>
         <value>0x39a7</value>
      </symbol>
      <symbol id="sm-bdf">
         <name>TA0_0_IRQHandler</name>
         <value>0x39a7</value>
      </symbol>
      <symbol id="sm-be0">
         <name>TA0_N_IRQHandler</name>
         <value>0x39a7</value>
      </symbol>
      <symbol id="sm-be1">
         <name>TA1_0_IRQHandler</name>
         <value>0x39a7</value>
      </symbol>
      <symbol id="sm-be2">
         <name>TA1_N_IRQHandler</name>
         <value>0x39a7</value>
      </symbol>
      <symbol id="sm-be3">
         <name>TA2_0_IRQHandler</name>
         <value>0x39a7</value>
      </symbol>
      <symbol id="sm-be4">
         <name>TA2_N_IRQHandler</name>
         <value>0x39a7</value>
      </symbol>
      <symbol id="sm-be5">
         <name>TA3_0_IRQHandler</name>
         <value>0x39a7</value>
      </symbol>
      <symbol id="sm-be6">
         <name>TA3_N_IRQHandler</name>
         <value>0x39a7</value>
      </symbol>
      <symbol id="sm-be7">
         <name>EUSCIA0_IRQHandler</name>
         <value>0x39a7</value>
      </symbol>
      <symbol id="sm-be8">
         <name>EUSCIA1_IRQHandler</name>
         <value>0x39a7</value>
      </symbol>
      <symbol id="sm-be9">
         <name>EUSCIA2_IRQHandler</name>
         <value>0x39a7</value>
      </symbol>
      <symbol id="sm-bea">
         <name>EUSCIA3_IRQHandler</name>
         <value>0x39a7</value>
      </symbol>
      <symbol id="sm-beb">
         <name>EUSCIB0_IRQHandler</name>
         <value>0x39a7</value>
      </symbol>
      <symbol id="sm-bec">
         <name>EUSCIB1_IRQHandler</name>
         <value>0x4fe9</value>
      </symbol>
      <symbol id="sm-bed">
         <name>EUSCIB2_IRQHandler</name>
         <value>0x39a7</value>
      </symbol>
      <symbol id="sm-bee">
         <name>EUSCIB3_IRQHandler</name>
         <value>0x39a7</value>
      </symbol>
      <symbol id="sm-bef">
         <name>ADC14_IRQHandler</name>
         <value>0x39a7</value>
      </symbol>
      <symbol id="sm-bf0">
         <name>T32_INT1_IRQHandler</name>
         <value>0x39a7</value>
      </symbol>
      <symbol id="sm-bf1">
         <name>T32_INT2_IRQHandler</name>
         <value>0x39a7</value>
      </symbol>
      <symbol id="sm-bf2">
         <name>T32_INTC_IRQHandler</name>
         <value>0x39a7</value>
      </symbol>
      <symbol id="sm-bf3">
         <name>AES256_IRQHandler</name>
         <value>0x39a7</value>
      </symbol>
      <symbol id="sm-bf4">
         <name>RTC_C_IRQHandler</name>
         <value>0x39a7</value>
      </symbol>
      <symbol id="sm-bf5">
         <name>DMA_ERR_IRQHandler</name>
         <value>0x39a7</value>
      </symbol>
      <symbol id="sm-bf6">
         <name>DMA_INT3_IRQHandler</name>
         <value>0x39a7</value>
      </symbol>
      <symbol id="sm-bf7">
         <name>DMA_INT2_IRQHandler</name>
         <value>0x39a7</value>
      </symbol>
      <symbol id="sm-bf8">
         <name>DMA_INT1_IRQHandler</name>
         <value>0x39a7</value>
      </symbol>
      <symbol id="sm-bf9">
         <name>DMA_INT0_IRQHandler</name>
         <value>0x39a7</value>
      </symbol>
      <symbol id="sm-bfa">
         <name>PORT1_IRQHandler</name>
         <value>0x39a7</value>
      </symbol>
      <symbol id="sm-bfb">
         <name>PORT2_IRQHandler</name>
         <value>0x39a7</value>
      </symbol>
      <symbol id="sm-bfc">
         <name>PORT3_IRQHandler</name>
         <value>0x39a7</value>
      </symbol>
      <symbol id="sm-bfd">
         <name>PORT4_IRQHandler</name>
         <value>0x39a7</value>
      </symbol>
      <symbol id="sm-bfe">
         <name>PORT5_IRQHandler</name>
         <value>0x39a7</value>
      </symbol>
      <symbol id="sm-bff">
         <name>PORT6_IRQHandler</name>
         <value>0x39a7</value>
      </symbol>
   </symbol_table>
   <title>Link successful</title>
</link_info>
