******************************************************************************
                  TI ARM Linker PC v20.2.5                     
******************************************************************************
>> Linked Fri May 27 21:40:31 2022

OUTPUT FILE NAME:   <A_main_msp432.out>
ENTRY POINT SYMBOL: "_c_int00_noargs"  address: 00007b7d


MEMORY CONFIGURATION

         name            origin    length      used     unused   attr    fill
----------------------  --------  ---------  --------  --------  ----  --------
  MAIN                  00000000   00040000  00008342  00037cbe  R  X
  INFO                  00200000   00004000  00000000  00004000  R  X
  SRAM_CODE             01000000   00010000  00001588  0000ea78  RW X
  SRAM_DATA             20000000   00010000  00001588  0000ea78  RW  


SEGMENT ALLOCATION MAP

run origin  load origin   length   init length attrs members
----------  ----------- ---------- ----------- ----- -------
00000000    00000000    00008348   00008348    r-x
  00000000    00000000    000000e4   000000e4    r-- .intvecs
  000000e4    000000e4    00007de2   00007de2    r-x .text
  00007ec8    00007ec8    000001dc   000001dc    r-- .const
  000080a8    000080a8    000002a0   000002a0    r-- .cinit
20000000    20000000    00001388   00000000    rw-
  20000000    20000000    00000ab4   00000000    rw- .bss
  20000ab4    20000ab4    000008d4   00000000    rw- .data
2000fe00    2000fe00    00000200   00000000    rw-
  2000fe00    2000fe00    00000200   00000000    rw- .stack


SECTION ALLOCATION MAP

 output                                  attributes/
section   page    origin      length       input sections
--------  ----  ----------  ----------   ----------------
.intvecs   0    00000000    000000e4     
                  00000000    000000e4     startup_msp432p401r_ccs.obj (.intvecs:retain)

.text      0    000000e4    00007de2     
                  000000e4    00000a58     bmi160_support.obj (.text:bmi160_config_running_mode)
                  00000b3c    00000a4e     rtsv7M4_T_le_v4SPD16_eabi.lib : _printfi.c.obj (.text:__TI_printfi)
                  0000158a    00000002     startup_msp432p401r_ccs.obj (.text:Default_Handler)
                  0000158c    000009d0     bmi160.obj (.text:bmi160_read_fifo_header_data)
                  00001f5c    000004ac     bmi160.obj (.text:bmi160_read_bmm150_mag_trim)
                  00002408    00000358     bmi160.obj (.text:bmi160_set_bmm150_mag_presetmode)
                  00002760    000002d8     bmi160.obj (.text:bmi160_set_intr_enable_0)
                  00002a38    0000029c     bmi160.obj (.text:bmi160_bmm150_mag_interface_init)
                  00002cd4    00000270     rtsv7M4_T_le_v4SPD16_eabi.lib : _printfi.c.obj (.text:_pconv_a)
                  00002f44    00000250     bmi160.obj (.text:bmi160_accel_foc_trigger_xyz)
                  00003194    000001da     LQ12864.obj (.text:LCD_init)
                  0000336e    00000002     rtsv7M4_T_le_v4SPD16_eabi.lib : div0.asm.obj (.text)
                  00003370    000001d0                                   : _printfi.c.obj (.text:_pconv_g)
                  00003540    000001b6                                   : fd_add_t2.asm.obj (.text)
                  000036f6    00000002     --HOLE-- [fill = 0]
                  000036f8    0000018c     bmi160.obj (.text:bmi160_set_foc_gyro_enable)
                  00003884    00000160     msp432p4xx_driverlib.lib : adc14.o (.text:_getIndexForMemRegister)
                  000039e4    00000160     bmi160.obj (.text:bmi160_bmm150_mag_set_power_mode)
                  00003b44    00000158     bmi160.obj (.text:bmi160_set_intr_enable_2)
                  00003c9c    0000013c     rtsv7M4_T_le_v4SPD16_eabi.lib : _printfi.c.obj (.text:_pconv_e)
                  00003dd8    0000013c     i2c_driver.obj (.text:readBurstI2C)
                  00003f14    00000138     i2c_driver.obj (.text:readI2C)
                  0000404c    00000136     rtsv7M4_T_le_v4SPD16_eabi.lib : fd_div_t2.asm.obj (.text)
                  00004182    00000002     --HOLE-- [fill = 0]
                  00004184    00000124     bmi160.obj (.text:bmi160_set_bmm150_mag_and_secondary_if_power_mode)
                  000042a8    00000124     rtsv7M4_T_le_v4SPD16_eabi.lib : _printfi.c.obj (.text:fcvt)
                  000043cc    0000011c     msp432p4xx_driverlib.lib : uart.o (.text:UART_initModule)
                  000044e8    00000110     main.obj (.text:display_test)
                  000045f8    00000110     rtsv7M4_T_le_v4SPD16_eabi.lib : s_scalbn.c.obj (.text:scalbn)
                  00004708    00000104     msp432p4xx_driverlib.lib : cs.o (.text:_CSComputeCLKFrequency)
                  0000480c    000000fc     rtsv7M4_T_le_v4SPD16_eabi.lib : fd_mul_t2.asm.obj (.text)
                  00004908    000000f8     msp432p4xx_driverlib.lib : cs.o (.text:CS_getDCOFrequency)
                  00004a00    000000f8     bmi160.obj (.text:bmi160_set_intr_fifo_wm)
                  00004af8    000000f8     bmi160.obj (.text:bmi160_set_intr_level)
                  00004bf0    000000f8     bmi160.obj (.text:bmi160_set_output_enable)
                  00004ce8    000000ec     i2c_driver.obj (.text:EUSCIB1_IRQHandler)
                  00004dd4    000000ea     LQ12864.obj (.text:LCD_write_para16)
                  00004ebe    00000002     --HOLE-- [fill = 0]
                  00004ec0    000000e8     i2c_driver.obj (.text:writeI2C)
                  00004fa8    000000d4     bmi160.obj (.text:bmi160_bmm150_mag_wakeup)
                  0000507c    000000d0     bmi160.obj (.text:bmi160_set_gyro_output_data_rate)
                  0000514c    000000c8     main.obj (.text:main)
                  00005214    000000c4     bmi160.obj (.text:bmi160_bmm150_mag_compensate_X)
                  000052d8    000000c4     bmi160.obj (.text:bmi160_bmm150_mag_compensate_Y)
                  0000539c    000000c0     bmi160.obj (.text:bmi160_read_mag_xyzr)
                  0000545c    000000bc     LQ12864.obj (.text:LCD_P6X8)
                  00005518    000000bc     bmi160.obj (.text:bmi160_get_gyro_offset_compensation_yaxis)
                  000055d4    000000bc     bmi160.obj (.text:bmi160_get_gyro_offset_compensation_zaxis)
                  00005690    000000b8     bmi160.obj (.text:bmi160_get_gyro_offset_compensation_xaxis)
                  00005748    000000b1     rtsv7M4_T_le_v4SPD16_eabi.lib : _printfi.c.obj (.text:_ltostr)
                  000057f9    00000003     --HOLE-- [fill = 0]
                  000057fc    000000a8     bmi160.obj (.text:bmi160_set_mag_output_data_rate)
                  000058a4    0000009c     rtsv7M4_T_le_v4SPD16_eabi.lib : memcpy_t2.asm.obj (.text)
                  00005940    00000098     bmi160.obj (.text:bmi160_set_accel_output_data_rate)
                  000059d8    00000096     rtsv7M4_T_le_v4SPD16_eabi.lib : ull_div_t2.asm.obj (.text)
                  00005a6e    00000002     --HOLE-- [fill = 0]
                  00005a70    00000094     msp432p4xx_driverlib.lib : sysctl_a.o (.text:SysCtl_A_getTLVInfo)
                  00005b04    00000094     bmi160.obj (.text:bmi160_bmm150_mag_compensate_Z)
                  00005b98    00000090     bmi160.obj (.text:bmi160_set_accel_bw)
                  00005c28    00000090     bmi160.obj (.text:bmi160_set_fifo_accel_enable)
                  00005cb8    00000090     bmi160.obj (.text:bmi160_set_fifo_gyro_enable)
                  00005d48    00000090     bmi160.obj (.text:bmi160_set_fifo_header_enable)
                  00005dd8    00000090     bmi160.obj (.text:bmi160_set_fifo_mag_enable)
                  00005e68    00000090     bmi160.obj (.text:bmi160_set_fifo_stop_on_full)
                  00005ef8    00000090     bmi160.obj (.text:bmi160_set_fifo_time_enable)
                  00005f88    00000090     bmi160.obj (.text:bmi160_set_gyro_bw)
                  00006018    00000090     bmi160.obj (.text:bmi160_set_gyro_sleep_state)
                  000060a8    00000090     bmi160.obj (.text:bmi160_set_gyro_sleep_trigger)
                  00006138    00000090     bmi160.obj (.text:bmi160_set_gyro_wakeup_intr)
                  000061c8    00000090     bmi160.obj (.text:bmi160_set_gyro_wakeup_trigger)
                  00006258    00000090     bmi160.obj (.text:bmi160_set_if_mode)
                  000062e8    00000090     bmi160.obj (.text:bmi160_set_mag_manual_enable)
                  00006378    00000090     bmi160.obj (.text:bmi160_set_paging_enable)
                  00006408    00000090     bmi160.obj (.text:bmi160_set_pullup_configuration)
                  00006498    00000090     bmi160.obj (.text:bmi160_set_target_page)
                  00006528    00000090     uart_driver.obj (.text:uartInit)
                  000065b8    0000008c     uart_driver.obj (.text:ESPInit)
                  00006644    00000088     msp432p4xx_driverlib.lib : gpio.o (.text:GPIO_setAsPeripheralModuleFunctionOutputPin)
                  000066cc    00000086     rtsv7M4_T_le_v4SPD16_eabi.lib : fd_cmp_t2.asm.obj (.text:__aeabi_cdcmple)
                  00006752    00000086                                   : fd_cmp_t2.asm.obj (.text:__aeabi_cdrcmple)
                  000067d8    00000080     bmi160_support.obj (.text:bmi160_interrupt_configuration)
                  00006858    00000080     bmi160.obj (.text:bmi160_set_accel_offset_enable)
                  000068d8    00000080     bmi160.obj (.text:bmi160_set_gyro_offset_enable)
                  00006958    00000080     bmi160.obj (.text:bmi160_set_i2c_device_addr)
                  000069d8    0000007c     msp432p4xx_driverlib.lib : cs.o (.text:_CSGetDOCFrequency)
                  00006a54    0000007a     rtsv7M4_T_le_v4SPD16_eabi.lib : memset_t2.asm.obj (.text)
                  00006ace    00000002     --HOLE-- [fill = 0]
                  00006ad0    00000078     system_msp432p401r.obj (.text:SystemInit)
                  00006b48    00000078     bmi160.obj (.text:bmi160_read_accel_xyz)
                  00006bc0    00000078     bmi160.obj (.text:bmi160_read_gyro_xyz)
                  00006c38    00000074     LQ12864.obj (.text:LCD_write_command)
                  00006cac    00000074     LQ12864.obj (.text:LCD_write_para8)
                  00006d20    0000006e     rtsv7M4_T_le_v4SPD16_eabi.lib : _printfi.c.obj (.text:_mcpy)
                  00006d8e    00000002     --HOLE-- [fill = 0]
                  00006d90    00000068     msp432p4xx_driverlib.lib : i2c.o (.text:I2C_masterSendMultiByteStart)
                  00006df8    00000068     rtsv7M4_T_le_v4SPD16_eabi.lib : copy_decompress_lzss.c.obj (.text:decompress:lzss:__TI_decompress_lzss)
                  00006e60    00000064     bmi160.obj (.text:bmi160_init)
                  00006ec4    00000064     rtsv7M4_T_le_v4SPD16_eabi.lib : s_frexp.c.obj (.text:frexp)
                  00006f28    00000062     msp432p4xx_driverlib.lib : cs.o (.text:_CSGetDividerValue)
                  00006f8a    0000005e     LQ12864.obj (.text:LCD_SetPos)
                  00006fe8    0000005c     LQ12864.obj (.text:OLED_GPIO)
                  00007044    00000058     uart_driver.obj (.text:ADC14_IRQHandler)
                  0000709c    00000056     rtsv7M4_T_le_v4SPD16_eabi.lib : _printfi.c.obj (.text:_pconv_f)
                  000070f2    00000054                                   : _ltoa.c.obj (.text:__TI_ltoa)
                  00007146    00000002     --HOLE-- [fill = 0]
                  00007148    00000054     bmi160.obj (.text:bmi160_get_foc_rdy)
                  0000719c    00000054     bmi160.obj (.text:bmi160_get_if_mode)
                  000071f0    00000054     bmi160.obj (.text:bmi160_get_mag_manual_enable)
                  00007244    00000054     bmi160.obj (.text:bmi160_get_paging_enable)
                  00007298    00000054     bmi160.obj (.text:bmi160_get_pullup_configuration)
                  000072ec    00000054     bmi160.obj (.text:bmi160_get_target_page)
                  00007340    00000052     rtsv7M4_T_le_v4SPD16_eabi.lib : _printfi.c.obj (.text:_ecpy)
                  00007392    00000052     bmi160.obj (.text:bmi160_bmm150_mag_compensate_xyz)
                  000073e4    00000050     bmi160.obj (.text:bmi160_get_accel_offset_compensation_xaxis)
                  00007434    00000050     bmi160.obj (.text:bmi160_get_accel_offset_compensation_yaxis)
                  00007484    00000050     bmi160.obj (.text:bmi160_get_accel_offset_compensation_zaxis)
                  000074d4    00000050     bmi160.obj (.text:bmi160_get_mag_power_mode_stat)
                  00007524    00000050     main.obj (.text:bmi_init)
                  00007574    0000004c     rtsv7M4_T_le_v4SPD16_eabi.lib : atoi.c.obj (.text:atoi)
                  000075c0    0000004c     uart_driver.obj (.text:sendTextEsp)
                  0000760c    0000004c     uart_driver.obj (.text:sendTextPc)
                  00007658    0000004c     rtsv7M4_T_le_v4SPD16_eabi.lib : snprintf.c.obj (.text:snprintf)
                  000076a4    00000048     bmi160.obj (.text:bmi160_read_reg)
                  000076ec    00000048     bmi160.obj (.text:bmi160_write_reg)
                  00007734    00000048     bmi160_support.obj (.text:i2c_routine)
                  0000777c    00000048     rtsv7M4_T_le_v4SPD16_eabi.lib : fd_toi_t2.asm.obj (.text)
                  000077c4    00000048     LQ12864.obj (.text:time_delay_ms)
                  0000780c    00000044     LQ12864.obj (.text:LCD_display_full)
                  00007850    00000044     rtsv7M4_T_le_v4SPD16_eabi.lib : autoinit.c.obj (.text:__TI_auto_init_nobinit_nopinit:__TI_auto_init_nobinit_nopinit)
                  00007894    00000042     uart_driver.obj (.text:delay)
                  000078d6    00000040     LQ12864.obj (.text:LCD_P6X8Str)
                  00007916    00000002     --HOLE-- [fill = 0]
                  00007918    00000040     bmi160.obj (.text:bmi160_fifo_data)
                  00007958    00000040     bmi160.obj (.text:bmi160_set_command_register)
                  00007998    00000040     bmi160.obj (.text:bmi160_set_fifo_wm)
                  000079d8    00000040     bmi160.obj (.text:bmi160_set_mag_read_addr)
                  00007a18    00000040     bmi160.obj (.text:bmi160_set_mag_write_addr)
                  00007a58    00000040     bmi160.obj (.text:bmi160_set_mag_write_data)
                  00007a98    0000003e     rtsv7M4_T_le_v4SPD16_eabi.lib : _printfi.c.obj (.text:_fcpy)
                  00007ad6    00000002     --HOLE-- [fill = 0]
                  00007ad8    0000003c     bmi160_support.obj (.text:bmi160_initialize_sensor)
                  00007b14    00000034     msp432p4xx_driverlib.lib : cs.o (.text:CS_setDCOCenteredFrequency)
                  00007b48    00000034                              : uart.o (.text:UART_transmitData)
                  00007b7c    00000034     rtsv7M4_T_le_v4SPD16_eabi.lib : boot_cortex_m.c.obj (.text:_c_int00_noargs:_c_int00_noargs)
                  00007bb0    00000030     msp432p4xx_driverlib.lib : cs.o (.text:CS_clearInterruptFlag)
                  00007be0    00000030     rtsv7M4_T_le_v4SPD16_eabi.lib : snprintf.c.obj (.text:_outs)
                  00007c10    0000002e     bmi160_support.obj (.text:bmi160_i2c_burst_read)
                  00007c3e    0000002e     rtsv7M4_T_le_v4SPD16_eabi.lib : i_tofd_t2.asm.obj (.text)
                  00007c6c    0000002c     bmi160_support.obj (.text:bmi160_i2c_bus_read)
                  00007c98    0000002c     bmi160_support.obj (.text:bmi160_i2c_bus_write)
                  00007cc4    00000028     msp432p4xx_driverlib.lib : adc14.o (.text:ADC14_getResult)
                  00007cec    00000028                              : cs.o (.text:CS_getMCLK)
                  00007d14    00000028                              : cs.o (.text:CS_getSMCLK)
                  00007d3c    00000028                              : gpio.o (.text:GPIO_setOutputHighOnPin)
                  00007d64    00000028                              : gpio.o (.text:GPIO_setOutputLowOnPin)
                  00007d8c    00000026     demo_sysctl.obj (.text:DelayMs)
                  00007db2    00000002     --HOLE-- [fill = 0]
                  00007db4    0000001c     i2c_driver.obj (.text:initI2C)
                  00007dd0    0000001c     rtsv7M4_T_le_v4SPD16_eabi.lib : memccpy.c.obj (.text:memccpy)
                  00007dec    0000001a                                   : s_copysign.c.obj (.text:copysign)
                  00007e06    00000018                                   : snprintf.c.obj (.text:_outc)
                  00007e1e    00000018     main.obj (.text:all_init)
                  00007e36    00000016     rtsv7M4_T_le_v4SPD16_eabi.lib : strchr.c.obj (.text:strchr)
                  00007e4c    00000014                                   : strlen.c.obj (.text:strlen)
                  00007e60    00000012                                   : wcslen.c.obj (.text:wcslen)
                  00007e72    0000000e                                   : copy_decompress_none.c.obj (.text:decompress:none:__TI_decompress_none)
                  00007e80    0000000c     startup_msp432p401r_ccs.obj (.text:Reset_Handler)
                  00007e8c    0000000c     bmi160_support.obj (.text:bmi160_delay_ms)
                  00007e98    0000000c     rtsv7M4_T_le_v4SPD16_eabi.lib : copy_zero_init.c.obj (.text:decompress:ZI:__TI_zero_init)
                  00007ea4    0000000a     LQ12864.obj (.text:LCD_CLS)
                  00007eae    00000002     --HOLE-- [fill = 0]
                  00007eb0    00000008     rtsv7M4_T_le_v4SPD16_eabi.lib : errno.c.obj (.text:__aeabi_errno_addr)
                  00007eb8    00000006     demo_sysctl.obj (.text:SysCtlDelay)
                  00007ebe    00000004     rtsv7M4_T_le_v4SPD16_eabi.lib : pre_init.c.obj (.text:_system_pre_init)
                  00007ec2    00000004                                   : exit.c.obj (.text:abort:abort)

.const     0    00007ec8    000001dc     
                  00007ec8    00000101     rtsv7M4_T_le_v4SPD16_eabi.lib : ctype.c.obj (.const:.string:_ctypes_)
                  00007fc9    00000003     --HOLE-- [fill = 0]
                  00007fcc    00000080     msp432p4xx_driverlib.lib : adc14.o (.const:_ctlRegs)
                  0000804c    00000030                              : gpio.o (.const:GPIO_PORT_TO_BASE)
                  0000807c    00000028     uart_driver.obj (.const:uartConfig)

.cinit     0    000080a8    000002a0     
                  000080a8    00000277     (.cinit..data.load) [load image, compression = lzss]
                  0000831f    00000001     --HOLE-- [fill = 0]
                  00008320    0000000c     (__TI_handler_table)
                  0000832c    00000004     --HOLE-- [fill = 0]
                  00008330    00000008     (.cinit..bss.load) [load image, compression = zero_init]
                  00008338    00000010     (__TI_cinit_table)

.init_array 
*          0    00000000    00000000     UNINITIALIZED

.binit     0    00000000    00000000     

.bss       0    20000000    00000ab4     UNINITIALIZED
                  20000000    0000036c     (.common:accel_fifo)
                  2000036c    0000036c     (.common:gyro_fifo)
                  200006d8    0000036c     (.common:mag_fifo)
                  20000a44    00000014     (.common:s_bmi160)
                  20000a58    00000010     bmi160.obj (.bss:mag_trim)
                  20000a68    0000000c     (.common:s_magcompXYZ)
                  20000a74    00000008     msp432p4xx_driverlib.lib : cs.o (.bss)
                  20000a7c    00000006     (.common:accelxyz)
                  20000a82    00000006     (.common:gyroxyz)
                  20000a88    00000006     (.common:s_accelXYZ)
                  20000a8e    00000006     (.common:s_gyroXYZ)
                  20000a94    00000004     bmi160.obj (.bss)
                  20000a98    00000004     uart_driver.obj (.bss)
                  20000a9c    00000004     (.common:g_ui32ByteCount)
                  20000aa0    00000004     (.common:pData)
                  20000aa4    00000004     (.common:returnRslt)
                  20000aa8    00000002     (.common:gyro_off_x)
                  20000aaa    00000002     (.common:gyro_off_y)
                  20000aac    00000002     (.common:gyro_off_z)
                  20000aae    00000001     (.common:accel_off_x)
                  20000aaf    00000001     (.common:accel_off_y)
                  20000ab0    00000001     (.common:accel_off_z)
                  20000ab1    00000001     (.common:returnValue)
                  20000ab2    00000001     (.common:ui8DummyRead)
                  20000ab3    00000001     (.common:ui8Status)

.data      0    20000ab4    000008d4     UNINITIALIZED
                  20000ab4    00000400     bmi160.obj (.data:v_fifo_data_u8)
                  20000eb4    0000025e     LQ12864.obj (.data:Font_code8)
                  20001112    0000021f     uart_driver.obj (.data:test)
                  20001331    00000016     uart_driver.obj (.data:CLDSTA)
                  20001347    00000001     i2c_driver.obj (.data)
                  20001348    00000014     i2c_driver.obj (.data:i2cConfig)
                  2000135c    0000000b     uart_driver.obj (.data:PASSD)
                  20001367    0000000a     uart_driver.obj (.data:CLDPASSD)
                  20001371    00000009     uart_driver.obj (.data:SSID)
                  2000137a    00000002     --HOLE--
                  2000137c    00000008     bmi160.obj (.data)
                  20001384    00000004     rtsv7M4_T_le_v4SPD16_eabi.lib : errno.c.obj (.data)

.stack     0    2000fe00    00000200     UNINITIALIZED
                  2000fe00    00000004     rtsv7M4_T_le_v4SPD16_eabi.lib : boot_cortex_m.c.obj (.stack)
                  2000fe04    000001fc     --HOLE--

__llvm_prf_cnts 
*          0    20000000    00000000     UNINITIALIZED

MODULE SUMMARY

       Module                        code    ro data   rw data
       ------                        ----    -------   -------
    .\
       bmi160.obj                    15318   0         7360   
       bmi160_support.obj            3054    0         64     
       LQ12864.obj                   1528    0         1212   
       uart_driver.obj               590     40        1198   
       i2c_driver.obj                1124    0         62     
       main.obj                      576     0         76     
       system_msp432p401r.obj        120     0         0      
       demo_sysctl.obj               44      0         0      
    +--+-----------------------------+-------+---------+---------+
       Total:                        22354   40        9972   
                                                              
    .\ccs\
       startup_msp432p401r_ccs.obj   14      228       0      
    +--+-----------------------------+-------+---------+---------+
       Total:                        14      228       0      
                                                              
    D:/msp423_software/simplelink_msp432p4_sdk_3_40_01_02/source/ti/devices/msp432p4xx/driverlib/ccs/msp432p4xx_driverlib.lib
       cs.o                          910     0         16     
       adc14.o                       392     128       0      
       uart.o                        336     0         0      
       gpio.o                        216     48        0      
       sysctl_a.o                    148     0         0      
       i2c.o                         104     0         0      
    +--+-----------------------------+-------+---------+---------+
       Total:                        2106    176       16     
                                                              
    D:\msp423_software\ccs\tools\compiler\ti-cgt-arm_20.2.5.LTS\lib\rtsv7M4_T_le_v4SPD16_eabi.lib
       _printfi.c.obj                4851    0         0      
       fd_add_t2.asm.obj             438     0         0      
       fd_div_t2.asm.obj             310     0         0      
       s_scalbn.c.obj                272     0         0      
       fd_cmp_t2.asm.obj             268     0         0      
       ctype.c.obj                   0       257       0      
       fd_mul_t2.asm.obj             252     0         0      
       memcpy_t2.asm.obj             156     0         0      
       ull_div_t2.asm.obj            150     0         0      
       snprintf.c.obj                148     0         0      
       memset_t2.asm.obj             122     0         0      
       copy_decompress_lzss.c.obj    104     0         0      
       s_frexp.c.obj                 100     0         0      
       _ltoa.c.obj                   84      0         0      
       atoi.c.obj                    76      0         0      
       fd_toi_t2.asm.obj             72      0         0      
       autoinit.c.obj                68      0         0      
       boot_cortex_m.c.obj           52      0         0      
       i_tofd_t2.asm.obj             46      0         0      
       memccpy.c.obj                 28      0         0      
       s_copysign.c.obj              26      0         0      
       strchr.c.obj                  22      0         0      
       strlen.c.obj                  20      0         0      
       wcslen.c.obj                  18      0         0      
       errno.c.obj                   8       0         8      
       copy_decompress_none.c.obj    14      0         0      
       copy_zero_init.c.obj          12      0         0      
       exit.c.obj                    4       0         0      
       pre_init.c.obj                4       0         0      
       div0.asm.obj                  2       0         0      
    +--+-----------------------------+-------+---------+---------+
       Total:                        7727    257       8      
                                                              
       Stack:                        0       0         1024   
       Linker Generated:             0       667       0      
    +--+-----------------------------+-------+---------+---------+
       Grand Total:                  32201   1368      11020  


LINKER GENERATED COPY TABLES

__TI_cinit_table @ 00008338 records: 2, size/record: 8, table size: 16
	.data: load addr=000080a8, load size=00000277 bytes, run addr=20000ab4, run size=000008d4 bytes, compression=lzss
	.bss: load addr=00008330, load size=00000008 bytes, run addr=20000000, run size=00000ab4 bytes, compression=zero_init


LINKER GENERATED HANDLER TABLE

__TI_handler_table @ 00008320 records: 3, size/record: 4, table size: 12
	index: 0, handler: __TI_decompress_lzss
	index: 1, handler: __TI_decompress_none
	index: 2, handler: __TI_zero_init


GLOBAL SYMBOLS: SORTED ALPHABETICALLY BY Name 

address   name                                             
-------   ----                                             
00007045  ADC14_IRQHandler                                 
00007045  ADC14_IRQHandler                                 
00007cc5  ADC14_getResult                                  
0000158b  AES256_IRQHandler                                
0000158b  BusFault_Handler                                 
00007ec3  C$$EXIT                                          
20001367  CLDPASSD                                         
20001331  CLDSTA                                           
0000158b  COMP_E0_IRQHandler                               
0000158b  COMP_E1_IRQHandler                               
0000158b  CS_IRQHandler                                    
00007bb1  CS_clearInterruptFlag                            
00004909  CS_getDCOFrequency                               
00007ced  CS_getMCLK                                       
00007d15  CS_getSMCLK                                      
00007b15  CS_setDCOCenteredFrequency                       
0000158b  DMA_ERR_IRQHandler                               
0000158b  DMA_INT0_IRQHandler                              
0000158b  DMA_INT1_IRQHandler                              
0000158b  DMA_INT2_IRQHandler                              
0000158b  DMA_INT3_IRQHandler                              
0000158b  DebugMon_Handler                                 
0000158b  Default_Handler                                  
00007d8d  DelayMs                                          
000065b9  ESPInit                                          
0000158b  EUSCIA0_IRQHandler                               
0000158b  EUSCIA1_IRQHandler                               
0000158b  EUSCIA2_IRQHandler                               
0000158b  EUSCIA3_IRQHandler                               
0000158b  EUSCIB0_IRQHandler                               
00004ce9  EUSCIB1_IRQHandler                               
00004ce9  EUSCIB1_IRQHandler                               
0000158b  EUSCIB2_IRQHandler                               
0000158b  EUSCIB3_IRQHandler                               
0000158b  FLCTL_IRQHandler                                 
0000158b  FPU_IRQHandler                                   
20000eb4  Font_code8                                       
00006645  GPIO_setAsPeripheralModuleFunctionOutputPin      
00007d3d  GPIO_setOutputHighOnPin                          
00007d65  GPIO_setOutputLowOnPin                           
0000158b  HardFault_Handler                                
00006d91  I2C_masterSendMultiByteStart                     
00007ea5  LCD_CLS                                          
0000545d  LCD_P6X8                                         
000078d7  LCD_P6X8Str                                      
00006f8b  LCD_SetPos                                       
0000780d  LCD_display_full                                 
00003195  LCD_init                                         
00006c39  LCD_write_command                                
00004dd5  LCD_write_para16                                 
00006cad  LCD_write_para8                                  
0000158b  MemManage_Handler                                
0000158b  NMI_Handler                                      
00006fe9  OLED_GPIO                                        
2000135c  PASSD                                            
0000158b  PCM_IRQHandler                                   
0000158b  PORT1_IRQHandler                                 
0000158b  PORT2_IRQHandler                                 
0000158b  PORT3_IRQHandler                                 
0000158b  PORT4_IRQHandler                                 
0000158b  PORT5_IRQHandler                                 
0000158b  PORT6_IRQHandler                                 
0000158b  PSS_IRQHandler                                   
0000158b  PendSV_Handler                                   
0000158b  RTC_C_IRQHandler                                 
00007e81  Reset_Handler                                    
20001371  SSID                                             
0000158b  SVC_Handler                                      
00007eb9  SysCtlDelay                                      
00005a71  SysCtl_A_getTLVInfo                              
0000158b  SysTick_Handler                                  
00006ad1  SystemInit                                       
0000158b  T32_INT1_IRQHandler                              
0000158b  T32_INT2_IRQHandler                              
0000158b  T32_INTC_IRQHandler                              
0000158b  TA0_0_IRQHandler                                 
0000158b  TA0_N_IRQHandler                                 
0000158b  TA1_0_IRQHandler                                 
0000158b  TA1_N_IRQHandler                                 
0000158b  TA2_0_IRQHandler                                 
0000158b  TA2_N_IRQHandler                                 
0000158b  TA3_0_IRQHandler                                 
0000158b  TA3_N_IRQHandler                                 
000043cd  UART_initModule                                  
00007b49  UART_transmitData                                
0000158b  UsageFault_Handler                               
2000137c  V_bmm150_maual_auto_condition_u8                 
20001380  V_fifo_time_U32                                  
4000480c  WDTCTL_SYM                                       
0000158b  WDT_A_IRQHandler                                 
20010000  __STACK_END                                      
00000200  __STACK_SIZE                                     
00008338  __TI_CINIT_Base                                  
00008348  __TI_CINIT_Limit                                 
00008320  __TI_Handler_Table_Base                          
0000832c  __TI_Handler_Table_Limit                         
00007851  __TI_auto_init_nobinit_nopinit                   
00006df9  __TI_decompress_lzss                             
00007e73  __TI_decompress_none                             
000070f3  __TI_ltoa                                        
ffffffff  __TI_pprof_out_hndl                              
00000b3d  __TI_printfi                                     
ffffffff  __TI_prof_data_size                              
ffffffff  __TI_prof_data_start                             
00000000  __TI_static_base__                               
00007e99  __TI_zero_init                                   
000066cd  __aeabi_cdcmpeq                                  
000066cd  __aeabi_cdcmple                                  
00006753  __aeabi_cdrcmple                                 
0000777d  __aeabi_d2iz                                     
0000354b  __aeabi_dadd                                     
0000404d  __aeabi_ddiv                                     
0000480d  __aeabi_dmul                                     
00003541  __aeabi_dsub                                     
00007eb1  __aeabi_errno_addr                               
00007c3f  __aeabi_i2d                                      
0000336f  __aeabi_idiv0                                    
0000336f  __aeabi_ldiv0                                    
00006a55  __aeabi_memclr                                   
00006a55  __aeabi_memclr4                                  
00006a55  __aeabi_memclr8                                  
000058a5  __aeabi_memcpy                                   
000058a5  __aeabi_memcpy4                                  
000058a5  __aeabi_memcpy8                                  
00006a57  __aeabi_memset                                   
00006a57  __aeabi_memset4                                  
00006a57  __aeabi_memset8                                  
000059d9  __aeabi_uldivmod                                 
ffffffff  __binit__                                        
ffffffff  __c_args__                                       
UNDEFED   __mpu_init                                       
2000fe00  __stack                                          
20000000  __start___llvm_prf_cnts                          
20000000  __stop___llvm_prf_cnts                           
00007b7d  _c_int00_noargs                                  
00007ec8  _ctypes_                                         
UNDEFED   _system_post_cinit                               
00007ebf  _system_pre_init                                 
00007ec3  abort                                            
20000000  accel_fifo                                       
20000aae  accel_off_x                                      
20000aaf  accel_off_y                                      
20000ab0  accel_off_z                                      
20000a7c  accelxyz                                         
00007e1f  all_init                                         
00007575  atoi                                             
ffffffff  binit                                            
00002f45  bmi160_accel_foc_trigger_xyz                     
00005215  bmi160_bmm150_mag_compensate_X                   
000052d9  bmi160_bmm150_mag_compensate_Y                   
00005b05  bmi160_bmm150_mag_compensate_Z                   
00007393  bmi160_bmm150_mag_compensate_xyz                 
00002a39  bmi160_bmm150_mag_interface_init                 
000039e5  bmi160_bmm150_mag_set_power_mode                 
00004fa9  bmi160_bmm150_mag_wakeup                         
000000e5  bmi160_config_running_mode                       
00007e8d  bmi160_delay_ms                                  
00007919  bmi160_fifo_data                                 
000073e5  bmi160_get_accel_offset_compensation_xaxis       
00007435  bmi160_get_accel_offset_compensation_yaxis       
00007485  bmi160_get_accel_offset_compensation_zaxis       
00007149  bmi160_get_foc_rdy                               
00005691  bmi160_get_gyro_offset_compensation_xaxis        
00005519  bmi160_get_gyro_offset_compensation_yaxis        
000055d5  bmi160_get_gyro_offset_compensation_zaxis        
0000719d  bmi160_get_if_mode                               
000071f1  bmi160_get_mag_manual_enable                     
000074d5  bmi160_get_mag_power_mode_stat                   
00007245  bmi160_get_paging_enable                         
00007299  bmi160_get_pullup_configuration                  
000072ed  bmi160_get_target_page                           
00007c11  bmi160_i2c_burst_read                            
00007c6d  bmi160_i2c_bus_read                              
00007c99  bmi160_i2c_bus_write                             
00006e61  bmi160_init                                      
00007ad9  bmi160_initialize_sensor                         
000067d9  bmi160_interrupt_configuration                   
00006b49  bmi160_read_accel_xyz                            
00001f5d  bmi160_read_bmm150_mag_trim                      
0000158d  bmi160_read_fifo_header_data                     
00006bc1  bmi160_read_gyro_xyz                             
0000539d  bmi160_read_mag_xyzr                             
000076a5  bmi160_read_reg                                  
00005b99  bmi160_set_accel_bw                              
00006859  bmi160_set_accel_offset_enable                   
00005941  bmi160_set_accel_output_data_rate                
00004185  bmi160_set_bmm150_mag_and_secondary_if_power_mode
00002409  bmi160_set_bmm150_mag_presetmode                 
00007959  bmi160_set_command_register                      
00005c29  bmi160_set_fifo_accel_enable                     
00005cb9  bmi160_set_fifo_gyro_enable                      
00005d49  bmi160_set_fifo_header_enable                    
00005dd9  bmi160_set_fifo_mag_enable                       
00005e69  bmi160_set_fifo_stop_on_full                     
00005ef9  bmi160_set_fifo_time_enable                      
00007999  bmi160_set_fifo_wm                               
000036f9  bmi160_set_foc_gyro_enable                       
00005f89  bmi160_set_gyro_bw                               
000068d9  bmi160_set_gyro_offset_enable                    
0000507d  bmi160_set_gyro_output_data_rate                 
00006019  bmi160_set_gyro_sleep_state                      
000060a9  bmi160_set_gyro_sleep_trigger                    
00006139  bmi160_set_gyro_wakeup_intr                      
000061c9  bmi160_set_gyro_wakeup_trigger                   
00006959  bmi160_set_i2c_device_addr                       
00006259  bmi160_set_if_mode                               
00002761  bmi160_set_intr_enable_0                         
00003b45  bmi160_set_intr_enable_2                         
00004a01  bmi160_set_intr_fifo_wm                          
00004af9  bmi160_set_intr_level                            
000062e9  bmi160_set_mag_manual_enable                     
000057fd  bmi160_set_mag_output_data_rate                  
000079d9  bmi160_set_mag_read_addr                         
00007a19  bmi160_set_mag_write_addr                        
00007a59  bmi160_set_mag_write_data                        
00004bf1  bmi160_set_output_enable                         
00006379  bmi160_set_paging_enable                         
00006409  bmi160_set_pullup_configuration                  
00006499  bmi160_set_target_page                           
000076ed  bmi160_write_reg                                 
00007525  bmi_init                                         
20001347  burstMode                                        
00007ded  copysign                                         
00007ded  copysignl                                        
00007895  delay                                            
000044e9  display_test                                     
20001384  errno                                            
00006ec5  frexp                                            
00006ec5  frexpl                                           
20000a9c  g_ui32ByteCount                                  
2000036c  gyro_fifo                                        
20000aa8  gyro_off_x                                       
20000aaa  gyro_off_y                                       
20000aac  gyro_off_z                                       
20000a82  gyroxyz                                          
20001348  i2cConfig                                        
00007735  i2c_routine                                      
00007db5  initI2C                                          
00000000  interruptVectors                                 
000045f9  ldexp                                            
000045f9  ldexpl                                           
200006d8  mag_fifo                                         
0000514d  main                                             
00007dd1  memccpy                                          
000058a5  memcpy                                           
00006a5d  memset                                           
20000aa0  pData                                            
00003dd9  readBurstI2C                                     
00003f15  readI2C                                          
20000aa4  returnRslt                                       
20000ab1  returnValue                                      
20000a88  s_accelXYZ                                       
20000a44  s_bmi160                                         
20000a8e  s_gyroXYZ                                        
20000a68  s_magcompXYZ                                     
000045f9  scalbn                                           
000045f9  scalbnl                                          
000075c1  sendTextEsp                                      
0000760d  sendTextPc                                       
00007659  snprintf                                         
00007e37  strchr                                           
00007e4d  strlen                                           
20001112  test                                             
000077c5  time_delay_ms                                    
0000807c  uartConfig                                       
00006529  uartInit                                         
20000ab2  ui8DummyRead                                     
20000ab3  ui8Status                                        
20000ab4  v_fifo_data_u8                                   
00007e61  wcslen                                           
00004ec1  writeI2C                                         


GLOBAL SYMBOLS: SORTED BY Symbol Address 

address   name                                             
-------   ----                                             
00000000  __TI_static_base__                               
00000000  interruptVectors                                 
000000e5  bmi160_config_running_mode                       
00000200  __STACK_SIZE                                     
00000b3d  __TI_printfi                                     
0000158b  AES256_IRQHandler                                
0000158b  BusFault_Handler                                 
0000158b  COMP_E0_IRQHandler                               
0000158b  COMP_E1_IRQHandler                               
0000158b  CS_IRQHandler                                    
0000158b  DMA_ERR_IRQHandler                               
0000158b  DMA_INT0_IRQHandler                              
0000158b  DMA_INT1_IRQHandler                              
0000158b  DMA_INT2_IRQHandler                              
0000158b  DMA_INT3_IRQHandler                              
0000158b  DebugMon_Handler                                 
0000158b  Default_Handler                                  
0000158b  EUSCIA0_IRQHandler                               
0000158b  EUSCIA1_IRQHandler                               
0000158b  EUSCIA2_IRQHandler                               
0000158b  EUSCIA3_IRQHandler                               
0000158b  EUSCIB0_IRQHandler                               
0000158b  EUSCIB2_IRQHandler                               
0000158b  EUSCIB3_IRQHandler                               
0000158b  FLCTL_IRQHandler                                 
0000158b  FPU_IRQHandler                                   
0000158b  HardFault_Handler                                
0000158b  MemManage_Handler                                
0000158b  NMI_Handler                                      
0000158b  PCM_IRQHandler                                   
0000158b  PORT1_IRQHandler                                 
0000158b  PORT2_IRQHandler                                 
0000158b  PORT3_IRQHandler                                 
0000158b  PORT4_IRQHandler                                 
0000158b  PORT5_IRQHandler                                 
0000158b  PORT6_IRQHandler                                 
0000158b  PSS_IRQHandler                                   
0000158b  PendSV_Handler                                   
0000158b  RTC_C_IRQHandler                                 
0000158b  SVC_Handler                                      
0000158b  SysTick_Handler                                  
0000158b  T32_INT1_IRQHandler                              
0000158b  T32_INT2_IRQHandler                              
0000158b  T32_INTC_IRQHandler                              
0000158b  TA0_0_IRQHandler                                 
0000158b  TA0_N_IRQHandler                                 
0000158b  TA1_0_IRQHandler                                 
0000158b  TA1_N_IRQHandler                                 
0000158b  TA2_0_IRQHandler                                 
0000158b  TA2_N_IRQHandler                                 
0000158b  TA3_0_IRQHandler                                 
0000158b  TA3_N_IRQHandler                                 
0000158b  UsageFault_Handler                               
0000158b  WDT_A_IRQHandler                                 
0000158d  bmi160_read_fifo_header_data                     
00001f5d  bmi160_read_bmm150_mag_trim                      
00002409  bmi160_set_bmm150_mag_presetmode                 
00002761  bmi160_set_intr_enable_0                         
00002a39  bmi160_bmm150_mag_interface_init                 
00002f45  bmi160_accel_foc_trigger_xyz                     
00003195  LCD_init                                         
0000336f  __aeabi_idiv0                                    
0000336f  __aeabi_ldiv0                                    
00003541  __aeabi_dsub                                     
0000354b  __aeabi_dadd                                     
000036f9  bmi160_set_foc_gyro_enable                       
000039e5  bmi160_bmm150_mag_set_power_mode                 
00003b45  bmi160_set_intr_enable_2                         
00003dd9  readBurstI2C                                     
00003f15  readI2C                                          
0000404d  __aeabi_ddiv                                     
00004185  bmi160_set_bmm150_mag_and_secondary_if_power_mode
000043cd  UART_initModule                                  
000044e9  display_test                                     
000045f9  ldexp                                            
000045f9  ldexpl                                           
000045f9  scalbn                                           
000045f9  scalbnl                                          
0000480d  __aeabi_dmul                                     
00004909  CS_getDCOFrequency                               
00004a01  bmi160_set_intr_fifo_wm                          
00004af9  bmi160_set_intr_level                            
00004bf1  bmi160_set_output_enable                         
00004ce9  EUSCIB1_IRQHandler                               
00004ce9  EUSCIB1_IRQHandler                               
00004dd5  LCD_write_para16                                 
00004ec1  writeI2C                                         
00004fa9  bmi160_bmm150_mag_wakeup                         
0000507d  bmi160_set_gyro_output_data_rate                 
0000514d  main                                             
00005215  bmi160_bmm150_mag_compensate_X                   
000052d9  bmi160_bmm150_mag_compensate_Y                   
0000539d  bmi160_read_mag_xyzr                             
0000545d  LCD_P6X8                                         
00005519  bmi160_get_gyro_offset_compensation_yaxis        
000055d5  bmi160_get_gyro_offset_compensation_zaxis        
00005691  bmi160_get_gyro_offset_compensation_xaxis        
000057fd  bmi160_set_mag_output_data_rate                  
000058a5  __aeabi_memcpy                                   
000058a5  __aeabi_memcpy4                                  
000058a5  __aeabi_memcpy8                                  
000058a5  memcpy                                           
00005941  bmi160_set_accel_output_data_rate                
000059d9  __aeabi_uldivmod                                 
00005a71  SysCtl_A_getTLVInfo                              
00005b05  bmi160_bmm150_mag_compensate_Z                   
00005b99  bmi160_set_accel_bw                              
00005c29  bmi160_set_fifo_accel_enable                     
00005cb9  bmi160_set_fifo_gyro_enable                      
00005d49  bmi160_set_fifo_header_enable                    
00005dd9  bmi160_set_fifo_mag_enable                       
00005e69  bmi160_set_fifo_stop_on_full                     
00005ef9  bmi160_set_fifo_time_enable                      
00005f89  bmi160_set_gyro_bw                               
00006019  bmi160_set_gyro_sleep_state                      
000060a9  bmi160_set_gyro_sleep_trigger                    
00006139  bmi160_set_gyro_wakeup_intr                      
000061c9  bmi160_set_gyro_wakeup_trigger                   
00006259  bmi160_set_if_mode                               
000062e9  bmi160_set_mag_manual_enable                     
00006379  bmi160_set_paging_enable                         
00006409  bmi160_set_pullup_configuration                  
00006499  bmi160_set_target_page                           
00006529  uartInit                                         
000065b9  ESPInit                                          
00006645  GPIO_setAsPeripheralModuleFunctionOutputPin      
000066cd  __aeabi_cdcmpeq                                  
000066cd  __aeabi_cdcmple                                  
00006753  __aeabi_cdrcmple                                 
000067d9  bmi160_interrupt_configuration                   
00006859  bmi160_set_accel_offset_enable                   
000068d9  bmi160_set_gyro_offset_enable                    
00006959  bmi160_set_i2c_device_addr                       
00006a55  __aeabi_memclr                                   
00006a55  __aeabi_memclr4                                  
00006a55  __aeabi_memclr8                                  
00006a57  __aeabi_memset                                   
00006a57  __aeabi_memset4                                  
00006a57  __aeabi_memset8                                  
00006a5d  memset                                           
00006ad1  SystemInit                                       
00006b49  bmi160_read_accel_xyz                            
00006bc1  bmi160_read_gyro_xyz                             
00006c39  LCD_write_command                                
00006cad  LCD_write_para8                                  
00006d91  I2C_masterSendMultiByteStart                     
00006df9  __TI_decompress_lzss                             
00006e61  bmi160_init                                      
00006ec5  frexp                                            
00006ec5  frexpl                                           
00006f8b  LCD_SetPos                                       
00006fe9  OLED_GPIO                                        
00007045  ADC14_IRQHandler                                 
00007045  ADC14_IRQHandler                                 
000070f3  __TI_ltoa                                        
00007149  bmi160_get_foc_rdy                               
0000719d  bmi160_get_if_mode                               
000071f1  bmi160_get_mag_manual_enable                     
00007245  bmi160_get_paging_enable                         
00007299  bmi160_get_pullup_configuration                  
000072ed  bmi160_get_target_page                           
00007393  bmi160_bmm150_mag_compensate_xyz                 
000073e5  bmi160_get_accel_offset_compensation_xaxis       
00007435  bmi160_get_accel_offset_compensation_yaxis       
00007485  bmi160_get_accel_offset_compensation_zaxis       
000074d5  bmi160_get_mag_power_mode_stat                   
00007525  bmi_init                                         
00007575  atoi                                             
000075c1  sendTextEsp                                      
0000760d  sendTextPc                                       
00007659  snprintf                                         
000076a5  bmi160_read_reg                                  
000076ed  bmi160_write_reg                                 
00007735  i2c_routine                                      
0000777d  __aeabi_d2iz                                     
000077c5  time_delay_ms                                    
0000780d  LCD_display_full                                 
00007851  __TI_auto_init_nobinit_nopinit                   
00007895  delay                                            
000078d7  LCD_P6X8Str                                      
00007919  bmi160_fifo_data                                 
00007959  bmi160_set_command_register                      
00007999  bmi160_set_fifo_wm                               
000079d9  bmi160_set_mag_read_addr                         
00007a19  bmi160_set_mag_write_addr                        
00007a59  bmi160_set_mag_write_data                        
00007ad9  bmi160_initialize_sensor                         
00007b15  CS_setDCOCenteredFrequency                       
00007b49  UART_transmitData                                
00007b7d  _c_int00_noargs                                  
00007bb1  CS_clearInterruptFlag                            
00007c11  bmi160_i2c_burst_read                            
00007c3f  __aeabi_i2d                                      
00007c6d  bmi160_i2c_bus_read                              
00007c99  bmi160_i2c_bus_write                             
00007cc5  ADC14_getResult                                  
00007ced  CS_getMCLK                                       
00007d15  CS_getSMCLK                                      
00007d3d  GPIO_setOutputHighOnPin                          
00007d65  GPIO_setOutputLowOnPin                           
00007d8d  DelayMs                                          
00007db5  initI2C                                          
00007dd1  memccpy                                          
00007ded  copysign                                         
00007ded  copysignl                                        
00007e1f  all_init                                         
00007e37  strchr                                           
00007e4d  strlen                                           
00007e61  wcslen                                           
00007e73  __TI_decompress_none                             
00007e81  Reset_Handler                                    
00007e8d  bmi160_delay_ms                                  
00007e99  __TI_zero_init                                   
00007ea5  LCD_CLS                                          
00007eb1  __aeabi_errno_addr                               
00007eb9  SysCtlDelay                                      
00007ebf  _system_pre_init                                 
00007ec3  C$$EXIT                                          
00007ec3  abort                                            
00007ec8  _ctypes_                                         
0000807c  uartConfig                                       
00008320  __TI_Handler_Table_Base                          
0000832c  __TI_Handler_Table_Limit                         
00008338  __TI_CINIT_Base                                  
00008348  __TI_CINIT_Limit                                 
20000000  __start___llvm_prf_cnts                          
20000000  __stop___llvm_prf_cnts                           
20000000  accel_fifo                                       
2000036c  gyro_fifo                                        
200006d8  mag_fifo                                         
20000a44  s_bmi160                                         
20000a68  s_magcompXYZ                                     
20000a7c  accelxyz                                         
20000a82  gyroxyz                                          
20000a88  s_accelXYZ                                       
20000a8e  s_gyroXYZ                                        
20000a9c  g_ui32ByteCount                                  
20000aa0  pData                                            
20000aa4  returnRslt                                       
20000aa8  gyro_off_x                                       
20000aaa  gyro_off_y                                       
20000aac  gyro_off_z                                       
20000aae  accel_off_x                                      
20000aaf  accel_off_y                                      
20000ab0  accel_off_z                                      
20000ab1  returnValue                                      
20000ab2  ui8DummyRead                                     
20000ab3  ui8Status                                        
20000ab4  v_fifo_data_u8                                   
20000eb4  Font_code8                                       
20001112  test                                             
20001331  CLDSTA                                           
20001347  burstMode                                        
20001348  i2cConfig                                        
2000135c  PASSD                                            
20001367  CLDPASSD                                         
20001371  SSID                                             
2000137c  V_bmm150_maual_auto_condition_u8                 
20001380  V_fifo_time_U32                                  
20001384  errno                                            
2000fe00  __stack                                          
20010000  __STACK_END                                      
4000480c  WDTCTL_SYM                                       
ffffffff  __TI_pprof_out_hndl                              
ffffffff  __TI_prof_data_size                              
ffffffff  __TI_prof_data_start                             
ffffffff  __binit__                                        
ffffffff  __c_args__                                       
ffffffff  binit                                            
UNDEFED   __mpu_init                                       
UNDEFED   _system_post_cinit                               

[271 symbols]
