<?xml version="1.0" encoding="ISO-8859-1" ?>
<link_info>
   <banner>TI ARM Linker PC v20.2.5.LTS</banner>
   <copyright>Copyright (c) 1996-2018 Texas Instruments Incorporated</copyright>
   <link_time>0x629ece8b</link_time>
   <link_errors>0x0</link_errors>
   <output_file>A_main_msp432.out</output_file>
   <entry_point>
      <name>_c_int00_noargs</name>
      <address>0xa9b5</address>
   </entry_point>
   <input_file_list>
      <input_file id="fl-2">
         <path>.\</path>
         <kind>object</kind>
         <file>LQ12864.obj</file>
         <name>LQ12864.obj</name>
      </input_file>
      <input_file id="fl-3">
         <path>.\</path>
         <kind>object</kind>
         <file>bme280.obj</file>
         <name>bme280.obj</name>
      </input_file>
      <input_file id="fl-4">
         <path>.\</path>
         <kind>object</kind>
         <file>bme280_support.obj</file>
         <name>bme280_support.obj</name>
      </input_file>
      <input_file id="fl-5">
         <path>.\</path>
         <kind>object</kind>
         <file>bmi160.obj</file>
         <name>bmi160.obj</name>
      </input_file>
      <input_file id="fl-6">
         <path>.\</path>
         <kind>object</kind>
         <file>bmi160_support.obj</file>
         <name>bmi160_support.obj</name>
      </input_file>
      <input_file id="fl-7">
         <path>.\</path>
         <kind>object</kind>
         <file>demo_sysctl.obj</file>
         <name>demo_sysctl.obj</name>
      </input_file>
      <input_file id="fl-8">
         <path>.\</path>
         <kind>object</kind>
         <file>i2c_driver.obj</file>
         <name>i2c_driver.obj</name>
      </input_file>
      <input_file id="fl-9">
         <path>.\</path>
         <kind>object</kind>
         <file>main.obj</file>
         <name>main.obj</name>
      </input_file>
      <input_file id="fl-a">
         <path>.\</path>
         <kind>object</kind>
         <file>opt3001.obj</file>
         <name>opt3001.obj</name>
      </input_file>
      <input_file id="fl-b">
         <path>.\</path>
         <kind>object</kind>
         <file>system_msp432p401r.obj</file>
         <name>system_msp432p401r.obj</name>
      </input_file>
      <input_file id="fl-c">
         <path>.\</path>
         <kind>object</kind>
         <file>tmp007.obj</file>
         <name>tmp007.obj</name>
      </input_file>
      <input_file id="fl-d">
         <path>.\</path>
         <kind>object</kind>
         <file>uart_driver.obj</file>
         <name>uart_driver.obj</name>
      </input_file>
      <input_file id="fl-e">
         <path>.\ccs\</path>
         <kind>object</kind>
         <file>startup_msp432p401r_ccs.obj</file>
         <name>startup_msp432p401r_ccs.obj</name>
      </input_file>
      <input_file id="fl-18">
         <kind>object</kind>
         <file>&lt;internal&gt;</file>
         <name>&lt;internal&gt;</name>
      </input_file>
      <input_file id="fl-19">
         <path>D:\msp423_software\simplelink_msp432p4_sdk_3_40_01_02\source\ti\devices\msp432p4xx\driverlib\ccs\</path>
         <kind>archive</kind>
         <file>msp432p4xx_driverlib.lib</file>
         <name>adc14.o</name>
      </input_file>
      <input_file id="fl-1a">
         <path>D:\msp423_software\simplelink_msp432p4_sdk_3_40_01_02\source\ti\devices\msp432p4xx\driverlib\ccs\</path>
         <kind>archive</kind>
         <file>msp432p4xx_driverlib.lib</file>
         <name>cs.o</name>
      </input_file>
      <input_file id="fl-1b">
         <path>D:\msp423_software\simplelink_msp432p4_sdk_3_40_01_02\source\ti\devices\msp432p4xx\driverlib\ccs\</path>
         <kind>archive</kind>
         <file>msp432p4xx_driverlib.lib</file>
         <name>gpio.o</name>
      </input_file>
      <input_file id="fl-1c">
         <path>D:\msp423_software\simplelink_msp432p4_sdk_3_40_01_02\source\ti\devices\msp432p4xx\driverlib\ccs\</path>
         <kind>archive</kind>
         <file>msp432p4xx_driverlib.lib</file>
         <name>i2c.o</name>
      </input_file>
      <input_file id="fl-1d">
         <path>D:\msp423_software\simplelink_msp432p4_sdk_3_40_01_02\source\ti\devices\msp432p4xx\driverlib\ccs\</path>
         <kind>archive</kind>
         <file>msp432p4xx_driverlib.lib</file>
         <name>interrupt.o</name>
      </input_file>
      <input_file id="fl-1e">
         <path>D:\msp423_software\simplelink_msp432p4_sdk_3_40_01_02\source\ti\devices\msp432p4xx\driverlib\ccs\</path>
         <kind>archive</kind>
         <file>msp432p4xx_driverlib.lib</file>
         <name>sysctl_a.o</name>
      </input_file>
      <input_file id="fl-1f">
         <path>D:\msp423_software\simplelink_msp432p4_sdk_3_40_01_02\source\ti\devices\msp432p4xx\driverlib\ccs\</path>
         <kind>archive</kind>
         <file>msp432p4xx_driverlib.lib</file>
         <name>uart.o</name>
      </input_file>
      <input_file id="fl-20">
         <path>D:\msp423_software\simplelink_msp432p4_sdk_3_40_01_02\source\ti\devices\msp432p4xx\driverlib\ccs\</path>
         <kind>archive</kind>
         <file>msp432p4xx_driverlib.lib</file>
         <name>cpu.o</name>
      </input_file>
      <input_file id="fl-d6">
         <path>D:\msp423_software\ccs\tools\compiler\ti-cgt-arm_20.2.5.LTS\lib\</path>
         <kind>archive</kind>
         <file>rtsv7M4_T_le_v4SPD16_eabi.lib</file>
         <name>snprintf.c.obj</name>
      </input_file>
      <input_file id="fl-d7">
         <path>D:\msp423_software\ccs\tools\compiler\ti-cgt-arm_20.2.5.LTS\lib\</path>
         <kind>archive</kind>
         <file>rtsv7M4_T_le_v4SPD16_eabi.lib</file>
         <name>s_exp2.c.obj</name>
      </input_file>
      <input_file id="fl-d8">
         <path>D:\msp423_software\ccs\tools\compiler\ti-cgt-arm_20.2.5.LTS\lib\</path>
         <kind>archive</kind>
         <file>rtsv7M4_T_le_v4SPD16_eabi.lib</file>
         <name>fd_add_t2.asm.obj</name>
      </input_file>
      <input_file id="fl-d9">
         <path>D:\msp423_software\ccs\tools\compiler\ti-cgt-arm_20.2.5.LTS\lib\</path>
         <kind>archive</kind>
         <file>rtsv7M4_T_le_v4SPD16_eabi.lib</file>
         <name>fd_cmp_t2.asm.obj</name>
      </input_file>
      <input_file id="fl-da">
         <path>D:\msp423_software\ccs\tools\compiler\ti-cgt-arm_20.2.5.LTS\lib\</path>
         <kind>archive</kind>
         <file>rtsv7M4_T_le_v4SPD16_eabi.lib</file>
         <name>fd_div_t2.asm.obj</name>
      </input_file>
      <input_file id="fl-db">
         <path>D:\msp423_software\ccs\tools\compiler\ti-cgt-arm_20.2.5.LTS\lib\</path>
         <kind>archive</kind>
         <file>rtsv7M4_T_le_v4SPD16_eabi.lib</file>
         <name>fd_mul_t2.asm.obj</name>
      </input_file>
      <input_file id="fl-dc">
         <path>D:\msp423_software\ccs\tools\compiler\ti-cgt-arm_20.2.5.LTS\lib\</path>
         <kind>archive</kind>
         <file>rtsv7M4_T_le_v4SPD16_eabi.lib</file>
         <name>fd_toi_t2.asm.obj</name>
      </input_file>
      <input_file id="fl-dd">
         <path>D:\msp423_software\ccs\tools\compiler\ti-cgt-arm_20.2.5.LTS\lib\</path>
         <kind>archive</kind>
         <file>rtsv7M4_T_le_v4SPD16_eabi.lib</file>
         <name>fd_tos_t2.asm.obj</name>
      </input_file>
      <input_file id="fl-de">
         <path>D:\msp423_software\ccs\tools\compiler\ti-cgt-arm_20.2.5.LTS\lib\</path>
         <kind>archive</kind>
         <file>rtsv7M4_T_le_v4SPD16_eabi.lib</file>
         <name>i_tofd_t2.asm.obj</name>
      </input_file>
      <input_file id="fl-df">
         <path>D:\msp423_software\ccs\tools\compiler\ti-cgt-arm_20.2.5.LTS\lib\</path>
         <kind>archive</kind>
         <file>rtsv7M4_T_le_v4SPD16_eabi.lib</file>
         <name>ll_mul_t2.asm.obj</name>
      </input_file>
      <input_file id="fl-e0">
         <path>D:\msp423_software\ccs\tools\compiler\ti-cgt-arm_20.2.5.LTS\lib\</path>
         <kind>archive</kind>
         <file>rtsv7M4_T_le_v4SPD16_eabi.lib</file>
         <name>memcpy_t2.asm.obj</name>
      </input_file>
      <input_file id="fl-e1">
         <path>D:\msp423_software\ccs\tools\compiler\ti-cgt-arm_20.2.5.LTS\lib\</path>
         <kind>archive</kind>
         <file>rtsv7M4_T_le_v4SPD16_eabi.lib</file>
         <name>u_tofd_t2.asm.obj</name>
      </input_file>
      <input_file id="fl-e2">
         <path>D:\msp423_software\ccs\tools\compiler\ti-cgt-arm_20.2.5.LTS\lib\</path>
         <kind>archive</kind>
         <file>rtsv7M4_T_le_v4SPD16_eabi.lib</file>
         <name>ll_div_t2.asm.obj</name>
      </input_file>
      <input_file id="fl-e3">
         <path>D:\msp423_software\ccs\tools\compiler\ti-cgt-arm_20.2.5.LTS\lib\</path>
         <kind>archive</kind>
         <file>rtsv7M4_T_le_v4SPD16_eabi.lib</file>
         <name>ull_div_t2.asm.obj</name>
      </input_file>
      <input_file id="fl-e4">
         <path>D:\msp423_software\ccs\tools\compiler\ti-cgt-arm_20.2.5.LTS\lib\</path>
         <kind>archive</kind>
         <file>rtsv7M4_T_le_v4SPD16_eabi.lib</file>
         <name>memset_t2.asm.obj</name>
      </input_file>
      <input_file id="fl-e5">
         <path>D:\msp423_software\ccs\tools\compiler\ti-cgt-arm_20.2.5.LTS\lib\</path>
         <kind>archive</kind>
         <file>rtsv7M4_T_le_v4SPD16_eabi.lib</file>
         <name>copy_zero_init.c.obj</name>
      </input_file>
      <input_file id="fl-e6">
         <path>D:\msp423_software\ccs\tools\compiler\ti-cgt-arm_20.2.5.LTS\lib\</path>
         <kind>archive</kind>
         <file>rtsv7M4_T_le_v4SPD16_eabi.lib</file>
         <name>copy_decompress_none.c.obj</name>
      </input_file>
      <input_file id="fl-e7">
         <path>D:\msp423_software\ccs\tools\compiler\ti-cgt-arm_20.2.5.LTS\lib\</path>
         <kind>archive</kind>
         <file>rtsv7M4_T_le_v4SPD16_eabi.lib</file>
         <name>copy_decompress_lzss.c.obj</name>
      </input_file>
      <input_file id="fl-e8">
         <path>D:\msp423_software\ccs\tools\compiler\ti-cgt-arm_20.2.5.LTS\lib\</path>
         <kind>archive</kind>
         <file>rtsv7M4_T_le_v4SPD16_eabi.lib</file>
         <name>errno.c.obj</name>
      </input_file>
      <input_file id="fl-e9">
         <path>D:\msp423_software\ccs\tools\compiler\ti-cgt-arm_20.2.5.LTS\lib\</path>
         <kind>archive</kind>
         <file>rtsv7M4_T_le_v4SPD16_eabi.lib</file>
         <name>boot_cortex_m.c.obj</name>
      </input_file>
      <input_file id="fl-ea">
         <path>D:\msp423_software\ccs\tools\compiler\ti-cgt-arm_20.2.5.LTS\lib\</path>
         <kind>archive</kind>
         <file>rtsv7M4_T_le_v4SPD16_eabi.lib</file>
         <name>_printfi.c.obj</name>
      </input_file>
      <input_file id="fl-eb">
         <path>D:\msp423_software\ccs\tools\compiler\ti-cgt-arm_20.2.5.LTS\lib\</path>
         <kind>archive</kind>
         <file>rtsv7M4_T_le_v4SPD16_eabi.lib</file>
         <name>s_frexp.c.obj</name>
      </input_file>
      <input_file id="fl-ec">
         <path>D:\msp423_software\ccs\tools\compiler\ti-cgt-arm_20.2.5.LTS\lib\</path>
         <kind>archive</kind>
         <file>rtsv7M4_T_le_v4SPD16_eabi.lib</file>
         <name>s_scalbn.c.obj</name>
      </input_file>
      <input_file id="fl-ed">
         <path>D:\msp423_software\ccs\tools\compiler\ti-cgt-arm_20.2.5.LTS\lib\</path>
         <kind>archive</kind>
         <file>rtsv7M4_T_le_v4SPD16_eabi.lib</file>
         <name>wcslen.c.obj</name>
      </input_file>
      <input_file id="fl-ee">
         <path>D:\msp423_software\ccs\tools\compiler\ti-cgt-arm_20.2.5.LTS\lib\</path>
         <kind>archive</kind>
         <file>rtsv7M4_T_le_v4SPD16_eabi.lib</file>
         <name>div0.asm.obj</name>
      </input_file>
      <input_file id="fl-ef">
         <path>D:\msp423_software\ccs\tools\compiler\ti-cgt-arm_20.2.5.LTS\lib\</path>
         <kind>archive</kind>
         <file>rtsv7M4_T_le_v4SPD16_eabi.lib</file>
         <name>autoinit.c.obj</name>
      </input_file>
      <input_file id="fl-f0">
         <path>D:\msp423_software\ccs\tools\compiler\ti-cgt-arm_20.2.5.LTS\lib\</path>
         <kind>archive</kind>
         <file>rtsv7M4_T_le_v4SPD16_eabi.lib</file>
         <name>pre_init.c.obj</name>
      </input_file>
      <input_file id="fl-f1">
         <path>D:\msp423_software\ccs\tools\compiler\ti-cgt-arm_20.2.5.LTS\lib\</path>
         <kind>archive</kind>
         <file>rtsv7M4_T_le_v4SPD16_eabi.lib</file>
         <name>cpy_tbl.c.obj</name>
      </input_file>
      <input_file id="fl-f2">
         <path>D:\msp423_software\ccs\tools\compiler\ti-cgt-arm_20.2.5.LTS\lib\</path>
         <kind>archive</kind>
         <file>rtsv7M4_T_le_v4SPD16_eabi.lib</file>
         <name>exit.c.obj</name>
      </input_file>
      <input_file id="fl-f3">
         <path>D:\msp423_software\ccs\tools\compiler\ti-cgt-arm_20.2.5.LTS\lib\</path>
         <kind>archive</kind>
         <file>rtsv7M4_T_le_v4SPD16_eabi.lib</file>
         <name>_lock.c.obj</name>
      </input_file>
      <input_file id="fl-f4">
         <path>D:\msp423_software\ccs\tools\compiler\ti-cgt-arm_20.2.5.LTS\lib\</path>
         <kind>archive</kind>
         <file>rtsv7M4_T_le_v4SPD16_eabi.lib</file>
         <name>_ltoa.c.obj</name>
      </input_file>
      <input_file id="fl-f5">
         <path>D:\msp423_software\ccs\tools\compiler\ti-cgt-arm_20.2.5.LTS\lib\</path>
         <kind>archive</kind>
         <file>rtsv7M4_T_le_v4SPD16_eabi.lib</file>
         <name>args_main.c.obj</name>
      </input_file>
      <input_file id="fl-f6">
         <path>D:\msp423_software\ccs\tools\compiler\ti-cgt-arm_20.2.5.LTS\lib\</path>
         <kind>archive</kind>
         <file>rtsv7M4_T_le_v4SPD16_eabi.lib</file>
         <name>atoi.c.obj</name>
      </input_file>
      <input_file id="fl-f7">
         <path>D:\msp423_software\ccs\tools\compiler\ti-cgt-arm_20.2.5.LTS\lib\</path>
         <kind>archive</kind>
         <file>rtsv7M4_T_le_v4SPD16_eabi.lib</file>
         <name>ctype.c.obj</name>
      </input_file>
      <input_file id="fl-f8">
         <path>D:\msp423_software\ccs\tools\compiler\ti-cgt-arm_20.2.5.LTS\lib\</path>
         <kind>archive</kind>
         <file>rtsv7M4_T_le_v4SPD16_eabi.lib</file>
         <name>memccpy.c.obj</name>
      </input_file>
      <input_file id="fl-f9">
         <path>D:\msp423_software\ccs\tools\compiler\ti-cgt-arm_20.2.5.LTS\lib\</path>
         <kind>archive</kind>
         <file>rtsv7M4_T_le_v4SPD16_eabi.lib</file>
         <name>strchr.c.obj</name>
      </input_file>
      <input_file id="fl-fa">
         <path>D:\msp423_software\ccs\tools\compiler\ti-cgt-arm_20.2.5.LTS\lib\</path>
         <kind>archive</kind>
         <file>rtsv7M4_T_le_v4SPD16_eabi.lib</file>
         <name>strlen.c.obj</name>
      </input_file>
      <input_file id="fl-fb">
         <path>D:\msp423_software\ccs\tools\compiler\ti-cgt-arm_20.2.5.LTS\lib\</path>
         <kind>archive</kind>
         <file>rtsv7M4_T_le_v4SPD16_eabi.lib</file>
         <name>s_copysign.c.obj</name>
      </input_file>
   </input_file_list>
   <object_component_list>
      <object_component id="oc-26">
         <name>.intvecs:retain</name>
         <load_address>0x0</load_address>
         <run_address>0x0</run_address>
         <size>0xe4</size>
         <input_file_ref idref="fl-e"/>
      </object_component>
      <object_component id="oc-171">
         <name>.text:bmi160_config_running_mode</name>
         <load_address>0xe4</load_address>
         <run_address>0xe4</run_address>
         <size>0xa58</size>
         <input_file_ref idref="fl-6"/>
      </object_component>
      <object_component id="oc-398">
         <name>.text:__TI_printfi</name>
         <load_address>0xb3c</load_address>
         <run_address>0xb3c</run_address>
         <size>0xa4e</size>
         <input_file_ref idref="fl-ea"/>
      </object_component>
      <object_component id="oc-6d">
         <name>.text:Default_Handler</name>
         <load_address>0x158a</load_address>
         <run_address>0x158a</run_address>
         <size>0x2</size>
         <input_file_ref idref="fl-e"/>
      </object_component>
      <object_component id="oc-2b8">
         <name>.text:bmi160_read_fifo_header_data</name>
         <load_address>0x158c</load_address>
         <run_address>0x158c</run_address>
         <size>0x9d0</size>
         <input_file_ref idref="fl-5"/>
      </object_component>
      <object_component id="oc-59d">
         <name>.text:play2</name>
         <load_address>0x1f5c</load_address>
         <run_address>0x1f5c</run_address>
         <size>0x930</size>
         <input_file_ref idref="fl-9"/>
      </object_component>
      <object_component id="oc-591">
         <name>.text:play</name>
         <load_address>0x288c</load_address>
         <run_address>0x288c</run_address>
         <size>0x91c</size>
         <input_file_ref idref="fl-9"/>
      </object_component>
      <object_component id="oc-597">
         <name>.text:play1</name>
         <load_address>0x31a8</load_address>
         <run_address>0x31a8</run_address>
         <size>0x908</size>
         <input_file_ref idref="fl-9"/>
      </object_component>
      <object_component id="oc-4a5">
         <name>.text:bmi160_read_bmm150_mag_trim</name>
         <load_address>0x3ab0</load_address>
         <run_address>0x3ab0</run_address>
         <size>0x4ac</size>
         <input_file_ref idref="fl-5"/>
      </object_component>
      <object_component id="oc-e5">
         <name>.text:StickAccel</name>
         <load_address>0x3f5c</load_address>
         <run_address>0x3f5c</run_address>
         <size>0x3a4</size>
         <input_file_ref idref="fl-9"/>
      </object_component>
      <object_component id="oc-4ab">
         <name>.text:bmi160_set_bmm150_mag_presetmode</name>
         <load_address>0x4300</load_address>
         <run_address>0x4300</run_address>
         <size>0x358</size>
         <input_file_ref idref="fl-5"/>
      </object_component>
      <object_component id="oc-2c4">
         <name>.text:bmi160_set_intr_enable_0</name>
         <load_address>0x4658</load_address>
         <run_address>0x4658</run_address>
         <size>0x2d8</size>
         <input_file_ref idref="fl-5"/>
      </object_component>
      <object_component id="oc-25e">
         <name>.text:bmi160_bmm150_mag_interface_init</name>
         <load_address>0x4930</load_address>
         <run_address>0x4930</run_address>
         <size>0x29c</size>
         <input_file_ref idref="fl-5"/>
      </object_component>
      <object_component id="oc-560">
         <name>.text:_pconv_a</name>
         <load_address>0x4bcc</load_address>
         <run_address>0x4bcc</run_address>
         <size>0x270</size>
         <input_file_ref idref="fl-ea"/>
      </object_component>
      <object_component id="oc-177">
         <name>.text:bmi160_accel_foc_trigger_xyz</name>
         <load_address>0x4e3c</load_address>
         <run_address>0x4e3c</run_address>
         <size>0x250</size>
         <input_file_ref idref="fl-5"/>
      </object_component>
      <object_component id="oc-79c">
         <name>.text:exp2</name>
         <load_address>0x508c</load_address>
         <run_address>0x508c</run_address>
         <size>0x200</size>
         <input_file_ref idref="fl-d7"/>
      </object_component>
      <object_component id="oc-18f">
         <name>.text:LCD_init</name>
         <load_address>0x528c</load_address>
         <run_address>0x528c</run_address>
         <size>0x1dc</size>
         <input_file_ref idref="fl-2"/>
      </object_component>
      <object_component id="oc-54e">
         <name>.text:_pconv_g</name>
         <load_address>0x5468</load_address>
         <run_address>0x5468</run_address>
         <size>0x1d0</size>
         <input_file_ref idref="fl-ea"/>
      </object_component>
      <object_component id="oc-677">
         <name>.text</name>
         <load_address>0x5638</load_address>
         <run_address>0x5638</run_address>
         <size>0x1b6</size>
         <input_file_ref idref="fl-d8"/>
      </object_component>
      <object_component id="oc-766">
         <name>.text:LCD_draw_line</name>
         <load_address>0x57ee</load_address>
         <run_address>0x57ee</run_address>
         <size>0x1a4</size>
         <input_file_ref idref="fl-2"/>
      </object_component>
      <object_component id="oc-723">
         <name>.text</name>
         <load_address>0x5992</load_address>
         <run_address>0x5992</run_address>
         <size>0x2</size>
         <input_file_ref idref="fl-ee"/>
      </object_component>
      <object_component id="oc-17d">
         <name>.text:bmi160_set_foc_gyro_enable</name>
         <load_address>0x5994</load_address>
         <run_address>0x5994</run_address>
         <size>0x18c</size>
         <input_file_ref idref="fl-5"/>
      </object_component>
      <object_component id="oc-529">
         <name>.text:_getIndexForMemRegister</name>
         <load_address>0x5b20</load_address>
         <run_address>0x5b20</run_address>
         <size>0x160</size>
         <input_file_ref idref="fl-19"/>
      </object_component>
      <object_component id="oc-455">
         <name>.text:bmi160_bmm150_mag_set_power_mode</name>
         <load_address>0x5c80</load_address>
         <run_address>0x5c80</run_address>
         <size>0x160</size>
         <input_file_ref idref="fl-5"/>
      </object_component>
      <object_component id="oc-2ca">
         <name>.text:bmi160_set_intr_enable_2</name>
         <load_address>0x5de0</load_address>
         <run_address>0x5de0</run_address>
         <size>0x158</size>
         <input_file_ref idref="fl-5"/>
      </object_component>
      <object_component id="oc-3c9">
         <name>.text:LCD_P16X16Str</name>
         <load_address>0x5f38</load_address>
         <run_address>0x5f38</run_address>
         <size>0x144</size>
         <input_file_ref idref="fl-2"/>
      </object_component>
      <object_component id="oc-1de">
         <name>.text:ChooseMenu_master</name>
         <load_address>0x607c</load_address>
         <run_address>0x607c</run_address>
         <size>0x140</size>
         <input_file_ref idref="fl-9"/>
      </object_component>
      <object_component id="oc-55a">
         <name>.text:_pconv_e</name>
         <load_address>0x61bc</load_address>
         <run_address>0x61bc</run_address>
         <size>0x13c</size>
         <input_file_ref idref="fl-ea"/>
      </object_component>
      <object_component id="oc-60e">
         <name>.text:readBurstI2C</name>
         <load_address>0x62f8</load_address>
         <run_address>0x62f8</run_address>
         <size>0x13c</size>
         <input_file_ref idref="fl-8"/>
      </object_component>
      <object_component id="oc-5a3">
         <name>.text:ChooseMenu_gaming_lose</name>
         <load_address>0x6434</load_address>
         <run_address>0x6434</run_address>
         <size>0x138</size>
         <input_file_ref idref="fl-9"/>
      </object_component>
      <object_component id="oc-5a9">
         <name>.text:ChooseMenu_gaming_win</name>
         <load_address>0x656c</load_address>
         <run_address>0x656c</run_address>
         <size>0x138</size>
         <input_file_ref idref="fl-9"/>
      </object_component>
      <object_component id="oc-607">
         <name>.text:readI2C</name>
         <load_address>0x66a4</load_address>
         <run_address>0x66a4</run_address>
         <size>0x138</size>
         <input_file_ref idref="fl-8"/>
      </object_component>
      <object_component id="oc-65d">
         <name>.text</name>
         <load_address>0x67dc</load_address>
         <run_address>0x67dc</run_address>
         <size>0x136</size>
         <input_file_ref idref="fl-da"/>
      </object_component>
      <object_component id="oc-6ce">
         <name>.text:paint</name>
         <load_address>0x6914</load_address>
         <run_address>0x6914</run_address>
         <size>0x128</size>
         <input_file_ref idref="fl-9"/>
      </object_component>
      <object_component id="oc-252">
         <name>.text:bmi160_set_bmm150_mag_and_secondary_if_power_mode</name>
         <load_address>0x6a3c</load_address>
         <run_address>0x6a3c</run_address>
         <size>0x124</size>
         <input_file_ref idref="fl-5"/>
      </object_component>
      <object_component id="oc-689">
         <name>.text:fcvt</name>
         <load_address>0x6b60</load_address>
         <run_address>0x6b60</run_address>
         <size>0x124</size>
         <input_file_ref idref="fl-ea"/>
      </object_component>
      <object_component id="oc-210">
         <name>.text:UART_initModule</name>
         <load_address>0x6c84</load_address>
         <run_address>0x6c84</run_address>
         <size>0x11c</size>
         <input_file_ref idref="fl-1f"/>
      </object_component>
      <object_component id="oc-69d">
         <name>.text:scalbn</name>
         <load_address>0x6da0</load_address>
         <run_address>0x6da0</run_address>
         <size>0x110</size>
         <input_file_ref idref="fl-ec"/>
      </object_component>
      <object_component id="oc-416">
         <name>.text:_CSComputeCLKFrequency</name>
         <load_address>0x6eb0</load_address>
         <run_address>0x6eb0</run_address>
         <size>0x104</size>
         <input_file_ref idref="fl-1a"/>
      </object_component>
      <object_component id="oc-195">
         <name>.text:adcInit</name>
         <load_address>0x6fb4</load_address>
         <run_address>0x6fb4</run_address>
         <size>0x104</size>
         <input_file_ref idref="fl-d"/>
      </object_component>
      <object_component id="oc-658">
         <name>.text</name>
         <load_address>0x70b8</load_address>
         <run_address>0x70b8</run_address>
         <size>0xfc</size>
         <input_file_ref idref="fl-db"/>
      </object_component>
      <object_component id="oc-5f9">
         <name>.text:CS_getDCOFrequency</name>
         <load_address>0x71b4</load_address>
         <run_address>0x71b4</run_address>
         <size>0xf8</size>
         <input_file_ref idref="fl-1a"/>
      </object_component>
      <object_component id="oc-2ac">
         <name>.text:bmi160_set_intr_fifo_wm</name>
         <load_address>0x72ac</load_address>
         <run_address>0x72ac</run_address>
         <size>0xf8</size>
         <input_file_ref idref="fl-5"/>
      </object_component>
      <object_component id="oc-4cc">
         <name>.text:bmi160_set_intr_level</name>
         <load_address>0x73a4</load_address>
         <run_address>0x73a4</run_address>
         <size>0xf8</size>
         <input_file_ref idref="fl-5"/>
      </object_component>
      <object_component id="oc-4c6">
         <name>.text:bmi160_set_output_enable</name>
         <load_address>0x749c</load_address>
         <run_address>0x749c</run_address>
         <size>0xf8</size>
         <input_file_ref idref="fl-5"/>
      </object_component>
      <object_component id="oc-73">
         <name>.text:EUSCIB1_IRQHandler</name>
         <load_address>0x7594</load_address>
         <run_address>0x7594</run_address>
         <size>0xec</size>
         <input_file_ref idref="fl-8"/>
      </object_component>
      <object_component id="oc-6d4">
         <name>.text:Progress_Bar</name>
         <load_address>0x7680</load_address>
         <run_address>0x7680</run_address>
         <size>0xec</size>
         <input_file_ref idref="fl-9"/>
      </object_component>
      <object_component id="oc-38f">
         <name>.text:LCD_write_para16</name>
         <load_address>0x776c</load_address>
         <run_address>0x776c</run_address>
         <size>0xea</size>
         <input_file_ref idref="fl-2"/>
      </object_component>
      <object_component id="oc-6da">
         <name>.text:ClsCell</name>
         <load_address>0x7858</load_address>
         <run_address>0x7858</run_address>
         <size>0xe8</size>
         <input_file_ref idref="fl-9"/>
      </object_component>
      <object_component id="oc-339">
         <name>.text:writeI2C</name>
         <load_address>0x7940</load_address>
         <run_address>0x7940</run_address>
         <size>0xe8</size>
         <input_file_ref idref="fl-8"/>
      </object_component>
      <object_component id="oc-6e0">
         <name>.text:PrfCell</name>
         <load_address>0x7a28</load_address>
         <run_address>0x7a28</run_address>
         <size>0xe4</size>
         <input_file_ref idref="fl-9"/>
      </object_component>
      <object_component id="oc-3d5">
         <name>.text:LevelSelection</name>
         <load_address>0x7b0c</load_address>
         <run_address>0x7b0c</run_address>
         <size>0xe0</size>
         <input_file_ref idref="fl-9"/>
      </object_component>
      <object_component id="oc-493">
         <name>.text:bmi160_bmm150_mag_wakeup</name>
         <load_address>0x7bec</load_address>
         <run_address>0x7bec</run_address>
         <size>0xd4</size>
         <input_file_ref idref="fl-5"/>
      </object_component>
      <object_component id="oc-276">
         <name>.text:bmi160_set_gyro_output_data_rate</name>
         <load_address>0x7cc0</load_address>
         <run_address>0x7cc0</run_address>
         <size>0xd0</size>
         <input_file_ref idref="fl-5"/>
      </object_component>
      <object_component id="oc-4e1">
         <name>.text:bmi160_bmm150_mag_compensate_X</name>
         <load_address>0x7d90</load_address>
         <run_address>0x7d90</run_address>
         <size>0xc4</size>
         <input_file_ref idref="fl-5"/>
      </object_component>
      <object_component id="oc-4e7">
         <name>.text:bmi160_bmm150_mag_compensate_Y</name>
         <load_address>0x7e54</load_address>
         <run_address>0x7e54</run_address>
         <size>0xc4</size>
         <input_file_ref idref="fl-5"/>
      </object_component>
      <object_component id="oc-501">
         <name>.text:bmi160_read_mag_xyzr</name>
         <load_address>0x7f18</load_address>
         <run_address>0x7f18</run_address>
         <size>0xc0</size>
         <input_file_ref idref="fl-5"/>
      </object_component>
      <object_component id="oc-32b">
         <name>.text:bmi160_get_gyro_offset_compensation_yaxis</name>
         <load_address>0x7fd8</load_address>
         <run_address>0x7fd8</run_address>
         <size>0xbc</size>
         <input_file_ref idref="fl-5"/>
      </object_component>
      <object_component id="oc-331">
         <name>.text:bmi160_get_gyro_offset_compensation_zaxis</name>
         <load_address>0x8094</load_address>
         <run_address>0x8094</run_address>
         <size>0xbc</size>
         <input_file_ref idref="fl-5"/>
      </object_component>
      <object_component id="oc-325">
         <name>.text:bmi160_get_gyro_offset_compensation_xaxis</name>
         <load_address>0x8150</load_address>
         <run_address>0x8150</run_address>
         <size>0xb8</size>
         <input_file_ref idref="fl-5"/>
      </object_component>
      <object_component id="oc-159">
         <name>.text:uartInit</name>
         <load_address>0x8208</load_address>
         <run_address>0x8208</run_address>
         <size>0xb8</size>
         <input_file_ref idref="fl-d"/>
      </object_component>
      <object_component id="oc-371">
         <name>.text:ADC14_configureConversionMemory</name>
         <load_address>0x82c0</load_address>
         <run_address>0x82c0</run_address>
         <size>0xb4</size>
         <input_file_ref idref="fl-19"/>
      </object_component>
      <object_component id="oc-36b">
         <name>.text:ADC14_configureMultiSequenceMode</name>
         <load_address>0x8374</load_address>
         <run_address>0x8374</run_address>
         <size>0xb4</size>
         <input_file_ref idref="fl-19"/>
      </object_component>
      <object_component id="oc-543">
         <name>.text:_ltostr</name>
         <load_address>0x8428</load_address>
         <run_address>0x8428</run_address>
         <size>0xb1</size>
         <input_file_ref idref="fl-ea"/>
      </object_component>
      <object_component id="oc-4b1">
         <name>.text:bmi160_set_mag_output_data_rate</name>
         <load_address>0x84dc</load_address>
         <run_address>0x84dc</run_address>
         <size>0xa8</size>
         <input_file_ref idref="fl-5"/>
      </object_component>
      <object_component id="oc-37">
         <name>.text</name>
         <load_address>0x8584</load_address>
         <run_address>0x8584</run_address>
         <size>0x9c</size>
         <input_file_ref idref="fl-e0"/>
      </object_component>
      <object_component id="oc-6c8">
         <name>.text:Guidance</name>
         <load_address>0x8620</load_address>
         <run_address>0x8620</run_address>
         <size>0x9b</size>
         <input_file_ref idref="fl-9"/>
      </object_component>
      <object_component id="oc-27c">
         <name>.text:bmi160_set_accel_output_data_rate</name>
         <load_address>0x86bc</load_address>
         <run_address>0x86bc</run_address>
         <size>0x98</size>
         <input_file_ref idref="fl-5"/>
      </object_component>
      <object_component id="oc-651">
         <name>.text</name>
         <load_address>0x8754</load_address>
         <run_address>0x8754</run_address>
         <size>0x96</size>
         <input_file_ref idref="fl-e3"/>
      </object_component>
      <object_component id="oc-6fd">
         <name>.text:SysCtl_A_getTLVInfo</name>
         <load_address>0x87ec</load_address>
         <run_address>0x87ec</run_address>
         <size>0x94</size>
         <input_file_ref idref="fl-1e"/>
      </object_component>
      <object_component id="oc-4ed">
         <name>.text:bmi160_bmm150_mag_compensate_Z</name>
         <load_address>0x8880</load_address>
         <run_address>0x8880</run_address>
         <size>0x94</size>
         <input_file_ref idref="fl-5"/>
      </object_component>
      <object_component id="oc-26a">
         <name>.text:bmi160_set_accel_bw</name>
         <load_address>0x8914</load_address>
         <run_address>0x8914</run_address>
         <size>0x90</size>
         <input_file_ref idref="fl-5"/>
      </object_component>
      <object_component id="oc-294">
         <name>.text:bmi160_set_fifo_accel_enable</name>
         <load_address>0x89a4</load_address>
         <run_address>0x89a4</run_address>
         <size>0x90</size>
         <input_file_ref idref="fl-5"/>
      </object_component>
      <object_component id="oc-29a">
         <name>.text:bmi160_set_fifo_gyro_enable</name>
         <load_address>0x8a34</load_address>
         <run_address>0x8a34</run_address>
         <size>0x90</size>
         <input_file_ref idref="fl-5"/>
      </object_component>
      <object_component id="oc-288">
         <name>.text:bmi160_set_fifo_header_enable</name>
         <load_address>0x8ac4</load_address>
         <run_address>0x8ac4</run_address>
         <size>0x90</size>
         <input_file_ref idref="fl-5"/>
      </object_component>
      <object_component id="oc-28e">
         <name>.text:bmi160_set_fifo_mag_enable</name>
         <load_address>0x8b54</load_address>
         <run_address>0x8b54</run_address>
         <size>0x90</size>
         <input_file_ref idref="fl-5"/>
      </object_component>
      <object_component id="oc-2a6">
         <name>.text:bmi160_set_fifo_stop_on_full</name>
         <load_address>0x8be4</load_address>
         <run_address>0x8be4</run_address>
         <size>0x90</size>
         <input_file_ref idref="fl-5"/>
      </object_component>
      <object_component id="oc-2a0">
         <name>.text:bmi160_set_fifo_time_enable</name>
         <load_address>0x8c74</load_address>
         <run_address>0x8c74</run_address>
         <size>0x90</size>
         <input_file_ref idref="fl-5"/>
      </object_component>
      <object_component id="oc-270">
         <name>.text:bmi160_set_gyro_bw</name>
         <load_address>0x8d04</load_address>
         <run_address>0x8d04</run_address>
         <size>0x90</size>
         <input_file_ref idref="fl-5"/>
      </object_component>
      <object_component id="oc-2dc">
         <name>.text:bmi160_set_gyro_sleep_state</name>
         <load_address>0x8d94</load_address>
         <run_address>0x8d94</run_address>
         <size>0x90</size>
         <input_file_ref idref="fl-5"/>
      </object_component>
      <object_component id="oc-2d0">
         <name>.text:bmi160_set_gyro_sleep_trigger</name>
         <load_address>0x8e24</load_address>
         <run_address>0x8e24</run_address>
         <size>0x90</size>
         <input_file_ref idref="fl-5"/>
      </object_component>
      <object_component id="oc-2e2">
         <name>.text:bmi160_set_gyro_wakeup_intr</name>
         <load_address>0x8eb4</load_address>
         <run_address>0x8eb4</run_address>
         <size>0x90</size>
         <input_file_ref idref="fl-5"/>
      </object_component>
      <object_component id="oc-2d6">
         <name>.text:bmi160_set_gyro_wakeup_trigger</name>
         <load_address>0x8f44</load_address>
         <run_address>0x8f44</run_address>
         <size>0x90</size>
         <input_file_ref idref="fl-5"/>
      </object_component>
      <object_component id="oc-258">
         <name>.text:bmi160_set_if_mode</name>
         <load_address>0x8fd4</load_address>
         <run_address>0x8fd4</run_address>
         <size>0x90</size>
         <input_file_ref idref="fl-5"/>
      </object_component>
      <object_component id="oc-44f">
         <name>.text:bmi160_set_mag_manual_enable</name>
         <load_address>0x9064</load_address>
         <run_address>0x9064</run_address>
         <size>0x90</size>
         <input_file_ref idref="fl-5"/>
      </object_component>
      <object_component id="oc-46f">
         <name>.text:bmi160_set_paging_enable</name>
         <load_address>0x90f4</load_address>
         <run_address>0x90f4</run_address>
         <size>0x90</size>
         <input_file_ref idref="fl-5"/>
      </object_component>
      <object_component id="oc-481">
         <name>.text:bmi160_set_pullup_configuration</name>
         <load_address>0x9184</load_address>
         <run_address>0x9184</run_address>
         <size>0x90</size>
         <input_file_ref idref="fl-5"/>
      </object_component>
      <object_component id="oc-463">
         <name>.text:bmi160_set_target_page</name>
         <load_address>0x9214</load_address>
         <run_address>0x9214</run_address>
         <size>0x90</size>
         <input_file_ref idref="fl-5"/>
      </object_component>
      <object_component id="oc-15f">
         <name>.text:ESPInit</name>
         <load_address>0x92a4</load_address>
         <run_address>0x92a4</run_address>
         <size>0x8c</size>
         <input_file_ref idref="fl-d"/>
      </object_component>
      <object_component id="oc-22d">
         <name>.text:GPIO_setAsPeripheralModuleFunctionOutputPin</name>
         <load_address>0x9330</load_address>
         <run_address>0x9330</run_address>
         <size>0x88</size>
         <input_file_ref idref="fl-1b"/>
      </object_component>
      <object_component id="oc-549">
         <name>.text:__aeabi_cdcmple</name>
         <load_address>0x93b8</load_address>
         <run_address>0x93b8</run_address>
         <size>0x86</size>
         <input_file_ref idref="fl-d9"/>
      </object_component>
      <object_component id="oc-662">
         <name>.text:__aeabi_cdrcmple</name>
         <load_address>0x943e</load_address>
         <run_address>0x943e</run_address>
         <size>0x86</size>
         <input_file_ref idref="fl-d9"/>
      </object_component>
      <object_component id="oc-1d8">
         <name>.text:show_pic</name>
         <load_address>0x94c4</load_address>
         <run_address>0x94c4</run_address>
         <size>0x86</size>
         <input_file_ref idref="fl-2"/>
      </object_component>
      <object_component id="oc-282">
         <name>.text:bmi160_interrupt_configuration</name>
         <load_address>0x954c</load_address>
         <run_address>0x954c</run_address>
         <size>0x80</size>
         <input_file_ref idref="fl-6"/>
      </object_component>
      <object_component id="oc-2fb">
         <name>.text:bmi160_set_accel_offset_enable</name>
         <load_address>0x95cc</load_address>
         <run_address>0x95cc</run_address>
         <size>0x80</size>
         <input_file_ref idref="fl-5"/>
      </object_component>
      <object_component id="oc-31f">
         <name>.text:bmi160_set_gyro_offset_enable</name>
         <load_address>0x964c</load_address>
         <run_address>0x964c</run_address>
         <size>0x80</size>
         <input_file_ref idref="fl-5"/>
      </object_component>
      <object_component id="oc-487">
         <name>.text:bmi160_set_i2c_device_addr</name>
         <load_address>0x96cc</load_address>
         <run_address>0x96cc</run_address>
         <size>0x80</size>
         <input_file_ref idref="fl-5"/>
      </object_component>
      <object_component id="oc-703">
         <name>.text:_CSGetDOCFrequency</name>
         <load_address>0x974c</load_address>
         <run_address>0x974c</run_address>
         <size>0x7c</size>
         <input_file_ref idref="fl-1a"/>
      </object_component>
      <object_component id="oc-93">
         <name>.text</name>
         <load_address>0x97c8</load_address>
         <run_address>0x97c8</run_address>
         <size>0x7a</size>
         <input_file_ref idref="fl-e4"/>
      </object_component>
      <object_component id="oc-b1">
         <name>.text:SystemInit</name>
         <load_address>0x9844</load_address>
         <run_address>0x9844</run_address>
         <size>0x78</size>
         <input_file_ref idref="fl-b"/>
      </object_component>
      <object_component id="oc-1b1">
         <name>.text:bmi160_read_accel_xyz</name>
         <load_address>0x98bc</load_address>
         <run_address>0x98bc</run_address>
         <size>0x78</size>
         <input_file_ref idref="fl-5"/>
      </object_component>
      <object_component id="oc-2be">
         <name>.text:bmi160_read_gyro_xyz</name>
         <load_address>0x9934</load_address>
         <run_address>0x9934</run_address>
         <size>0x78</size>
         <input_file_ref idref="fl-5"/>
      </object_component>
      <object_component id="oc-358">
         <name>.text:LCD_write_command</name>
         <load_address>0x99ac</load_address>
         <run_address>0x99ac</run_address>
         <size>0x74</size>
         <input_file_ref idref="fl-2"/>
      </object_component>
      <object_component id="oc-35e">
         <name>.text:LCD_write_para8</name>
         <load_address>0x9a20</load_address>
         <run_address>0x9a20</run_address>
         <size>0x74</size>
         <input_file_ref idref="fl-2"/>
      </object_component>
      <object_component id="oc-760">
         <name>.text:sensorOpt3001Convert</name>
         <load_address>0x9a94</load_address>
         <run_address>0x9a94</run_address>
         <size>0x70</size>
         <input_file_ref idref="fl-a"/>
      </object_component>
      <object_component id="oc-682">
         <name>.text:_mcpy</name>
         <load_address>0x9b04</load_address>
         <run_address>0x9b04</run_address>
         <size>0x6e</size>
         <input_file_ref idref="fl-ea"/>
      </object_component>
      <object_component id="oc-7a2">
         <name>.text</name>
         <load_address>0x9b72</load_address>
         <run_address>0x9b72</run_address>
         <size>0x6e</size>
         <input_file_ref idref="fl-dd"/>
      </object_component>
      <object_component id="oc-df">
         <name>.text:all_init</name>
         <load_address>0x9be0</load_address>
         <run_address>0x9be0</run_address>
         <size>0x6c</size>
         <input_file_ref idref="fl-9"/>
      </object_component>
      <object_component id="oc-515">
         <name>.text:I2C_masterSendMultiByteStart</name>
         <load_address>0x9c4c</load_address>
         <run_address>0x9c4c</run_address>
         <size>0x68</size>
         <input_file_ref idref="fl-1c"/>
      </object_component>
      <object_component id="oc-17">
         <name>.text:decompress:lzss:__TI_decompress_lzss</name>
         <load_address>0x9cb4</load_address>
         <run_address>0x9cb4</run_address>
         <size>0x68</size>
         <input_file_ref idref="fl-e7"/>
      </object_component>
      <object_component id="oc-23d">
         <name>.text:bmi160_init</name>
         <load_address>0x9d1c</load_address>
         <run_address>0x9d1c</run_address>
         <size>0x64</size>
         <input_file_ref idref="fl-5"/>
      </object_component>
      <object_component id="oc-697">
         <name>.text:frexp</name>
         <load_address>0x9d80</load_address>
         <run_address>0x9d80</run_address>
         <size>0x64</size>
         <input_file_ref idref="fl-eb"/>
      </object_component>
      <object_component id="oc-75a">
         <name>.text:sensorOpt3001Read</name>
         <load_address>0x9de4</load_address>
         <run_address>0x9de4</run_address>
         <size>0x64</size>
         <input_file_ref idref="fl-a"/>
      </object_component>
      <object_component id="oc-5ed">
         <name>.text:_CSGetDividerValue</name>
         <load_address>0x9e48</load_address>
         <run_address>0x9e48</run_address>
         <size>0x62</size>
         <input_file_ref idref="fl-1a"/>
      </object_component>
      <object_component id="oc-389">
         <name>.text:LCD_SetPos</name>
         <load_address>0x9eaa</load_address>
         <run_address>0x9eaa</run_address>
         <size>0x5e</size>
         <input_file_ref idref="fl-2"/>
      </object_component>
      <object_component id="oc-340">
         <name>.text:OLED_GPIO</name>
         <load_address>0x9f08</load_address>
         <run_address>0x9f08</run_address>
         <size>0x5c</size>
         <input_file_ref idref="fl-2"/>
      </object_component>
      <object_component id="oc-554">
         <name>.text:_pconv_f</name>
         <load_address>0x9f64</load_address>
         <run_address>0x9f64</run_address>
         <size>0x56</size>
         <input_file_ref idref="fl-ea"/>
      </object_component>
      <object_component id="oc-66c">
         <name>.text:__TI_ltoa</name>
         <load_address>0x9fba</load_address>
         <run_address>0x9fba</run_address>
         <size>0x54</size>
         <input_file_ref idref="fl-f4"/>
      </object_component>
      <object_component id="oc-301">
         <name>.text:bmi160_get_foc_rdy</name>
         <load_address>0xa010</load_address>
         <run_address>0xa010</run_address>
         <size>0x54</size>
         <input_file_ref idref="fl-5"/>
      </object_component>
      <object_component id="oc-24c">
         <name>.text:bmi160_get_if_mode</name>
         <load_address>0xa064</load_address>
         <run_address>0xa064</run_address>
         <size>0x54</size>
         <input_file_ref idref="fl-5"/>
      </object_component>
      <object_component id="oc-48d">
         <name>.text:bmi160_get_mag_manual_enable</name>
         <load_address>0xa0b8</load_address>
         <run_address>0xa0b8</run_address>
         <size>0x54</size>
         <input_file_ref idref="fl-5"/>
      </object_component>
      <object_component id="oc-475">
         <name>.text:bmi160_get_paging_enable</name>
         <load_address>0xa10c</load_address>
         <run_address>0xa10c</run_address>
         <size>0x54</size>
         <input_file_ref idref="fl-5"/>
      </object_component>
      <object_component id="oc-47b">
         <name>.text:bmi160_get_pullup_configuration</name>
         <load_address>0xa160</load_address>
         <run_address>0xa160</run_address>
         <size>0x54</size>
         <input_file_ref idref="fl-5"/>
      </object_component>
      <object_component id="oc-469">
         <name>.text:bmi160_get_target_page</name>
         <load_address>0xa1b4</load_address>
         <run_address>0xa1b4</run_address>
         <size>0x54</size>
         <input_file_ref idref="fl-5"/>
      </object_component>
      <object_component id="oc-67c">
         <name>.text:_ecpy</name>
         <load_address>0xa208</load_address>
         <run_address>0xa208</run_address>
         <size>0x52</size>
         <input_file_ref idref="fl-ea"/>
      </object_component>
      <object_component id="oc-2e8">
         <name>.text:bmi160_bmm150_mag_compensate_xyz</name>
         <load_address>0xa25a</load_address>
         <run_address>0xa25a</run_address>
         <size>0x52</size>
         <input_file_ref idref="fl-5"/>
      </object_component>
      <object_component id="oc-307">
         <name>.text:bmi160_get_accel_offset_compensation_xaxis</name>
         <load_address>0xa2ac</load_address>
         <run_address>0xa2ac</run_address>
         <size>0x50</size>
         <input_file_ref idref="fl-5"/>
      </object_component>
      <object_component id="oc-30d">
         <name>.text:bmi160_get_accel_offset_compensation_yaxis</name>
         <load_address>0xa2fc</load_address>
         <run_address>0xa2fc</run_address>
         <size>0x50</size>
         <input_file_ref idref="fl-5"/>
      </object_component>
      <object_component id="oc-313">
         <name>.text:bmi160_get_accel_offset_compensation_zaxis</name>
         <load_address>0xa34c</load_address>
         <run_address>0xa34c</run_address>
         <size>0x50</size>
         <input_file_ref idref="fl-5"/>
      </object_component>
      <object_component id="oc-45d">
         <name>.text:bmi160_get_mag_power_mode_stat</name>
         <load_address>0xa39c</load_address>
         <run_address>0xa39c</run_address>
         <size>0x50</size>
         <input_file_ref idref="fl-5"/>
      </object_component>
      <object_component id="oc-53d">
         <name>.text:atoi</name>
         <load_address>0xa3ec</load_address>
         <run_address>0xa3ec</run_address>
         <size>0x4c</size>
         <input_file_ref idref="fl-f6"/>
      </object_component>
      <object_component id="oc-1c3">
         <name>.text:sendTextEsp</name>
         <load_address>0xa438</load_address>
         <run_address>0xa438</run_address>
         <size>0x4c</size>
         <input_file_ref idref="fl-d"/>
      </object_component>
      <object_component id="oc-1bd">
         <name>.text:sendTextPc</name>
         <load_address>0xa484</load_address>
         <run_address>0xa484</run_address>
         <size>0x4c</size>
         <input_file_ref idref="fl-d"/>
      </object_component>
      <object_component id="oc-1b7">
         <name>.text:snprintf</name>
         <load_address>0xa4d0</load_address>
         <run_address>0xa4d0</run_address>
         <size>0x4c</size>
         <input_file_ref idref="fl-d6"/>
      </object_component>
      <object_component id="oc-628">
         <name>.text:bmi160_read_reg</name>
         <load_address>0xa51c</load_address>
         <run_address>0xa51c</run_address>
         <size>0x48</size>
         <input_file_ref idref="fl-5"/>
      </object_component>
      <object_component id="oc-441">
         <name>.text:bmi160_write_reg</name>
         <load_address>0xa564</load_address>
         <run_address>0xa564</run_address>
         <size>0x48</size>
         <input_file_ref idref="fl-5"/>
      </object_component>
      <object_component id="oc-237">
         <name>.text:i2c_routine</name>
         <load_address>0xa5ac</load_address>
         <run_address>0xa5ac</run_address>
         <size>0x48</size>
         <input_file_ref idref="fl-6"/>
      </object_component>
      <object_component id="oc-667">
         <name>.text</name>
         <load_address>0xa5f4</load_address>
         <run_address>0xa5f4</run_address>
         <size>0x48</size>
         <input_file_ref idref="fl-dc"/>
      </object_component>
      <object_component id="oc-34c">
         <name>.text:time_delay_ms</name>
         <load_address>0xa63c</load_address>
         <run_address>0xa63c</run_address>
         <size>0x48</size>
         <input_file_ref idref="fl-2"/>
      </object_component>
      <object_component id="oc-364">
         <name>.text:LCD_display_full</name>
         <load_address>0xa684</load_address>
         <run_address>0xa684</run_address>
         <size>0x44</size>
         <input_file_ref idref="fl-2"/>
      </object_component>
      <object_component id="oc-103">
         <name>.text:__TI_auto_init_nobinit_nopinit:__TI_auto_init_nobinit_nopinit</name>
         <load_address>0xa6c8</load_address>
         <run_address>0xa6c8</run_address>
         <size>0x44</size>
         <input_file_ref idref="fl-ef"/>
      </object_component>
      <object_component id="oc-1ab">
         <name>.text:delay</name>
         <load_address>0xa70c</load_address>
         <run_address>0xa70c</run_address>
         <size>0x42</size>
         <input_file_ref idref="fl-d"/>
      </object_component>
      <object_component id="oc-4db">
         <name>.text:bmi160_fifo_data</name>
         <load_address>0xa750</load_address>
         <run_address>0xa750</run_address>
         <size>0x40</size>
         <input_file_ref idref="fl-5"/>
      </object_component>
      <object_component id="oc-264">
         <name>.text:bmi160_set_command_register</name>
         <load_address>0xa790</load_address>
         <run_address>0xa790</run_address>
         <size>0x40</size>
         <input_file_ref idref="fl-5"/>
      </object_component>
      <object_component id="oc-2b2">
         <name>.text:bmi160_set_fifo_wm</name>
         <load_address>0xa7d0</load_address>
         <run_address>0xa7d0</run_address>
         <size>0x40</size>
         <input_file_ref idref="fl-5"/>
      </object_component>
      <object_component id="oc-4b7">
         <name>.text:bmi160_set_mag_read_addr</name>
         <load_address>0xa810</load_address>
         <run_address>0xa810</run_address>
         <size>0x40</size>
         <input_file_ref idref="fl-5"/>
      </object_component>
      <object_component id="oc-49f">
         <name>.text:bmi160_set_mag_write_addr</name>
         <load_address>0xa850</load_address>
         <run_address>0xa850</run_address>
         <size>0x40</size>
         <input_file_ref idref="fl-5"/>
      </object_component>
      <object_component id="oc-499">
         <name>.text:bmi160_set_mag_write_data</name>
         <load_address>0xa890</load_address>
         <run_address>0xa890</run_address>
         <size>0x40</size>
         <input_file_ref idref="fl-5"/>
      </object_component>
      <object_component id="oc-68f">
         <name>.text:_fcpy</name>
         <load_address>0xa8d0</load_address>
         <run_address>0xa8d0</run_address>
         <size>0x3e</size>
         <input_file_ref idref="fl-ea"/>
      </object_component>
      <object_component id="oc-16b">
         <name>.text:bmi160_initialize_sensor</name>
         <load_address>0xa910</load_address>
         <run_address>0xa910</run_address>
         <size>0x3c</size>
         <input_file_ref idref="fl-6"/>
      </object_component>
      <object_component id="oc-20a">
         <name>.text:CS_setDCOCenteredFrequency</name>
         <load_address>0xa94c</load_address>
         <run_address>0xa94c</run_address>
         <size>0x34</size>
         <input_file_ref idref="fl-1a"/>
      </object_component>
      <object_component id="oc-3bb">
         <name>.text:UART_transmitData</name>
         <load_address>0xa980</load_address>
         <run_address>0xa980</run_address>
         <size>0x34</size>
         <input_file_ref idref="fl-1f"/>
      </object_component>
      <object_component id="oc-55">
         <name>.text:_c_int00_noargs:_c_int00_noargs</name>
         <load_address>0xa9b4</load_address>
         <run_address>0xa9b4</run_address>
         <size>0x34</size>
         <input_file_ref idref="fl-e9"/>
      </object_component>
      <object_component id="oc-5f3">
         <name>.text:CS_clearInterruptFlag</name>
         <load_address>0xa9e8</load_address>
         <run_address>0xa9e8</run_address>
         <size>0x30</size>
         <input_file_ref idref="fl-1a"/>
      </object_component>
      <object_component id="oc-39e">
         <name>.text:_outs</name>
         <load_address>0xaa18</load_address>
         <run_address>0xaa18</run_address>
         <size>0x30</size>
         <input_file_ref idref="fl-d6"/>
      </object_component>
      <object_component id="oc-434">
         <name>.text:bmi160_i2c_burst_read</name>
         <load_address>0xaa48</load_address>
         <run_address>0xaa48</run_address>
         <size>0x2e</size>
         <input_file_ref idref="fl-6"/>
      </object_component>
      <object_component id="oc-672">
         <name>.text</name>
         <load_address>0xaa76</load_address>
         <run_address>0xaa76</run_address>
         <size>0x2e</size>
         <input_file_ref idref="fl-de"/>
      </object_component>
      <object_component id="oc-eb">
         <name>.text:GameMenu</name>
         <load_address>0xaaa4</load_address>
         <run_address>0xaaa4</run_address>
         <size>0x2c</size>
         <input_file_ref idref="fl-9"/>
      </object_component>
      <object_component id="oc-42e">
         <name>.text:bmi160_i2c_bus_read</name>
         <load_address>0xaad0</load_address>
         <run_address>0xaad0</run_address>
         <size>0x2c</size>
         <input_file_ref idref="fl-6"/>
      </object_component>
      <object_component id="oc-428">
         <name>.text:bmi160_i2c_bus_write</name>
         <load_address>0xaafc</load_address>
         <run_address>0xaafc</run_address>
         <size>0x2c</size>
         <input_file_ref idref="fl-6"/>
      </object_component>
      <object_component id="oc-189">
         <name>.text:sensorOpt3001Enable</name>
         <load_address>0xab28</load_address>
         <run_address>0xab28</run_address>
         <size>0x2c</size>
         <input_file_ref idref="fl-a"/>
      </object_component>
      <object_component id="oc-3cf">
         <name>.text:ADC14_getResult</name>
         <load_address>0xab54</load_address>
         <run_address>0xab54</run_address>
         <size>0x28</size>
         <input_file_ref idref="fl-19"/>
      </object_component>
      <object_component id="oc-711">
         <name>.text:CS_getMCLK</name>
         <load_address>0xab7c</load_address>
         <run_address>0xab7c</run_address>
         <size>0x28</size>
         <input_file_ref idref="fl-1a"/>
      </object_component>
      <object_component id="oc-227">
         <name>.text:CS_getSMCLK</name>
         <load_address>0xaba4</load_address>
         <run_address>0xaba4</run_address>
         <size>0x28</size>
         <input_file_ref idref="fl-1a"/>
      </object_component>
      <object_component id="oc-352">
         <name>.text:GPIO_setOutputHighOnPin</name>
         <load_address>0xabcc</load_address>
         <run_address>0xabcc</run_address>
         <size>0x28</size>
         <input_file_ref idref="fl-1b"/>
      </object_component>
      <object_component id="oc-346">
         <name>.text:GPIO_setOutputLowOnPin</name>
         <load_address>0xabf4</load_address>
         <run_address>0xabf4</run_address>
         <size>0x28</size>
         <input_file_ref idref="fl-1b"/>
      </object_component>
      <object_component id="oc-1a5">
         <name>.text:LCD_draw_dot</name>
         <load_address>0xac1c</load_address>
         <run_address>0xac1c</run_address>
         <size>0x28</size>
         <input_file_ref idref="fl-2"/>
      </object_component>
      <object_component id="oc-615">
         <name>.text:DelayMs</name>
         <load_address>0xac44</load_address>
         <run_address>0xac44</run_address>
         <size>0x26</size>
         <input_file_ref idref="fl-7"/>
      </object_component>
      <object_component id="oc-797">
         <name>.text</name>
         <load_address>0xac6a</load_address>
         <run_address>0xac6a</run_address>
         <size>0x20</size>
         <input_file_ref idref="fl-e1"/>
      </object_component>
      <object_component id="oc-165">
         <name>.text:initI2C</name>
         <load_address>0xac8c</load_address>
         <run_address>0xac8c</run_address>
         <size>0x1c</size>
         <input_file_ref idref="fl-8"/>
      </object_component>
      <object_component id="oc-566">
         <name>.text:memccpy</name>
         <load_address>0xaca8</load_address>
         <run_address>0xaca8</run_address>
         <size>0x1c</size>
         <input_file_ref idref="fl-f8"/>
      </object_component>
      <object_component id="oc-73c">
         <name>.text:copysign</name>
         <load_address>0xacc4</load_address>
         <run_address>0xacc4</run_address>
         <size>0x1a</size>
         <input_file_ref idref="fl-fb"/>
      </object_component>
      <object_component id="oc-3a4">
         <name>.text:_outc</name>
         <load_address>0xacde</load_address>
         <run_address>0xacde</run_address>
         <size>0x18</size>
         <input_file_ref idref="fl-d6"/>
      </object_component>
      <object_component id="oc-6a3">
         <name>.text:strchr</name>
         <load_address>0xacf6</load_address>
         <run_address>0xacf6</run_address>
         <size>0x16</size>
         <input_file_ref idref="fl-f9"/>
      </object_component>
      <object_component id="oc-537">
         <name>.text:strlen</name>
         <load_address>0xad0c</load_address>
         <run_address>0xad0c</run_address>
         <size>0x14</size>
         <input_file_ref idref="fl-fa"/>
      </object_component>
      <object_component id="oc-56c">
         <name>.text:wcslen</name>
         <load_address>0xad20</load_address>
         <run_address>0xad20</run_address>
         <size>0x12</size>
         <input_file_ref idref="fl-ed"/>
      </object_component>
      <object_component id="oc-523">
         <name>.text:ADCIsConversionRunning</name>
         <load_address>0xad34</load_address>
         <run_address>0xad34</run_address>
         <size>0x10</size>
         <input_file_ref idref="fl-19"/>
      </object_component>
      <object_component id="oc-9f">
         <name>.text:main</name>
         <load_address>0xad44</load_address>
         <run_address>0xad44</run_address>
         <size>0x10</size>
         <input_file_ref idref="fl-9"/>
      </object_component>
      <object_component id="oc-1d">
         <name>.text:decompress:none:__TI_decompress_none</name>
         <load_address>0xad54</load_address>
         <run_address>0xad54</run_address>
         <size>0xe</size>
         <input_file_ref idref="fl-e6"/>
      </object_component>
      <object_component id="oc-1d2">
         <name>.text:LCD_CLS</name>
         <load_address>0xad62</load_address>
         <run_address>0xad62</run_address>
         <size>0xc</size>
         <input_file_ref idref="fl-2"/>
      </object_component>
      <object_component id="oc-67">
         <name>.text:Reset_Handler</name>
         <load_address>0xad6e</load_address>
         <run_address>0xad6e</run_address>
         <size>0xc</size>
         <input_file_ref idref="fl-e"/>
      </object_component>
      <object_component id="oc-43a">
         <name>.text:bmi160_delay_ms</name>
         <load_address>0xad7a</load_address>
         <run_address>0xad7a</run_address>
         <size>0xc</size>
         <input_file_ref idref="fl-6"/>
      </object_component>
      <object_component id="oc-49">
         <name>.text:decompress:ZI:__TI_zero_init</name>
         <load_address>0xad86</load_address>
         <run_address>0xad86</run_address>
         <size>0xc</size>
         <input_file_ref idref="fl-e5"/>
      </object_component>
      <object_component id="oc-183">
         <name>.text:sensorOpt3001Init</name>
         <load_address>0xad92</load_address>
         <run_address>0xad92</run_address>
         <size>0xc</size>
         <input_file_ref idref="fl-a"/>
      </object_component>
      <object_component id="oc-572">
         <name>.text:__aeabi_errno_addr</name>
         <load_address>0xada0</load_address>
         <run_address>0xada0</run_address>
         <size>0x8</size>
         <input_file_ref idref="fl-e8"/>
      </object_component>
      <object_component id="oc-717">
         <name>.text:SysCtlDelay</name>
         <load_address>0xada8</load_address>
         <run_address>0xada8</run_address>
         <size>0x6</size>
         <input_file_ref idref="fl-7"/>
      </object_component>
      <object_component id="oc-99">
         <name>.text:_system_pre_init</name>
         <load_address>0xadae</load_address>
         <run_address>0xadae</run_address>
         <size>0x4</size>
         <input_file_ref idref="fl-f0"/>
      </object_component>
      <object_component id="oc-f7">
         <name>.text:abort:abort</name>
         <load_address>0xadb2</load_address>
         <run_address>0xadb2</run_address>
         <size>0x4</size>
         <input_file_ref idref="fl-f2"/>
      </object_component>
      <object_component id="oc-1e4">
         <name>.const:.string:gImage_lqTFT02</name>
         <load_address>0xadb8</load_address>
         <run_address>0xadb8</run_address>
         <size>0x4000</size>
         <input_file_ref idref="fl-2"/>
      </object_component>
      <object_component id="oc-7ae">
         <name>.const:tbl</name>
         <load_address>0xedb8</load_address>
         <run_address>0xedb8</run_address>
         <size>0x1000</size>
         <input_file_ref idref="fl-d7"/>
      </object_component>
      <object_component id="oc-64c">
         <name>.const:.string:_ctypes_</name>
         <load_address>0xfdb8</load_address>
         <run_address>0xfdb8</run_address>
         <size>0x101</size>
         <input_file_ref idref="fl-f7"/>
      </object_component>
      <object_component id="oc-6e6">
         <name>.const:$P$T0$1</name>
         <load_address>0xfebc</load_address>
         <run_address>0xfebc</run_address>
         <size>0x8c</size>
         <input_file_ref idref="fl-9"/>
      </object_component>
      <object_component id="oc-6f5">
         <name>.const:$P$T1$2</name>
         <load_address>0xff48</load_address>
         <run_address>0xff48</run_address>
         <size>0x8c</size>
         <input_file_ref idref="fl-9"/>
      </object_component>
      <object_component id="oc-6f1">
         <name>.const:$P$T2$3</name>
         <load_address>0xffd4</load_address>
         <run_address>0xffd4</run_address>
         <size>0x8c</size>
         <input_file_ref idref="fl-9"/>
      </object_component>
      <object_component id="oc-52f">
         <name>.const:_ctlRegs</name>
         <load_address>0x10060</load_address>
         <run_address>0x10060</run_address>
         <size>0x80</size>
         <input_file_ref idref="fl-19"/>
      </object_component>
      <object_component id="oc-41d">
         <name>.const:GPIO_PORT_TO_BASE</name>
         <load_address>0x100e0</load_address>
         <run_address>0x100e0</run_address>
         <size>0x30</size>
         <input_file_ref idref="fl-1b"/>
      </object_component>
      <object_component id="oc-216">
         <name>.const:uartConfig</name>
         <load_address>0x10110</load_address>
         <run_address>0x10110</run_address>
         <size>0x28</size>
         <input_file_ref idref="fl-d"/>
      </object_component>
      <object_component id="oc-7f3">
         <name>.cinit..data.load</name>
         <load_address>0x10138</load_address>
         <run_address>0x10138</run_address>
         <size>0xac8</size>
      </object_component>
      <object_component id="oc-7f1">
         <name>__TI_handler_table</name>
         <load_address>0x10c00</load_address>
         <run_address>0x10c00</run_address>
         <size>0xc</size>
      </object_component>
      <object_component id="oc-7f4">
         <name>.cinit..bss.load</name>
         <load_address>0x10c10</load_address>
         <run_address>0x10c10</run_address>
         <size>0x8</size>
      </object_component>
      <object_component id="oc-7f2">
         <name>__TI_cinit_table</name>
         <load_address>0x10c18</load_address>
         <run_address>0x10c18</run_address>
         <size>0x10</size>
      </object_component>
      <object_component id="oc-7c5">
         <name>.binit</name>
         <load_address>0x0</load_address>
         <run_address>0x0</run_address>
         <size>0x0</size>
      </object_component>
      <object_component id="oc-589">
         <name>.data:hanzi_Idx</name>
         <load_address>0x2000125f</load_address>
         <run_address>0x2000125f</run_address>
         <size>0xc5</size>
         <input_file_ref idref="fl-2"/>
      </object_component>
      <object_component id="oc-58c">
         <name>.data:hanzi16x16</name>
         <load_address>0x20000000</load_address>
         <run_address>0x20000000</run_address>
         <size>0xc40</size>
         <input_file_ref idref="fl-2"/>
      </object_component>
      <object_component id="oc-4bd">
         <name>.data</name>
         <load_address>0x2000144c</load_address>
         <run_address>0x2000144c</run_address>
         <size>0x8</size>
         <input_file_ref idref="fl-5"/>
      </object_component>
      <object_component id="oc-4f3">
         <name>.data:v_fifo_data_u8</name>
         <load_address>0x20000c40</load_address>
         <run_address>0x20000c40</run_address>
         <size>0x400</size>
         <input_file_ref idref="fl-5"/>
      </object_component>
      <object_component id="oc-be">
         <name>.data</name>
         <load_address>0x20001416</load_address>
         <run_address>0x20001416</run_address>
         <size>0x1</size>
         <input_file_ref idref="fl-8"/>
      </object_component>
      <object_component id="oc-233">
         <name>.data:i2cConfig</name>
         <load_address>0x20001418</load_address>
         <run_address>0x20001418</run_address>
         <size>0x14</size>
         <input_file_ref idref="fl-8"/>
      </object_component>
      <object_component id="oc-1c9">
         <name>.data</name>
         <load_address>0x200013b0</load_address>
         <run_address>0x200013b0</run_address>
         <size>0x50</size>
         <input_file_ref idref="fl-9"/>
      </object_component>
      <object_component id="oc-6eb">
         <name>.data:mymap</name>
         <load_address>0x20001324</load_address>
         <run_address>0x20001324</run_address>
         <size>0x8c</size>
         <input_file_ref idref="fl-9"/>
      </object_component>
      <object_component id="oc-21d">
         <name>.data:SSID</name>
         <load_address>0x20001441</load_address>
         <run_address>0x20001441</run_address>
         <size>0x9</size>
         <input_file_ref idref="fl-d"/>
      </object_component>
      <object_component id="oc-21a">
         <name>.data:PASSD</name>
         <load_address>0x2000142c</load_address>
         <run_address>0x2000142c</run_address>
         <size>0xb</size>
         <input_file_ref idref="fl-d"/>
      </object_component>
      <object_component id="oc-223">
         <name>.data:CLDSTA</name>
         <load_address>0x20001400</load_address>
         <run_address>0x20001400</run_address>
         <size>0x16</size>
         <input_file_ref idref="fl-d"/>
      </object_component>
      <object_component id="oc-220">
         <name>.data:CLDPASSD</name>
         <load_address>0x20001437</load_address>
         <run_address>0x20001437</run_address>
         <size>0xa</size>
         <input_file_ref idref="fl-d"/>
      </object_component>
      <object_component id="oc-1ce">
         <name>.data:test</name>
         <load_address>0x20001040</load_address>
         <run_address>0x20001040</run_address>
         <size>0x21f</size>
         <input_file_ref idref="fl-d"/>
      </object_component>
      <object_component id="oc-6b3">
         <name>.data</name>
         <load_address>0x20001454</load_address>
         <run_address>0x20001454</run_address>
         <size>0x4</size>
         <input_file_ref idref="fl-e8"/>
      </object_component>
      <object_component id="oc-319">
         <name>.bss</name>
         <uninitialized>true</uninitialized>
         <run_address>0x20001edc</run_address>
         <size>0x4</size>
         <input_file_ref idref="fl-5"/>
      </object_component>
      <object_component id="oc-631">
         <name>.bss:mag_trim</name>
         <uninitialized>true</uninitialized>
         <run_address>0x20001eb0</run_address>
         <size>0x10</size>
         <input_file_ref idref="fl-5"/>
      </object_component>
      <object_component id="oc-3db">
         <name>.bss</name>
         <uninitialized>true</uninitialized>
         <run_address>0x20001ee0</run_address>
         <size>0x4</size>
         <input_file_ref idref="fl-9"/>
      </object_component>
      <object_component id="oc-5ff">
         <name>.bss</name>
         <uninitialized>true</uninitialized>
         <run_address>0x20001ec0</run_address>
         <size>0x8</size>
         <input_file_ref idref="fl-1a"/>
      </object_component>
      <object_component id="oc-4f6">
         <name>.common:accel_fifo</name>
         <uninitialized>true</uninitialized>
         <run_address>0x20001458</run_address>
         <size>0x36c</size>
      </object_component>
      <object_component id="oc-4f7">
         <name>.common:gyro_fifo</name>
         <uninitialized>true</uninitialized>
         <run_address>0x200017c4</run_address>
         <size>0x36c</size>
      </object_component>
      <object_component id="oc-4f8">
         <name>.common:mag_fifo</name>
         <uninitialized>true</uninitialized>
         <run_address>0x20001b30</run_address>
         <size>0x36c</size>
      </object_component>
      <object_component id="oc-243">
         <name>.common:s_bmi160</name>
         <uninitialized>true</uninitialized>
         <run_address>0x20001e9c</run_address>
         <size>0x14</size>
      </object_component>
      <object_component id="oc-2ee">
         <name>.common:gyroxyz</name>
         <uninitialized>true</uninitialized>
         <run_address>0x20001ece</run_address>
         <size>0x6</size>
      </object_component>
      <object_component id="oc-2ef">
         <name>.common:accelxyz</name>
         <uninitialized>true</uninitialized>
         <run_address>0x20001ec8</run_address>
         <size>0x6</size>
      </object_component>
      <object_component id="oc-b9">
         <name>.common:ui8Status</name>
         <uninitialized>true</uninitialized>
         <run_address>0x20001f0f</run_address>
         <size>0x1</size>
      </object_component>
      <object_component id="oc-bc">
         <name>.common:pData</name>
         <uninitialized>true</uninitialized>
         <run_address>0x20001efc</run_address>
         <size>0x4</size>
      </object_component>
      <object_component id="oc-bd">
         <name>.common:ui8DummyRead</name>
         <uninitialized>true</uninitialized>
         <run_address>0x20001f0e</run_address>
         <size>0x1</size>
      </object_component>
      <object_component id="oc-c1">
         <name>.common:g_ui32ByteCount</name>
         <uninitialized>true</uninitialized>
         <run_address>0x20001ef0</run_address>
         <size>0x4</size>
      </object_component>
      <object_component id="oc-1cc">
         <name>.common:returnValue</name>
         <uninitialized>true</uninitialized>
         <run_address>0x20001f0d</run_address>
         <size>0x1</size>
      </object_component>
      <object_component id="oc-1cd">
         <name>.common:s_accelXYZ</name>
         <uninitialized>true</uninitialized>
         <run_address>0x20001ed4</run_address>
         <size>0x6</size>
      </object_component>
      <object_component id="oc-1a0">
         <name>.common:accel_off_x</name>
         <uninitialized>true</uninitialized>
         <run_address>0x20001f0a</run_address>
         <size>0x1</size>
      </object_component>
      <object_component id="oc-19e">
         <name>.common:accel_off_y</name>
         <uninitialized>true</uninitialized>
         <run_address>0x20001f0b</run_address>
         <size>0x1</size>
      </object_component>
      <object_component id="oc-19f">
         <name>.common:accel_off_z</name>
         <uninitialized>true</uninitialized>
         <run_address>0x20001f0c</run_address>
         <size>0x1</size>
      </object_component>
      <object_component id="oc-1a1">
         <name>.common:gyro_off_x</name>
         <uninitialized>true</uninitialized>
         <run_address>0x20001eda</run_address>
         <size>0x2</size>
      </object_component>
      <object_component id="oc-1a2">
         <name>.common:gyro_off_y</name>
         <uninitialized>true</uninitialized>
         <run_address>0x20001f04</run_address>
         <size>0x2</size>
      </object_component>
      <object_component id="oc-1a3">
         <name>.common:gyro_off_z</name>
         <uninitialized>true</uninitialized>
         <run_address>0x20001f06</run_address>
         <size>0x2</size>
      </object_component>
      <object_component id="oc-76c">
         <name>.common:rawData</name>
         <uninitialized>true</uninitialized>
         <run_address>0x20001f08</run_address>
         <size>0x2</size>
      </object_component>
      <object_component id="oc-76d">
         <name>.common:convertedLux</name>
         <uninitialized>true</uninitialized>
         <run_address>0x20001eec</run_address>
         <size>0x4</size>
      </object_component>
      <object_component id="oc-6e9">
         <name>.common:i_axle</name>
         <uninitialized>true</uninitialized>
         <run_address>0x20001ef4</run_address>
         <size>0x4</size>
      </object_component>
      <object_component id="oc-6ea">
         <name>.common:j_axle</name>
         <uninitialized>true</uninitialized>
         <run_address>0x20001ef8</run_address>
         <size>0x4</size>
      </object_component>
      <object_component id="oc-6ee">
         <name>.common:PersonX</name>
         <uninitialized>true</uninitialized>
         <run_address>0x20001ee4</run_address>
         <size>0x4</size>
      </object_component>
      <object_component id="oc-6ef">
         <name>.common:PersonY</name>
         <uninitialized>true</uninitialized>
         <run_address>0x20001ee8</run_address>
         <size>0x4</size>
      </object_component>
      <object_component id="oc-19b">
         <name>.common:returnRslt</name>
         <uninitialized>true</uninitialized>
         <run_address>0x20001f00</run_address>
         <size>0x4</size>
      </object_component>
      <object_component id="oc-29">
         <name>.stack</name>
         <uninitialized>true</uninitialized>
         <run_address>0x2000fe00</run_address>
         <size>0x4</size>
         <input_file_ref idref="fl-e9"/>
      </object_component>
      <object_component id="oc-7f6">
         <name>.stack</name>
         <uninitialized>true</uninitialized>
         <run_address>0x2000fe00</run_address>
         <size>0x0</size>
      </object_component>
      <object_component id="oc-158">
         <name>.debug_info</name>
         <load_address>0x0</load_address>
         <run_address>0x0</run_address>
         <size>0x679</size>
         <input_file_ref idref="fl-2"/>
      </object_component>
      <object_component id="oc-1e5">
         <name>.debug_info</name>
         <load_address>0x679</load_address>
         <run_address>0x679</run_address>
         <size>0xe2</size>
         <input_file_ref idref="fl-2"/>
      </object_component>
      <object_component id="oc-58a">
         <name>.debug_info</name>
         <load_address>0x75b</load_address>
         <run_address>0x75b</run_address>
         <size>0xd9</size>
         <input_file_ref idref="fl-2"/>
      </object_component>
      <object_component id="oc-58d">
         <name>.debug_info</name>
         <load_address>0x834</load_address>
         <run_address>0x834</run_address>
         <size>0xdb</size>
         <input_file_ref idref="fl-2"/>
      </object_component>
      <object_component id="oc-34d">
         <name>.debug_info</name>
         <load_address>0x90f</load_address>
         <run_address>0x90f</run_address>
[...]
         <name>sensorOpt3001Convert</name>
         <value>0x9a95</value>
         <object_component_ref idref="oc-760"/>
      </symbol>
      <symbol id="sm-956">
         <name>sensorOpt3001Init</name>
         <value>0xad93</value>
         <object_component_ref idref="oc-183"/>
      </symbol>
      <symbol id="sm-969">
         <name>SystemInit</name>
         <value>0x9845</value>
         <object_component_ref idref="oc-b1"/>
      </symbol>
      <symbol id="sm-9f9">
         <name>uartConfig</name>
         <value>0x10110</value>
         <object_component_ref idref="oc-216"/>
      </symbol>
      <symbol id="sm-9fa">
         <name>adcInit</name>
         <value>0x6fb5</value>
         <object_component_ref idref="oc-195"/>
      </symbol>
      <symbol id="sm-9fb">
         <name>ESPInit</name>
         <value>0x92a5</value>
         <object_component_ref idref="oc-15f"/>
      </symbol>
      <symbol id="sm-9fc">
         <name>sendTextEsp</name>
         <value>0xa439</value>
         <object_component_ref idref="oc-1c3"/>
      </symbol>
      <symbol id="sm-9fd">
         <name>delay</name>
         <value>0xa70d</value>
         <object_component_ref idref="oc-1ab"/>
      </symbol>
      <symbol id="sm-9fe">
         <name>sendTextPc</name>
         <value>0xa485</value>
         <object_component_ref idref="oc-1bd"/>
      </symbol>
      <symbol id="sm-9ff">
         <name>CLDSTA</name>
         <value>0x20001400</value>
         <object_component_ref idref="oc-223"/>
      </symbol>
      <symbol id="sm-a00">
         <name>uartInit</name>
         <value>0x8209</value>
         <object_component_ref idref="oc-159"/>
      </symbol>
      <symbol id="sm-a01">
         <name>PASSD</name>
         <value>0x2000142c</value>
         <object_component_ref idref="oc-21a"/>
      </symbol>
      <symbol id="sm-a02">
         <name>SSID</name>
         <value>0x20001441</value>
         <object_component_ref idref="oc-21d"/>
      </symbol>
      <symbol id="sm-a03">
         <name>CLDPASSD</name>
         <value>0x20001437</value>
         <object_component_ref idref="oc-220"/>
      </symbol>
      <symbol id="sm-a04">
         <name>test</name>
         <value>0x20001040</value>
         <object_component_ref idref="oc-1ce"/>
      </symbol>
      <symbol id="sm-a20">
         <name>Reset_Handler</name>
         <value>0xad6f</value>
         <object_component_ref idref="oc-67"/>
      </symbol>
      <symbol id="sm-a21">
         <name>Default_Handler</name>
         <value>0x158b</value>
         <object_component_ref idref="oc-6d"/>
      </symbol>
      <symbol id="sm-a22">
         <name>interruptVectors</name>
         <value>0x0</value>
         <object_component_ref idref="oc-26"/>
      </symbol>
      <symbol id="sm-abd">
         <name>ADC14_configureMultiSequenceMode</name>
         <value>0x8375</value>
         <object_component_ref idref="oc-36b"/>
      </symbol>
      <symbol id="sm-abe">
         <name>ADC14_configureConversionMemory</name>
         <value>0x82c1</value>
         <object_component_ref idref="oc-371"/>
      </symbol>
      <symbol id="sm-abf">
         <name>ADC14_getResult</name>
         <value>0xab55</value>
         <object_component_ref idref="oc-3cf"/>
      </symbol>
      <symbol id="sm-b5c">
         <name>CS_getMCLK</name>
         <value>0xab7d</value>
         <object_component_ref idref="oc-711"/>
      </symbol>
      <symbol id="sm-b5d">
         <name>CS_clearInterruptFlag</name>
         <value>0xa9e9</value>
         <object_component_ref idref="oc-5f3"/>
      </symbol>
      <symbol id="sm-b5e">
         <name>CS_getDCOFrequency</name>
         <value>0x71b5</value>
         <object_component_ref idref="oc-5f9"/>
      </symbol>
      <symbol id="sm-b5f">
         <name>CS_getSMCLK</name>
         <value>0xaba5</value>
         <object_component_ref idref="oc-227"/>
      </symbol>
      <symbol id="sm-b60">
         <name>CS_setDCOCenteredFrequency</name>
         <value>0xa94d</value>
         <object_component_ref idref="oc-20a"/>
      </symbol>
      <symbol id="sm-b8f">
         <name>GPIO_setOutputHighOnPin</name>
         <value>0xabcd</value>
         <object_component_ref idref="oc-352"/>
      </symbol>
      <symbol id="sm-b90">
         <name>GPIO_setOutputLowOnPin</name>
         <value>0xabf5</value>
         <object_component_ref idref="oc-346"/>
      </symbol>
      <symbol id="sm-b91">
         <name>GPIO_setAsPeripheralModuleFunctionOutputPin</name>
         <value>0x9331</value>
         <object_component_ref idref="oc-22d"/>
      </symbol>
      <symbol id="sm-ba0">
         <name>I2C_masterSendMultiByteStart</name>
         <value>0x9c4d</value>
         <object_component_ref idref="oc-515"/>
      </symbol>
      <symbol id="sm-bb7">
         <name>SysCtl_A_getTLVInfo</name>
         <value>0x87ed</value>
         <object_component_ref idref="oc-6fd"/>
      </symbol>
      <symbol id="sm-be7">
         <name>UART_transmitData</name>
         <value>0xa981</value>
         <object_component_ref idref="oc-3bb"/>
      </symbol>
      <symbol id="sm-be8">
         <name>UART_initModule</name>
         <value>0x6c85</value>
         <object_component_ref idref="oc-210"/>
      </symbol>
      <symbol id="sm-c18">
         <name>snprintf</name>
         <value>0xa4d1</value>
         <object_component_ref idref="oc-1b7"/>
      </symbol>
      <symbol id="sm-c5a">
         <name>exp2l</name>
         <value>0x508d</value>
         <object_component_ref idref="oc-79c"/>
      </symbol>
      <symbol id="sm-c5b">
         <name>exp2</name>
         <value>0x508d</value>
         <object_component_ref idref="oc-79c"/>
      </symbol>
      <symbol id="sm-c72">
         <name>__aeabi_dsub</name>
         <value>0x5639</value>
         <object_component_ref idref="oc-677"/>
      </symbol>
      <symbol id="sm-c73">
         <name>__aeabi_dadd</name>
         <value>0x5643</value>
         <object_component_ref idref="oc-677"/>
      </symbol>
      <symbol id="sm-c95">
         <name>__aeabi_cdcmpeq</name>
         <value>0x93b9</value>
         <object_component_ref idref="oc-549"/>
      </symbol>
      <symbol id="sm-c96">
         <name>__aeabi_cdcmple</name>
         <value>0x93b9</value>
         <object_component_ref idref="oc-549"/>
      </symbol>
      <symbol id="sm-c97">
         <name>__aeabi_cdrcmple</name>
         <value>0x943f</value>
         <object_component_ref idref="oc-662"/>
      </symbol>
      <symbol id="sm-cab">
         <name>__aeabi_ddiv</name>
         <value>0x67dd</value>
         <object_component_ref idref="oc-65d"/>
      </symbol>
      <symbol id="sm-cb6">
         <name>__aeabi_dmul</name>
         <value>0x70b9</value>
         <object_component_ref idref="oc-658"/>
      </symbol>
      <symbol id="sm-cc0">
         <name>__aeabi_d2iz</name>
         <value>0xa5f5</value>
         <object_component_ref idref="oc-667"/>
      </symbol>
      <symbol id="sm-ccc">
         <name>__aeabi_d2f</name>
         <value>0x9b73</value>
         <object_component_ref idref="oc-7a2"/>
      </symbol>
      <symbol id="sm-cd6">
         <name>__aeabi_i2d</name>
         <value>0xaa77</value>
         <object_component_ref idref="oc-672"/>
      </symbol>
      <symbol id="sm-cf2">
         <name>memcpy</name>
         <value>0x8585</value>
         <object_component_ref idref="oc-37"/>
      </symbol>
      <symbol id="sm-cf3">
         <name>__aeabi_memcpy</name>
         <value>0x8585</value>
         <object_component_ref idref="oc-37"/>
      </symbol>
      <symbol id="sm-cf4">
         <name>__aeabi_memcpy8</name>
         <value>0x8585</value>
         <object_component_ref idref="oc-37"/>
      </symbol>
      <symbol id="sm-cf5">
         <name>__aeabi_memcpy4</name>
         <value>0x8585</value>
         <object_component_ref idref="oc-37"/>
      </symbol>
      <symbol id="sm-cff">
         <name>__aeabi_ui2d</name>
         <value>0xac6b</value>
         <object_component_ref idref="oc-797"/>
      </symbol>
      <symbol id="sm-d0d">
         <name>__aeabi_uldivmod</name>
         <value>0x8755</value>
         <object_component_ref idref="oc-651"/>
      </symbol>
      <symbol id="sm-d1c">
         <name>__aeabi_memset</name>
         <value>0x97cb</value>
         <object_component_ref idref="oc-93"/>
      </symbol>
      <symbol id="sm-d1d">
         <name>memset</name>
         <value>0x97d1</value>
         <object_component_ref idref="oc-93"/>
      </symbol>
      <symbol id="sm-d1e">
         <name>__aeabi_memset8</name>
         <value>0x97cb</value>
         <object_component_ref idref="oc-93"/>
      </symbol>
      <symbol id="sm-d1f">
         <name>__aeabi_memset4</name>
         <value>0x97cb</value>
         <object_component_ref idref="oc-93"/>
      </symbol>
      <symbol id="sm-d20">
         <name>__aeabi_memclr8</name>
         <value>0x97c9</value>
         <object_component_ref idref="oc-93"/>
      </symbol>
      <symbol id="sm-d21">
         <name>__aeabi_memclr4</name>
         <value>0x97c9</value>
         <object_component_ref idref="oc-93"/>
      </symbol>
      <symbol id="sm-d22">
         <name>__aeabi_memclr</name>
         <value>0x97c9</value>
         <object_component_ref idref="oc-93"/>
      </symbol>
      <symbol id="sm-d39">
         <name>__TI_zero_init</name>
         <value>0xad87</value>
         <object_component_ref idref="oc-49"/>
      </symbol>
      <symbol id="sm-d50">
         <name>__TI_decompress_none</name>
         <value>0xad55</value>
         <object_component_ref idref="oc-1d"/>
      </symbol>
      <symbol id="sm-d73">
         <name>__TI_decompress_lzss</name>
         <value>0x9cb5</value>
         <object_component_ref idref="oc-17"/>
      </symbol>
      <symbol id="sm-d89">
         <name>__aeabi_errno_addr</name>
         <value>0xada1</value>
         <object_component_ref idref="oc-572"/>
      </symbol>
      <symbol id="sm-d8a">
         <name>errno</name>
         <value>0x20001454</value>
         <object_component_ref idref="oc-6b3"/>
      </symbol>
      <symbol id="sm-d9d">
         <name>__stack</name>
         <value>0x2000fe00</value>
         <object_component_ref idref="oc-29"/>
      </symbol>
      <symbol id="sm-d9e">
         <name>_c_int00_noargs</name>
         <value>0xa9b5</value>
         <object_component_ref idref="oc-55"/>
      </symbol>
      <symbol id="sm-f03">
         <name>__TI_printfi</name>
         <value>0xb3d</value>
         <object_component_ref idref="oc-398"/>
      </symbol>
      <symbol id="sm-f23">
         <name>frexpl</name>
         <value>0x9d81</value>
         <object_component_ref idref="oc-697"/>
      </symbol>
      <symbol id="sm-f24">
         <name>frexp</name>
         <value>0x9d81</value>
         <object_component_ref idref="oc-697"/>
      </symbol>
      <symbol id="sm-f41">
         <name>scalbn</name>
         <value>0x6da1</value>
         <object_component_ref idref="oc-69d"/>
      </symbol>
      <symbol id="sm-f42">
         <name>scalbnl</name>
         <value>0x6da1</value>
         <object_component_ref idref="oc-69d"/>
      </symbol>
      <symbol id="sm-f43">
         <name>ldexpl</name>
         <value>0x6da1</value>
         <object_component_ref idref="oc-69d"/>
      </symbol>
      <symbol id="sm-f44">
         <name>ldexp</name>
         <value>0x6da1</value>
         <object_component_ref idref="oc-69d"/>
      </symbol>
      <symbol id="sm-f5d">
         <name>wcslen</name>
         <value>0xad21</value>
         <object_component_ref idref="oc-56c"/>
      </symbol>
      <symbol id="sm-f67">
         <name>__aeabi_idiv0</name>
         <value>0x5993</value>
         <object_component_ref idref="oc-723"/>
      </symbol>
      <symbol id="sm-f68">
         <name>__aeabi_ldiv0</name>
         <value>0x5993</value>
         <object_component_ref idref="oc-723"/>
      </symbol>
      <symbol id="sm-f90">
         <name>__TI_auto_init_nobinit_nopinit</name>
         <value>0xa6c9</value>
         <object_component_ref idref="oc-103"/>
      </symbol>
      <symbol id="sm-f9a">
         <name>_system_pre_init</name>
         <value>0xadaf</value>
         <object_component_ref idref="oc-99"/>
      </symbol>
      <symbol id="sm-fa6">
         <name>C$$EXIT</name>
         <value>0xadb3</value>
         <object_component_ref idref="oc-f7"/>
      </symbol>
      <symbol id="sm-fa7">
         <name>abort</name>
         <value>0xadb3</value>
         <object_component_ref idref="oc-f7"/>
      </symbol>
      <symbol id="sm-fb7">
         <name>__TI_ltoa</name>
         <value>0x9fbb</value>
         <object_component_ref idref="oc-66c"/>
      </symbol>
      <symbol id="sm-fce">
         <name>atoi</name>
         <value>0xa3ed</value>
         <object_component_ref idref="oc-53d"/>
      </symbol>
      <symbol id="sm-fd9">
         <name>_ctypes_</name>
         <value>0xfdb8</value>
         <object_component_ref idref="oc-64c"/>
      </symbol>
      <symbol id="sm-fe9">
         <name>memccpy</name>
         <value>0xaca9</value>
         <object_component_ref idref="oc-566"/>
      </symbol>
      <symbol id="sm-ff9">
         <name>strchr</name>
         <value>0xacf7</value>
         <object_component_ref idref="oc-6a3"/>
      </symbol>
      <symbol id="sm-1007">
         <name>strlen</name>
         <value>0xad0d</value>
         <object_component_ref idref="oc-537"/>
      </symbol>
      <symbol id="sm-1011">
         <name>copysign</name>
         <value>0xacc5</value>
         <object_component_ref idref="oc-73c"/>
      </symbol>
      <symbol id="sm-1012">
         <name>copysignl</name>
         <value>0xacc5</value>
         <object_component_ref idref="oc-73c"/>
      </symbol>
      <symbol id="sm-1013">
         <name>__TI_static_base__</name>
         <value>0x0</value>
      </symbol>
      <symbol id="sm-1016">
         <name>__mpu_init</name>
         <value>0x0</value>
      </symbol>
      <symbol id="sm-1017">
         <name>_system_post_cinit</name>
         <value>0x0</value>
      </symbol>
      <symbol id="sm-1018">
         <name>NMI_Handler</name>
         <value>0x158b</value>
      </symbol>
      <symbol id="sm-1019">
         <name>HardFault_Handler</name>
         <value>0x158b</value>
      </symbol>
      <symbol id="sm-101a">
         <name>MemManage_Handler</name>
         <value>0x158b</value>
      </symbol>
      <symbol id="sm-101b">
         <name>BusFault_Handler</name>
         <value>0x158b</value>
      </symbol>
      <symbol id="sm-101c">
         <name>UsageFault_Handler</name>
         <value>0x158b</value>
      </symbol>
      <symbol id="sm-101d">
         <name>SVC_Handler</name>
         <value>0x158b</value>
      </symbol>
      <symbol id="sm-101e">
         <name>DebugMon_Handler</name>
         <value>0x158b</value>
      </symbol>
      <symbol id="sm-101f">
         <name>PendSV_Handler</name>
         <value>0x158b</value>
      </symbol>
      <symbol id="sm-1020">
         <name>SysTick_Handler</name>
         <value>0x158b</value>
      </symbol>
      <symbol id="sm-1021">
         <name>PSS_IRQHandler</name>
         <value>0x158b</value>
      </symbol>
      <symbol id="sm-1022">
         <name>CS_IRQHandler</name>
         <value>0x158b</value>
      </symbol>
      <symbol id="sm-1023">
         <name>PCM_IRQHandler</name>
         <value>0x158b</value>
      </symbol>
      <symbol id="sm-1024">
         <name>WDT_A_IRQHandler</name>
         <value>0x158b</value>
      </symbol>
      <symbol id="sm-1025">
         <name>FPU_IRQHandler</name>
         <value>0x158b</value>
      </symbol>
      <symbol id="sm-1026">
         <name>FLCTL_IRQHandler</name>
         <value>0x158b</value>
      </symbol>
      <symbol id="sm-1027">
         <name>COMP_E0_IRQHandler</name>
         <value>0x158b</value>
      </symbol>
      <symbol id="sm-1028">
         <name>COMP_E1_IRQHandler</name>
         <value>0x158b</value>
      </symbol>
      <symbol id="sm-1029">
         <name>TA0_0_IRQHandler</name>
         <value>0x158b</value>
      </symbol>
      <symbol id="sm-102a">
         <name>TA0_N_IRQHandler</name>
         <value>0x158b</value>
      </symbol>
      <symbol id="sm-102b">
         <name>TA1_0_IRQHandler</name>
         <value>0x158b</value>
      </symbol>
      <symbol id="sm-102c">
         <name>TA1_N_IRQHandler</name>
         <value>0x158b</value>
      </symbol>
      <symbol id="sm-102d">
         <name>TA2_0_IRQHandler</name>
         <value>0x158b</value>
      </symbol>
      <symbol id="sm-102e">
         <name>TA2_N_IRQHandler</name>
         <value>0x158b</value>
      </symbol>
      <symbol id="sm-102f">
         <name>TA3_0_IRQHandler</name>
         <value>0x158b</value>
      </symbol>
      <symbol id="sm-1030">
         <name>TA3_N_IRQHandler</name>
         <value>0x158b</value>
      </symbol>
      <symbol id="sm-1031">
         <name>EUSCIA0_IRQHandler</name>
         <value>0x158b</value>
      </symbol>
      <symbol id="sm-1032">
         <name>EUSCIA1_IRQHandler</name>
         <value>0x158b</value>
      </symbol>
      <symbol id="sm-1033">
         <name>EUSCIA2_IRQHandler</name>
         <value>0x158b</value>
      </symbol>
      <symbol id="sm-1034">
         <name>EUSCIA3_IRQHandler</name>
         <value>0x158b</value>
      </symbol>
      <symbol id="sm-1035">
         <name>EUSCIB0_IRQHandler</name>
         <value>0x158b</value>
      </symbol>
      <symbol id="sm-1036">
         <name>EUSCIB1_IRQHandler</name>
         <value>0x7595</value>
      </symbol>
      <symbol id="sm-1037">
         <name>EUSCIB2_IRQHandler</name>
         <value>0x158b</value>
      </symbol>
      <symbol id="sm-1038">
         <name>EUSCIB3_IRQHandler</name>
         <value>0x158b</value>
      </symbol>
      <symbol id="sm-1039">
         <name>ADC14_IRQHandler</name>
         <value>0x158b</value>
      </symbol>
      <symbol id="sm-103a">
         <name>T32_INT1_IRQHandler</name>
         <value>0x158b</value>
      </symbol>
      <symbol id="sm-103b">
         <name>T32_INT2_IRQHandler</name>
         <value>0x158b</value>
      </symbol>
      <symbol id="sm-103c">
         <name>T32_INTC_IRQHandler</name>
         <value>0x158b</value>
      </symbol>
      <symbol id="sm-103d">
         <name>AES256_IRQHandler</name>
         <value>0x158b</value>
      </symbol>
      <symbol id="sm-103e">
         <name>RTC_C_IRQHandler</name>
         <value>0x158b</value>
      </symbol>
      <symbol id="sm-103f">
         <name>DMA_ERR_IRQHandler</name>
         <value>0x158b</value>
      </symbol>
      <symbol id="sm-1040">
         <name>DMA_INT3_IRQHandler</name>
         <value>0x158b</value>
      </symbol>
      <symbol id="sm-1041">
         <name>DMA_INT2_IRQHandler</name>
         <value>0x158b</value>
      </symbol>
      <symbol id="sm-1042">
         <name>DMA_INT1_IRQHandler</name>
         <value>0x158b</value>
      </symbol>
      <symbol id="sm-1043">
         <name>DMA_INT0_IRQHandler</name>
         <value>0x158b</value>
      </symbol>
      <symbol id="sm-1044">
         <name>PORT1_IRQHandler</name>
         <value>0x158b</value>
      </symbol>
      <symbol id="sm-1045">
         <name>PORT2_IRQHandler</name>
         <value>0x158b</value>
      </symbol>
      <symbol id="sm-1046">
         <name>PORT3_IRQHandler</name>
         <value>0x158b</value>
      </symbol>
      <symbol id="sm-1047">
         <name>PORT4_IRQHandler</name>
         <value>0x158b</value>
      </symbol>
      <symbol id="sm-1048">
         <name>PORT5_IRQHandler</name>
         <value>0x158b</value>
      </symbol>
      <symbol id="sm-1049">
         <name>PORT6_IRQHandler</name>
         <value>0x158b</value>
      </symbol>
   </symbol_table>
   <title>Link successful</title>
</link_info>
