******************************************************************************
                  TI ARM Linker PC v20.2.5                     
******************************************************************************
>> Linked Mon Jun  6 17:28:32 2022

OUTPUT FILE NAME:   <A_test.out>
ENTRY POINT SYMBOL: "_c_int00_noargs"  address: 0000a99d


MEMORY CONFIGURATION

         name            origin    length      used     unused   attr    fill
----------------------  --------  ---------  --------  --------  ----  --------
  MAIN                  00000000   00040000  00010bb2  0002f44e  R  X
  INFO                  00200000   00004000  00000000  00004000  R  X
  SRAM_CODE             01000000   00010000  000020f4  0000df0c  RW X
  SRAM_DATA             20000000   00010000  000020f4  0000df0c  RW  


SEGMENT ALLOCATION MAP

run origin  load origin   length   init length attrs members
----------  ----------- ---------- ----------- ----- -------
00000000    00000000    00010bb8   00010bb8    r-x
  00000000    00000000    000000e4   000000e4    r-- .intvecs
  000000e4    000000e4    0000acba   0000acba    r-x .text
  0000ada0    0000ada0    0000532c   0000532c    r-- .const
  000100d0    000100d0    00000ae8   00000ae8    r-- .cinit
20000000    20000000    00001ef4   00000000    rw-
  20000000    20000000    0000143c   00000000    rw- .data
  2000143c    2000143c    00000ab8   00000000    rw- .bss
2000fe00    2000fe00    00000200   00000000    rw-
  2000fe00    2000fe00    00000200   00000000    rw- .stack


SECTION ALLOCATION MAP

 output                                  attributes/
section   page    origin      length       input sections
--------  ----  ----------  ----------   ----------------
.intvecs   0    00000000    000000e4     
                  00000000    000000e4     startup_msp432p401r_ccs.obj (.intvecs:retain)

.text      0    000000e4    0000acba     
                  000000e4    00000a58     bmi160_support.obj (.text:bmi160_config_running_mode)
                  00000b3c    00000a4e     rtsv7M4_T_le_v4SPD16_eabi.lib : _printfi.c.obj (.text:__TI_printfi)
                  0000158a    00000002     startup_msp432p401r_ccs.obj (.text:Default_Handler)
                  0000158c    000009d0     bmi160.obj (.text:bmi160_read_fifo_header_data)
                  00001f5c    00000930     main.obj (.text:play2)
                  0000288c    00000918     main.obj (.text:play1)
                  000031a4    0000090c     main.obj (.text:play)
                  00003ab0    000004ac     bmi160.obj (.text:bmi160_read_bmm150_mag_trim)
                  00003f5c    000003a8     main.obj (.text:StickAccel)
                  00004304    00000358     bmi160.obj (.text:bmi160_set_bmm150_mag_presetmode)
                  0000465c    000002d8     bmi160.obj (.text:bmi160_set_intr_enable_0)
                  00004934    0000029c     bmi160.obj (.text:bmi160_bmm150_mag_interface_init)
                  00004bd0    00000270     rtsv7M4_T_le_v4SPD16_eabi.lib : _printfi.c.obj (.text:_pconv_a)
                  00004e40    00000250     bmi160.obj (.text:bmi160_accel_foc_trigger_xyz)
                  00005090    00000200     rtsv7M4_T_le_v4SPD16_eabi.lib : s_exp2.c.obj (.text:exp2)
                  00005290    000001dc     LQ12864.obj (.text:LCD_init)
                  0000546c    000001d0     rtsv7M4_T_le_v4SPD16_eabi.lib : _printfi.c.obj (.text:_pconv_g)
                  0000563c    000001b6                                   : fd_add_t2.asm.obj (.text)
                  000057f2    000001a4     LQ12864.obj (.text:LCD_draw_line)
                  00005996    00000002     rtsv7M4_T_le_v4SPD16_eabi.lib : div0.asm.obj (.text)
                  00005998    0000018c     bmi160.obj (.text:bmi160_set_foc_gyro_enable)
                  00005b24    00000160     msp432p4xx_driverlib.lib : adc14.o (.text:_getIndexForMemRegister)
                  00005c84    00000160     bmi160.obj (.text:bmi160_bmm150_mag_set_power_mode)
                  00005de4    00000158     bmi160.obj (.text:bmi160_set_intr_enable_2)
                  00005f3c    00000144     LQ12864.obj (.text:LCD_P16X16Str)
                  00006080    00000140     main.obj (.text:ChooseMenu_master)
                  000061c0    0000013c     rtsv7M4_T_le_v4SPD16_eabi.lib : _printfi.c.obj (.text:_pconv_e)
                  000062fc    0000013c     i2c_driver.obj (.text:readBurstI2C)
                  00006438    00000138     main.obj (.text:ChooseMenu_gaming_lose)
                  00006570    00000138     main.obj (.text:ChooseMenu_gaming_win)
                  000066a8    00000138     i2c_driver.obj (.text:readI2C)
                  000067e0    00000136     rtsv7M4_T_le_v4SPD16_eabi.lib : fd_div_t2.asm.obj (.text)
                  00006916    00000002     --HOLE-- [fill = 0]
                  00006918    00000128     main.obj (.text:paint)
                  00006a40    00000124     bmi160.obj (.text:bmi160_set_bmm150_mag_and_secondary_if_power_mode)
                  00006b64    00000124     rtsv7M4_T_le_v4SPD16_eabi.lib : _printfi.c.obj (.text:fcvt)
                  00006c88    0000011c     msp432p4xx_driverlib.lib : uart.o (.text:UART_initModule)
                  00006da4    00000110     rtsv7M4_T_le_v4SPD16_eabi.lib : s_scalbn.c.obj (.text:scalbn)
                  00006eb4    00000104     msp432p4xx_driverlib.lib : cs.o (.text:_CSComputeCLKFrequency)
                  00006fb8    00000104     uart_driver.obj (.text:adcInit)
                  000070bc    000000fc     rtsv7M4_T_le_v4SPD16_eabi.lib : fd_mul_t2.asm.obj (.text)
                  000071b8    000000f8     msp432p4xx_driverlib.lib : cs.o (.text:CS_getDCOFrequency)
                  000072b0    000000f8     bmi160.obj (.text:bmi160_set_intr_fifo_wm)
                  000073a8    000000f8     bmi160.obj (.text:bmi160_set_intr_level)
                  000074a0    000000f8     bmi160.obj (.text:bmi160_set_output_enable)
                  00007598    000000ec     i2c_driver.obj (.text:EUSCIB1_IRQHandler)
                  00007684    000000ec     main.obj (.text:Progress_Bar)
                  00007770    000000ea     LQ12864.obj (.text:LCD_write_para16)
                  0000785a    00000002     --HOLE-- [fill = 0]
                  0000785c    000000e8     main.obj (.text:ClsCell)
                  00007944    000000e8     i2c_driver.obj (.text:writeI2C)
                  00007a2c    000000e4     main.obj (.text:PrfCell)
                  00007b10    000000d4     bmi160.obj (.text:bmi160_bmm150_mag_wakeup)
                  00007be4    000000d0     bmi160.obj (.text:bmi160_set_gyro_output_data_rate)
                  00007cb4    000000c4     main.obj (.text:LevelSelection)
                  00007d78    000000c4     bmi160.obj (.text:bmi160_bmm150_mag_compensate_X)
                  00007e3c    000000c4     bmi160.obj (.text:bmi160_bmm150_mag_compensate_Y)
                  00007f00    000000c0     bmi160.obj (.text:bmi160_read_mag_xyzr)
                  00007fc0    000000bc     bmi160.obj (.text:bmi160_get_gyro_offset_compensation_yaxis)
                  0000807c    000000bc     bmi160.obj (.text:bmi160_get_gyro_offset_compensation_zaxis)
                  00008138    000000b8     bmi160.obj (.text:bmi160_get_gyro_offset_compensation_xaxis)
                  000081f0    000000b8     uart_driver.obj (.text:uartInit)
                  000082a8    000000b4     msp432p4xx_driverlib.lib : adc14.o (.text:ADC14_configureConversionMemory)
                  0000835c    000000b4                              : adc14.o (.text:ADC14_configureMultiSequenceMode)
                  00008410    000000b1     rtsv7M4_T_le_v4SPD16_eabi.lib : _printfi.c.obj (.text:_ltostr)
                  000084c1    00000003     --HOLE-- [fill = 0]
                  000084c4    000000a8     bmi160.obj (.text:bmi160_set_mag_output_data_rate)
                  0000856c    0000009c     rtsv7M4_T_le_v4SPD16_eabi.lib : memcpy_t2.asm.obj (.text)
                  00008608    0000009b     main.obj (.text:Guidance)
                  000086a3    00000001     --HOLE-- [fill = 0]
                  000086a4    00000098     bmi160.obj (.text:bmi160_set_accel_output_data_rate)
                  0000873c    00000096     rtsv7M4_T_le_v4SPD16_eabi.lib : ull_div_t2.asm.obj (.text)
                  000087d2    00000002     --HOLE-- [fill = 0]
                  000087d4    00000094     msp432p4xx_driverlib.lib : sysctl_a.o (.text:SysCtl_A_getTLVInfo)
                  00008868    00000094     bmi160.obj (.text:bmi160_bmm150_mag_compensate_Z)
                  000088fc    00000090     bmi160.obj (.text:bmi160_set_accel_bw)
                  0000898c    00000090     bmi160.obj (.text:bmi160_set_fifo_accel_enable)
                  00008a1c    00000090     bmi160.obj (.text:bmi160_set_fifo_gyro_enable)
                  00008aac    00000090     bmi160.obj (.text:bmi160_set_fifo_header_enable)
                  00008b3c    00000090     bmi160.obj (.text:bmi160_set_fifo_mag_enable)
                  00008bcc    00000090     bmi160.obj (.text:bmi160_set_fifo_stop_on_full)
                  00008c5c    00000090     bmi160.obj (.text:bmi160_set_fifo_time_enable)
                  00008cec    00000090     bmi160.obj (.text:bmi160_set_gyro_bw)
                  00008d7c    00000090     bmi160.obj (.text:bmi160_set_gyro_sleep_state)
                  00008e0c    00000090     bmi160.obj (.text:bmi160_set_gyro_sleep_trigger)
                  00008e9c    00000090     bmi160.obj (.text:bmi160_set_gyro_wakeup_intr)
                  00008f2c    00000090     bmi160.obj (.text:bmi160_set_gyro_wakeup_trigger)
                  00008fbc    00000090     bmi160.obj (.text:bmi160_set_if_mode)
                  0000904c    00000090     bmi160.obj (.text:bmi160_set_mag_manual_enable)
                  000090dc    00000090     bmi160.obj (.text:bmi160_set_paging_enable)
                  0000916c    00000090     bmi160.obj (.text:bmi160_set_pullup_configuration)
                  000091fc    00000090     bmi160.obj (.text:bmi160_set_target_page)
                  0000928c    0000008c     uart_driver.obj (.text:ESPInit)
                  00009318    00000088     msp432p4xx_driverlib.lib : gpio.o (.text:GPIO_setAsPeripheralModuleFunctionOutputPin)
                  000093a0    00000086     rtsv7M4_T_le_v4SPD16_eabi.lib : fd_cmp_t2.asm.obj (.text:__aeabi_cdcmple)
                  00009426    00000086                                   : fd_cmp_t2.asm.obj (.text:__aeabi_cdrcmple)
                  000094ac    00000086     LQ12864.obj (.text:show_pic)
                  00009532    00000002     --HOLE-- [fill = 0]
                  00009534    00000080     bmi160_support.obj (.text:bmi160_interrupt_configuration)
                  000095b4    00000080     bmi160.obj (.text:bmi160_set_accel_offset_enable)
                  00009634    00000080     bmi160.obj (.text:bmi160_set_gyro_offset_enable)
                  000096b4    00000080     bmi160.obj (.text:bmi160_set_i2c_device_addr)
                  00009734    0000007c     msp432p4xx_driverlib.lib : cs.o (.text:_CSGetDOCFrequency)
                  000097b0    0000007a     rtsv7M4_T_le_v4SPD16_eabi.lib : memset_t2.asm.obj (.text)
                  0000982a    00000002     --HOLE-- [fill = 0]
                  0000982c    00000078     system_msp432p401r.obj (.text:SystemInit)
                  000098a4    00000078     bmi160.obj (.text:bmi160_read_accel_xyz)
                  0000991c    00000078     bmi160.obj (.text:bmi160_read_gyro_xyz)
                  00009994    00000074     LQ12864.obj (.text:LCD_write_command)
                  00009a08    00000074     LQ12864.obj (.text:LCD_write_para8)
                  00009a7c    00000070     opt3001.obj (.text:sensorOpt3001Convert)
                  00009aec    0000006e     rtsv7M4_T_le_v4SPD16_eabi.lib : _printfi.c.obj (.text:_mcpy)
                  00009b5a    0000006e                                   : fd_tos_t2.asm.obj (.text)
                  00009bc8    0000006c     main.obj (.text:all_init)
                  00009c34    00000068     msp432p4xx_driverlib.lib : i2c.o (.text:I2C_masterSendMultiByteStart)
                  00009c9c    00000068     rtsv7M4_T_le_v4SPD16_eabi.lib : copy_decompress_lzss.c.obj (.text:decompress:lzss:__TI_decompress_lzss)
                  00009d04    00000064     bmi160.obj (.text:bmi160_init)
                  00009d68    00000064     rtsv7M4_T_le_v4SPD16_eabi.lib : s_frexp.c.obj (.text:frexp)
                  00009dcc    00000064     opt3001.obj (.text:sensorOpt3001Read)
                  00009e30    00000062     msp432p4xx_driverlib.lib : cs.o (.text:_CSGetDividerValue)
                  00009e92    0000005e     LQ12864.obj (.text:LCD_SetPos)
                  00009ef0    0000005c     LQ12864.obj (.text:OLED_GPIO)
                  00009f4c    00000056     rtsv7M4_T_le_v4SPD16_eabi.lib : _printfi.c.obj (.text:_pconv_f)
                  00009fa2    00000054                                   : _ltoa.c.obj (.text:__TI_ltoa)
                  00009ff6    00000002     --HOLE-- [fill = 0]
                  00009ff8    00000054     bmi160.obj (.text:bmi160_get_foc_rdy)
                  0000a04c    00000054     bmi160.obj (.text:bmi160_get_if_mode)
                  0000a0a0    00000054     bmi160.obj (.text:bmi160_get_mag_manual_enable)
                  0000a0f4    00000054     bmi160.obj (.text:bmi160_get_paging_enable)
                  0000a148    00000054     bmi160.obj (.text:bmi160_get_pullup_configuration)
                  0000a19c    00000054     bmi160.obj (.text:bmi160_get_target_page)
                  0000a1f0    00000052     rtsv7M4_T_le_v4SPD16_eabi.lib : _printfi.c.obj (.text:_ecpy)
                  0000a242    00000052     bmi160.obj (.text:bmi160_bmm150_mag_compensate_xyz)
                  0000a294    00000050     bmi160.obj (.text:bmi160_get_accel_offset_compensation_xaxis)
                  0000a2e4    00000050     bmi160.obj (.text:bmi160_get_accel_offset_compensation_yaxis)
                  0000a334    00000050     bmi160.obj (.text:bmi160_get_accel_offset_compensation_zaxis)
                  0000a384    00000050     bmi160.obj (.text:bmi160_get_mag_power_mode_stat)
                  0000a3d4    0000004c     rtsv7M4_T_le_v4SPD16_eabi.lib : atoi.c.obj (.text:atoi)
                  0000a420    0000004c     uart_driver.obj (.text:sendTextEsp)
                  0000a46c    0000004c     uart_driver.obj (.text:sendTextPc)
                  0000a4b8    0000004c     rtsv7M4_T_le_v4SPD16_eabi.lib : snprintf.c.obj (.text:snprintf)
                  0000a504    00000048     bmi160.obj (.text:bmi160_read_reg)
                  0000a54c    00000048     bmi160.obj (.text:bmi160_write_reg)
                  0000a594    00000048     bmi160_support.obj (.text:i2c_routine)
                  0000a5dc    00000048     rtsv7M4_T_le_v4SPD16_eabi.lib : fd_toi_t2.asm.obj (.text)
                  0000a624    00000048     LQ12864.obj (.text:time_delay_ms)
                  0000a66c    00000044     LQ12864.obj (.text:LCD_display_full)
                  0000a6b0    00000044     rtsv7M4_T_le_v4SPD16_eabi.lib : autoinit.c.obj (.text:__TI_auto_init_nobinit_nopinit:__TI_auto_init_nobinit_nopinit)
                  0000a6f4    00000042     uart_driver.obj (.text:delay)
                  0000a736    00000002     --HOLE-- [fill = 0]
                  0000a738    00000040     bmi160.obj (.text:bmi160_fifo_data)
                  0000a778    00000040     bmi160.obj (.text:bmi160_set_command_register)
                  0000a7b8    00000040     bmi160.obj (.text:bmi160_set_fifo_wm)
                  0000a7f8    00000040     bmi160.obj (.text:bmi160_set_mag_read_addr)
                  0000a838    00000040     bmi160.obj (.text:bmi160_set_mag_write_addr)
                  0000a878    00000040     bmi160.obj (.text:bmi160_set_mag_write_data)
                  0000a8b8    0000003e     rtsv7M4_T_le_v4SPD16_eabi.lib : _printfi.c.obj (.text:_fcpy)
                  0000a8f6    00000002     --HOLE-- [fill = 0]
                  0000a8f8    0000003c     bmi160_support.obj (.text:bmi160_initialize_sensor)
                  0000a934    00000034     msp432p4xx_driverlib.lib : cs.o (.text:CS_setDCOCenteredFrequency)
                  0000a968    00000034                              : uart.o (.text:UART_transmitData)
                  0000a99c    00000034     rtsv7M4_T_le_v4SPD16_eabi.lib : boot_cortex_m.c.obj (.text:_c_int00_noargs:_c_int00_noargs)
                  0000a9d0    00000030     msp432p4xx_driverlib.lib : cs.o (.text:CS_clearInterruptFlag)
                  0000aa00    00000030     rtsv7M4_T_le_v4SPD16_eabi.lib : snprintf.c.obj (.text:_outs)
                  0000aa30    0000002e     bmi160_support.obj (.text:bmi160_i2c_burst_read)
                  0000aa5e    0000002e     rtsv7M4_T_le_v4SPD16_eabi.lib : i_tofd_t2.asm.obj (.text)
                  0000aa8c    0000002c     main.obj (.text:GameMenu)
                  0000aab8    0000002c     bmi160_support.obj (.text:bmi160_i2c_bus_read)
                  0000aae4    0000002c     bmi160_support.obj (.text:bmi160_i2c_bus_write)
                  0000ab10    0000002c     opt3001.obj (.text:sensorOpt3001Enable)
                  0000ab3c    00000028     msp432p4xx_driverlib.lib : adc14.o (.text:ADC14_getResult)
                  0000ab64    00000028                              : cs.o (.text:CS_getMCLK)
                  0000ab8c    00000028                              : cs.o (.text:CS_getSMCLK)
                  0000abb4    00000028                              : gpio.o (.text:GPIO_setOutputHighOnPin)
                  0000abdc    00000028                              : gpio.o (.text:GPIO_setOutputLowOnPin)
                  0000ac04    00000028     LQ12864.obj (.text:LCD_draw_dot)
                  0000ac2c    00000026     demo_sysctl.obj (.text:DelayMs)
                  0000ac52    00000020     rtsv7M4_T_le_v4SPD16_eabi.lib : u_tofd_t2.asm.obj (.text)
                  0000ac72    00000002     --HOLE-- [fill = 0]
                  0000ac74    0000001c     i2c_driver.obj (.text:initI2C)
                  0000ac90    0000001c     rtsv7M4_T_le_v4SPD16_eabi.lib : memccpy.c.obj (.text:memccpy)
                  0000acac    0000001a                                   : s_copysign.c.obj (.text:copysign)
                  0000acc6    00000018                                   : snprintf.c.obj (.text:_outc)
                  0000acde    00000016                                   : strchr.c.obj (.text:strchr)
                  0000acf4    00000014                                   : strlen.c.obj (.text:strlen)
                  0000ad08    00000012                                   : wcslen.c.obj (.text:wcslen)
                  0000ad1a    00000002     --HOLE-- [fill = 0]
                  0000ad1c    00000010     msp432p4xx_driverlib.lib : adc14.o (.text:ADCIsConversionRunning)
                  0000ad2c    00000010     main.obj (.text:main)
                  0000ad3c    0000000e     rtsv7M4_T_le_v4SPD16_eabi.lib : copy_decompress_none.c.obj (.text:decompress:none:__TI_decompress_none)
                  0000ad4a    0000000c     LQ12864.obj (.text:LCD_CLS)
                  0000ad56    0000000c     startup_msp432p401r_ccs.obj (.text:Reset_Handler)
                  0000ad62    0000000c     bmi160_support.obj (.text:bmi160_delay_ms)
                  0000ad6e    0000000c     rtsv7M4_T_le_v4SPD16_eabi.lib : copy_zero_init.c.obj (.text:decompress:ZI:__TI_zero_init)
                  0000ad7a    0000000c     opt3001.obj (.text:sensorOpt3001Init)
                  0000ad86    00000002     --HOLE-- [fill = 0]
                  0000ad88    00000008     rtsv7M4_T_le_v4SPD16_eabi.lib : errno.c.obj (.text:__aeabi_errno_addr)
                  0000ad90    00000006     demo_sysctl.obj (.text:SysCtlDelay)
                  0000ad96    00000004     rtsv7M4_T_le_v4SPD16_eabi.lib : pre_init.c.obj (.text:_system_pre_init)
                  0000ad9a    00000004                                   : exit.c.obj (.text:abort:abort)

.const     0    0000ada0    0000532c     
                  0000ada0    00004000     LQ12864.obj (.const:.string:gImage_lqTFT02)
                  0000eda0    00001000     rtsv7M4_T_le_v4SPD16_eabi.lib : s_exp2.c.obj (.const:tbl)
                  0000fda0    00000101                                   : ctype.c.obj (.const:.string:_ctypes_)
                  0000fea1    00000003     --HOLE-- [fill = 0]
                  0000fea4    00000080     msp432p4xx_driverlib.lib : adc14.o (.const:_ctlRegs)
                  0000ff24    00000070     main.obj (.const:$P$T0$1)
                  0000ff94    00000070     main.obj (.const:$P$T1$2)
                  00010004    00000070     main.obj (.const:$P$T2$3)
                  00010074    00000030     msp432p4xx_driverlib.lib : gpio.o (.const:GPIO_PORT_TO_BASE)
                  000100a4    00000028     uart_driver.obj (.const:uartConfig)

.cinit     0    000100d0    00000ae8     
                  000100d0    00000ac3     (.cinit..data.load) [load image, compression = lzss]
                  00010b93    00000001     --HOLE-- [fill = 0]
                  00010b94    0000000c     (__TI_handler_table)
                  00010ba0    00000008     (.cinit..bss.load) [load image, compression = zero_init]
                  00010ba8    00000010     (__TI_cinit_table)

.init_array 
*          0    00000000    00000000     UNINITIALIZED

.binit     0    00000000    00000000     

.data      0    20000000    0000143c     UNINITIALIZED
                  20000000    00000c40     LQ12864.obj (.data:hanzi16x16)
                  20000c40    00000400     bmi160.obj (.data:v_fifo_data_u8)
                  20001040    0000021f     uart_driver.obj (.data:test)
                  2000125f    000000c5     LQ12864.obj (.data:hanzi_Idx)
                  20001324    00000070     main.obj (.data:mymap)
                  20001394    00000050     main.obj (.data)
                  200013e4    00000016     uart_driver.obj (.data:CLDSTA)
                  200013fa    00000001     i2c_driver.obj (.data)
                  200013fb    00000001     --HOLE--
                  200013fc    00000014     i2c_driver.obj (.data:i2cConfig)
                  20001410    0000000b     uart_driver.obj (.data:PASSD)
                  2000141b    0000000a     uart_driver.obj (.data:CLDPASSD)
                  20001425    00000009     uart_driver.obj (.data:SSID)
                  2000142e    00000002     --HOLE--
                  20001430    00000008     bmi160.obj (.data)
                  20001438    00000004     rtsv7M4_T_le_v4SPD16_eabi.lib : errno.c.obj (.data)

.bss       0    2000143c    00000ab8     UNINITIALIZED
                  2000143c    0000036c     (.common:accel_fifo)
                  200017a8    0000036c     (.common:gyro_fifo)
                  20001b14    0000036c     (.common:mag_fifo)
                  20001e80    00000014     (.common:s_bmi160)
                  20001e94    00000010     bmi160.obj (.bss:mag_trim)
                  20001ea4    00000008     msp432p4xx_driverlib.lib : cs.o (.bss)
                  20001eac    00000006     (.common:accelxyz)
                  20001eb2    00000006     (.common:gyroxyz)
                  20001eb8    00000006     (.common:s_accelXYZ)
                  20001ebe    00000002     (.common:gyro_off_x)
                  20001ec0    00000004     bmi160.obj (.bss)
                  20001ec4    00000004     main.obj (.bss)
                  20001ec8    00000004     (.common:PersonX)
                  20001ecc    00000004     (.common:PersonY)
                  20001ed0    00000004     (.common:convertedLux)
                  20001ed4    00000004     (.common:g_ui32ByteCount)
                  20001ed8    00000004     (.common:i_axle)
                  20001edc    00000004     (.common:j_axle)
                  20001ee0    00000004     (.common:pData)
                  20001ee4    00000004     (.common:returnRslt)
                  20001ee8    00000002     (.common:gyro_off_y)
                  20001eea    00000002     (.common:gyro_off_z)
                  20001eec    00000002     (.common:rawData)
                  20001eee    00000001     (.common:accel_off_x)
                  20001eef    00000001     (.common:accel_off_y)
                  20001ef0    00000001     (.common:accel_off_z)
                  20001ef1    00000001     (.common:returnValue)
                  20001ef2    00000001     (.common:ui8DummyRead)
                  20001ef3    00000001     (.common:ui8Status)

.stack     0    2000fe00    00000200     UNINITIALIZED
                  2000fe00    00000004     rtsv7M4_T_le_v4SPD16_eabi.lib : boot_cortex_m.c.obj (.stack)
                  2000fe04    000001fc     --HOLE--

__llvm_prf_cnts 
*          0    20000000    00000000     UNINITIALIZED

MODULE SUMMARY

       Module                        code    ro data   rw data
       ------                        ----    -------   -------
    .\
       LQ12864.obj                   2198    16384     6666   
       bmi160.obj                    15318   0         7360   
       main.obj                      10387   336       476    
       bmi160_support.obj            3054    0         64     
       uart_driver.obj               802     40        1190   
       i2c_driver.obj                1124    0         62     
       opt3001.obj                   268     0         0      
       system_msp432p401r.obj        120     0         0      
       demo_sysctl.obj               44      0         0      
    +--+-----------------------------+-------+---------+---------+
       Total:                        33315   16760     15818  
                                                              
    .\ccs\
       startup_msp432p401r_ccs.obj   14      228       0      
    +--+-----------------------------+-------+---------+---------+
       Total:                        14      228       0      
                                                              
    D:/msp423_software/simplelink_msp432p4_sdk_3_40_01_02/source/ti/devices/msp432p4xx/driverlib/ccs/msp432p4xx_driverlib.lib
       cs.o                          910     0         16     
       adc14.o                       768     128       0      
       uart.o                        336     0         0      
       gpio.o                        216     48        0      
       sysctl_a.o                    148     0         0      
       i2c.o                         104     0         0      
    +--+-----------------------------+-------+---------+---------+
       Total:                        2482    176       16     
                                                              
    D:\msp423_software\ccs\tools\compiler\ti-cgt-arm_20.2.5.LTS\lib\rtsv7M4_T_le_v4SPD16_eabi.lib
       _printfi.c.obj                4851    0         0      
       s_exp2.c.obj                  512     4096      0      
       fd_add_t2.asm.obj             438     0         0      
       fd_div_t2.asm.obj             310     0         0      
       s_scalbn.c.obj                272     0         0      
       fd_cmp_t2.asm.obj             268     0         0      
       ctype.c.obj                   0       257       0      
       fd_mul_t2.asm.obj             252     0         0      
       memcpy_t2.asm.obj             156     0         0      
       ull_div_t2.asm.obj            150     0         0      
       snprintf.c.obj                148     0         0      
       memset_t2.asm.obj             122     0         0      
       fd_tos_t2.asm.obj             110     0         0      
       copy_decompress_lzss.c.obj    104     0         0      
       s_frexp.c.obj                 100     0         0      
       _ltoa.c.obj                   84      0         0      
       atoi.c.obj                    76      0         0      
       fd_toi_t2.asm.obj             72      0         0      
       autoinit.c.obj                68      0         0      
       boot_cortex_m.c.obj           52      0         0      
       i_tofd_t2.asm.obj             46      0         0      
       u_tofd_t2.asm.obj             32      0         0      
       memccpy.c.obj                 28      0         0      
       s_copysign.c.obj              26      0         0      
       strchr.c.obj                  22      0         0      
       strlen.c.obj                  20      0         0      
       wcslen.c.obj                  18      0         0      
       errno.c.obj                   8       0         8      
       copy_decompress_none.c.obj    14      0         0      
       copy_zero_init.c.obj          12      0         0      
       exit.c.obj                    4       0         0      
       pre_init.c.obj                4       0         0      
       div0.asm.obj                  2       0         0      
    +--+-----------------------------+-------+---------+---------+
       Total:                        8381    4353      8      
                                                              
       Stack:                        0       0         1024   
       Linker Generated:             0       2791      0      
    +--+-----------------------------+-------+---------+---------+
       Grand Total:                  44192   24308     16866  


LINKER GENERATED COPY TABLES

__TI_cinit_table @ 00010ba8 records: 2, size/record: 8, table size: 16
	.data: load addr=000100d0, load size=00000ac3 bytes, run addr=20000000, run size=0000143c bytes, compression=lzss
	.bss: load addr=00010ba0, load size=00000008 bytes, run addr=2000143c, run size=00000ab8 bytes, compression=zero_init


LINKER GENERATED HANDLER TABLE

__TI_handler_table @ 00010b94 records: 3, size/record: 4, table size: 12
	index: 0, handler: __TI_decompress_lzss
	index: 1, handler: __TI_decompress_none
	index: 2, handler: __TI_zero_init


GLOBAL SYMBOLS: SORTED ALPHABETICALLY BY Name 

address   name                                             
-------   ----                                             
0000158b  ADC14_IRQHandler                                 
000082a9  ADC14_configureConversionMemory                  
0000835d  ADC14_configureMultiSequenceMode                 
0000ab3d  ADC14_getResult                                  
0000158b  AES256_IRQHandler                                
200013bc  BME_on                                           
200013bd  BMI_on                                           
200013cc  BarX                                             
200013d0  BarY                                             
0000158b  BusFault_Handler                                 
0000ad9b  C$$EXIT                                          
2000141b  CLDPASSD                                         
200013e4  CLDSTA                                           
0000158b  COMP_E0_IRQHandler                               
0000158b  COMP_E1_IRQHandler                               
0000158b  CS_IRQHandler                                    
0000a9d1  CS_clearInterruptFlag                            
000071b9  CS_getDCOFrequency                               
0000ab65  CS_getMCLK                                       
0000ab8d  CS_getSMCLK                                      
0000a935  CS_setDCOCenteredFrequency                       
00006439  ChooseMenu_gaming_lose                           
00006571  ChooseMenu_gaming_win                            
00006081  ChooseMenu_master                                
0000785d  ClsCell                                          
0000158b  DMA_ERR_IRQHandler                               
0000158b  DMA_INT0_IRQHandler                              
0000158b  DMA_INT1_IRQHandler                              
0000158b  DMA_INT2_IRQHandler                              
0000158b  DMA_INT3_IRQHandler                              
0000158b  DebugMon_Handler                                 
0000158b  Default_Handler                                  
0000ac2d  DelayMs                                          
0000928d  ESPInit                                          
0000158b  EUSCIA0_IRQHandler                               
0000158b  EUSCIA1_IRQHandler                               
0000158b  EUSCIA2_IRQHandler                               
0000158b  EUSCIA3_IRQHandler                               
0000158b  EUSCIB0_IRQHandler                               
00007599  EUSCIB1_IRQHandler                               
00007599  EUSCIB1_IRQHandler                               
0000158b  EUSCIB2_IRQHandler                               
0000158b  EUSCIB3_IRQHandler                               
0000158b  FLCTL_IRQHandler                                 
0000158b  FPU_IRQHandler                                   
00009319  GPIO_setAsPeripheralModuleFunctionOutputPin      
0000abb5  GPIO_setOutputHighOnPin                          
0000abdd  GPIO_setOutputLowOnPin                           
0000aa8d  GameMenu                                         
200013c0  GameRecord                                       
200013d4  GameState                                        
00008609  Guidance                                         
0000158b  HardFault_Handler                                
00009c35  I2C_masterSendMultiByteStart                     
0000ad4b  LCD_CLS                                          
00005f3d  LCD_P16X16Str                                    
00009e93  LCD_SetPos                                       
0000a66d  LCD_display_full                                 
0000ac05  LCD_draw_dot                                     
000057f3  LCD_draw_line                                    
00005291  LCD_init                                         
00009995  LCD_write_command                                
00007771  LCD_write_para16                                 
00009a09  LCD_write_para8                                  
00007cb5  LevelSelection                                   
200013e0  LoadGame                                         
0000158b  MemManage_Handler                                
0000158b  NMI_Handler                                      
200013dc  NewGame                                          
00009ef1  OLED_GPIO                                        
20001410  PASSD                                            
0000158b  PCM_IRQHandler                                   
0000158b  PORT1_IRQHandler                                 
0000158b  PORT2_IRQHandler                                 
0000158b  PORT3_IRQHandler                                 
0000158b  PORT4_IRQHandler                                 
0000158b  PORT5_IRQHandler                                 
0000158b  PORT6_IRQHandler                                 
0000158b  PSS_IRQHandler                                   
0000158b  PendSV_Handler                                   
20001ec8  PersonX                                          
20001ecc  PersonY                                          
00007a2d  PrfCell                                          
00007685  Progress_Bar                                     
0000158b  RTC_C_IRQHandler                                 
0000ad57  Reset_Handler                                    
20001425  SSID                                             
0000158b  SVC_Handler                                      
00003f5d  StickAccel                                       
0000ad91  SysCtlDelay                                      
000087d5  SysCtl_A_getTLVInfo                              
0000158b  SysTick_Handler                                  
0000982d  SystemInit                                       
0000158b  T32_INT1_IRQHandler                              
0000158b  T32_INT2_IRQHandler                              
0000158b  T32_INTC_IRQHandler                              
0000158b  TA0_0_IRQHandler                                 
0000158b  TA0_N_IRQHandler                                 
0000158b  TA1_0_IRQHandler                                 
0000158b  TA1_N_IRQHandler                                 
0000158b  TA2_0_IRQHandler                                 
0000158b  TA2_N_IRQHandler                                 
0000158b  TA3_0_IRQHandler                                 
0000158b  TA3_N_IRQHandler                                 
200013d8  TimerInterval                                    
00006c89  UART_initModule                                  
0000a969  UART_transmitData                                
0000158b  UsageFault_Handler                               
20001430  V_bmm150_maual_auto_condition_u8                 
20001434  V_fifo_time_U32                                  
4000480c  WDTCTL_SYM                                       
0000158b  WDT_A_IRQHandler                                 
20010000  __STACK_END                                      
00000200  __STACK_SIZE                                     
00010ba8  __TI_CINIT_Base                                  
00010bb8  __TI_CINIT_Limit                                 
00010b94  __TI_Handler_Table_Base                          
00010ba0  __TI_Handler_Table_Limit                         
0000a6b1  __TI_auto_init_nobinit_nopinit                   
00009c9d  __TI_decompress_lzss                             
0000ad3d  __TI_decompress_none                             
00009fa3  __TI_ltoa                                        
ffffffff  __TI_pprof_out_hndl                              
00000b3d  __TI_printfi                                     
ffffffff  __TI_prof_data_size                              
ffffffff  __TI_prof_data_start                             
00000000  __TI_static_base__                               
0000ad6f  __TI_zero_init                                   
000093a1  __aeabi_cdcmpeq                                  
000093a1  __aeabi_cdcmple                                  
00009427  __aeabi_cdrcmple                                 
00009b5b  __aeabi_d2f                                      
0000a5dd  __aeabi_d2iz                                     
00005647  __aeabi_dadd                                     
000067e1  __aeabi_ddiv                                     
000070bd  __aeabi_dmul                                     
0000563d  __aeabi_dsub                                     
0000ad89  __aeabi_errno_addr                               
0000aa5f  __aeabi_i2d                                      
00005997  __aeabi_idiv0                                    
00005997  __aeabi_ldiv0                                    
000097b1  __aeabi_memclr                                   
000097b1  __aeabi_memclr4                                  
000097b1  __aeabi_memclr8                                  
0000856d  __aeabi_memcpy                                   
0000856d  __aeabi_memcpy4                                  
0000856d  __aeabi_memcpy8                                  
000097b3  __aeabi_memset                                   
000097b3  __aeabi_memset4                                  
000097b3  __aeabi_memset8                                  
0000ac53  __aeabi_ui2d                                     
0000873d  __aeabi_uldivmod                                 
ffffffff  __binit__                                        
ffffffff  __c_args__                                       
UNDEFED   __mpu_init                                       
2000fe00  __stack                                          
20000000  __start___llvm_prf_cnts                          
20000000  __stop___llvm_prf_cnts                           
0000a99d  _c_int00_noargs                                  
0000fda0  _ctypes_                                         
UNDEFED   _system_post_cinit                               
0000ad97  _system_pre_init                                 
0000ad9b  abort                                            
200013b0  accelAvgX                                        
200013b4  accelAvgY                                        
200013b8  accelAvgZ                                        
2000143c  accel_fifo                                       
20001eee  accel_off_x                                      
20001eef  accel_off_y                                      
20001ef0  accel_off_z                                      
20001eac  accelxyz                                         
00006fb9  adcInit                                          
00009bc9  all_init                                         
0000a3d5  atoi                                             
ffffffff  binit                                            
00004e41  bmi160_accel_foc_trigger_xyz                     
00007d79  bmi160_bmm150_mag_compensate_X                   
00007e3d  bmi160_bmm150_mag_compensate_Y                   
00008869  bmi160_bmm150_mag_compensate_Z                   
0000a243  bmi160_bmm150_mag_compensate_xyz                 
00004935  bmi160_bmm150_mag_interface_init                 
00005c85  bmi160_bmm150_mag_set_power_mode                 
00007b11  bmi160_bmm150_mag_wakeup                         
000000e5  bmi160_config_running_mode                       
0000ad63  bmi160_delay_ms                                  
0000a739  bmi160_fifo_data                                 
0000a295  bmi160_get_accel_offset_compensation_xaxis       
0000a2e5  bmi160_get_accel_offset_compensation_yaxis       
0000a335  bmi160_get_accel_offset_compensation_zaxis       
00009ff9  bmi160_get_foc_rdy                               
00008139  bmi160_get_gyro_offset_compensation_xaxis        
00007fc1  bmi160_get_gyro_offset_compensation_yaxis        
0000807d  bmi160_get_gyro_offset_compensation_zaxis        
0000a04d  bmi160_get_if_mode                               
0000a0a1  bmi160_get_mag_manual_enable                     
0000a385  bmi160_get_mag_power_mode_stat                   
0000a0f5  bmi160_get_paging_enable                         
0000a149  bmi160_get_pullup_configuration                  
0000a19d  bmi160_get_target_page                           
0000aa31  bmi160_i2c_burst_read                            
0000aab9  bmi160_i2c_bus_read                              
0000aae5  bmi160_i2c_bus_write                             
00009d05  bmi160_init                                      
0000a8f9  bmi160_initialize_sensor                         
00009535  bmi160_interrupt_configuration                   
000098a5  bmi160_read_accel_xyz                            
00003ab1  bmi160_read_bmm150_mag_trim                      
0000158d  bmi160_read_fifo_header_data                     
0000991d  bmi160_read_gyro_xyz                             
00007f01  bmi160_read_mag_xyzr                             
0000a505  bmi160_read_reg                                  
000088fd  bmi160_set_accel_bw                              
000095b5  bmi160_set_accel_offset_enable                   
000086a5  bmi160_set_accel_output_data_rate                
00006a41  bmi160_set_bmm150_mag_and_secondary_if_power_mode
00004305  bmi160_set_bmm150_mag_presetmode                 
0000a779  bmi160_set_command_register                      
0000898d  bmi160_set_fifo_accel_enable                     
00008a1d  bmi160_set_fifo_gyro_enable                      
00008aad  bmi160_set_fifo_header_enable                    
00008b3d  bmi160_set_fifo_mag_enable                       
00008bcd  bmi160_set_fifo_stop_on_full                     
00008c5d  bmi160_set_fifo_time_enable                      
0000a7b9  bmi160_set_fifo_wm                               
00005999  bmi160_set_foc_gyro_enable                       
00008ced  bmi160_set_gyro_bw                               
00009635  bmi160_set_gyro_offset_enable                    
00007be5  bmi160_set_gyro_output_data_rate                 
00008d7d  bmi160_set_gyro_sleep_state                      
00008e0d  bmi160_set_gyro_sleep_trigger                    
00008e9d  bmi160_set_gyro_wakeup_intr                      
00008f2d  bmi160_set_gyro_wakeup_trigger                   
000096b5  bmi160_set_i2c_device_addr                       
00008fbd  bmi160_set_if_mode                               
0000465d  bmi160_set_intr_enable_0                         
00005de5  bmi160_set_intr_enable_2                         
000072b1  bmi160_set_intr_fifo_wm                          
000073a9  bmi160_set_intr_level                            
0000904d  bmi160_set_mag_manual_enable                     
000084c5  bmi160_set_mag_output_data_rate                  
0000a7f9  bmi160_set_mag_read_addr                         
0000a839  bmi160_set_mag_write_addr                        
0000a879  bmi160_set_mag_write_data                        
000074a1  bmi160_set_output_enable                         
000090dd  bmi160_set_paging_enable                         
0000916d  bmi160_set_pullup_configuration                  
000091fd  bmi160_set_target_page                           
0000a54d  bmi160_write_reg                                 
200013fa  burstMode                                        
20001ed0  convertedLux                                     
0000acad  copysign                                         
0000acad  copysignl                                        
0000a6f5  delay                                            
20001438  errno                                            
00005091  exp2                                             
00005091  exp2l                                            
00009d69  frexp                                            
00009d69  frexpl                                           
0000ada0  gImage_lqTFT02                                   
20001ed4  g_ui32ByteCount                                  
200013a4  gyroAvgX                                         
200013a8  gyroAvgY                                         
200013ac  gyroAvgZ                                         
200017a8  gyro_fifo                                        
20001ebe  gyro_off_x                                       
20001ee8  gyro_off_y                                       
20001eea  gyro_off_z                                       
20001eb2  gyroxyz                                          
20000000  hanzi16x16                                       
2000125f  hanzi_Idx                                        
200013fc  i2cConfig                                        
0000a595  i2c_routine                                      
20001ed8  i_axle                                           
0000ac75  initI2C                                          
00000000  interruptVectors                                 
20001edc  j_axle                                           
00006da5  ldexp                                            
00006da5  ldexpl                                           
20001b14  mag_fifo                                         
0000ad2d  main                                             
0000ac91  memccpy                                          
0000856d  memcpy                                           
000097b9  memset                                           
20001324  mymap                                            
20001ee0  pData                                            
00006919  paint                                            
000031a5  play                                             
0000288d  play1                                            
00001f5d  play2                                            
20001394  prevAccelX                                       
20001396  prevAccelY                                       
20001398  prevAccelZ                                       
2000139a  prevGyroX                                        
2000139c  prevGyroY                                        
2000139e  prevGyroZ                                        
20001eec  rawData                                          
000062fd  readBurstI2C                                     
000066a9  readI2C                                          
20001ee4  returnRslt                                       
20001ef1  returnValue                                      
20001eb8  s_accelXYZ                                       
20001e80  s_bmi160                                         
00006da5  scalbn                                           
00006da5  scalbnl                                          
0000a421  sendTextEsp                                      
0000a46d  sendTextPc                                       
00009a7d  sensorOpt3001Convert                             
0000ab11  sensorOpt3001Enable                              
0000ad7b  sensorOpt3001Init                                
00009dcd  sensorOpt3001Read                                
000094ad  show_pic                                         
0000a4b9  snprintf                                         
200013c4  stick_x                                          
200013c8  stick_y                                          
200013a0  stillCount                                       
0000acdf  strchr                                           
0000acf5  strlen                                           
20001040  test                                             
0000a625  time_delay_ms                                    
000100a4  uartConfig                                       
000081f1  uartInit                                         
20001ef2  ui8DummyRead                                     
20001ef3  ui8Status                                        
20000c40  v_fifo_data_u8                                   
0000ad09  wcslen                                           
00007945  writeI2C                                         


GLOBAL SYMBOLS: SORTED BY Symbol Address 

address   name                                             
-------   ----                                             
00000000  __TI_static_base__                               
00000000  interruptVectors                                 
000000e5  bmi160_config_running_mode                       
00000200  __STACK_SIZE                                     
00000b3d  __TI_printfi                                     
0000158b  ADC14_IRQHandler                                 
0000158b  AES256_IRQHandler                                
0000158b  BusFault_Handler                                 
0000158b  COMP_E0_IRQHandler                               
0000158b  COMP_E1_IRQHandler                               
0000158b  CS_IRQHandler                                    
0000158b  DMA_ERR_IRQHandler                               
0000158b  DMA_INT0_IRQHandler                              
0000158b  DMA_INT1_IRQHandler                              
0000158b  DMA_INT2_IRQHandler                              
0000158b  DMA_INT3_IRQHandler                              
0000158b  DebugMon_Handler                                 
0000158b  Default_Handler                                  
0000158b  EUSCIA0_IRQHandler                               
0000158b  EUSCIA1_IRQHandler                               
0000158b  EUSCIA2_IRQHandler                               
0000158b  EUSCIA3_IRQHandler                               
0000158b  EUSCIB0_IRQHandler                               
0000158b  EUSCIB2_IRQHandler                               
0000158b  EUSCIB3_IRQHandler                               
0000158b  FLCTL_IRQHandler                                 
0000158b  FPU_IRQHandler                                   
0000158b  HardFault_Handler                                
0000158b  MemManage_Handler                                
0000158b  NMI_Handler                                      
0000158b  PCM_IRQHandler                                   
0000158b  PORT1_IRQHandler                                 
0000158b  PORT2_IRQHandler                                 
0000158b  PORT3_IRQHandler                                 
0000158b  PORT4_IRQHandler                                 
0000158b  PORT5_IRQHandler                                 
0000158b  PORT6_IRQHandler                                 
0000158b  PSS_IRQHandler                                   
0000158b  PendSV_Handler                                   
0000158b  RTC_C_IRQHandler                                 
0000158b  SVC_Handler                                      
0000158b  SysTick_Handler                                  
0000158b  T32_INT1_IRQHandler                              
0000158b  T32_INT2_IRQHandler                              
0000158b  T32_INTC_IRQHandler                              
0000158b  TA0_0_IRQHandler                                 
0000158b  TA0_N_IRQHandler                                 
0000158b  TA1_0_IRQHandler                                 
0000158b  TA1_N_IRQHandler                                 
0000158b  TA2_0_IRQHandler                                 
0000158b  TA2_N_IRQHandler                                 
0000158b  TA3_0_IRQHandler                                 
0000158b  TA3_N_IRQHandler                                 
0000158b  UsageFault_Handler                               
0000158b  WDT_A_IRQHandler                                 
0000158d  bmi160_read_fifo_header_data                     
00001f5d  play2                                            
0000288d  play1                                            
000031a5  play                                             
00003ab1  bmi160_read_bmm150_mag_trim                      
00003f5d  StickAccel                                       
00004305  bmi160_set_bmm150_mag_presetmode                 
0000465d  bmi160_set_intr_enable_0                         
00004935  bmi160_bmm150_mag_interface_init                 
00004e41  bmi160_accel_foc_trigger_xyz                     
00005091  exp2                                             
00005091  exp2l                                            
00005291  LCD_init                                         
0000563d  __aeabi_dsub                                     
00005647  __aeabi_dadd                                     
000057f3  LCD_draw_line                                    
00005997  __aeabi_idiv0                                    
00005997  __aeabi_ldiv0                                    
00005999  bmi160_set_foc_gyro_enable                       
00005c85  bmi160_bmm150_mag_set_power_mode                 
00005de5  bmi160_set_intr_enable_2                         
00005f3d  LCD_P16X16Str                                    
00006081  ChooseMenu_master                                
000062fd  readBurstI2C                                     
00006439  ChooseMenu_gaming_lose                           
00006571  ChooseMenu_gaming_win                            
000066a9  readI2C                                          
000067e1  __aeabi_ddiv                                     
00006919  paint                                            
00006a41  bmi160_set_bmm150_mag_and_secondary_if_power_mode
00006c89  UART_initModule                                  
00006da5  ldexp                                            
00006da5  ldexpl                                           
00006da5  scalbn                                           
00006da5  scalbnl                                          
00006fb9  adcInit                                          
000070bd  __aeabi_dmul                                     
000071b9  CS_getDCOFrequency                               
000072b1  bmi160_set_intr_fifo_wm                          
000073a9  bmi160_set_intr_level                            
000074a1  bmi160_set_output_enable                         
00007599  EUSCIB1_IRQHandler                               
00007599  EUSCIB1_IRQHandler                               
00007685  Progress_Bar                                     
00007771  LCD_write_para16                                 
0000785d  ClsCell                                          
00007945  writeI2C                                         
00007a2d  PrfCell                                          
00007b11  bmi160_bmm150_mag_wakeup                         
00007be5  bmi160_set_gyro_output_data_rate                 
00007cb5  LevelSelection                                   
00007d79  bmi160_bmm150_mag_compensate_X                   
00007e3d  bmi160_bmm150_mag_compensate_Y                   
00007f01  bmi160_read_mag_xyzr                             
00007fc1  bmi160_get_gyro_offset_compensation_yaxis        
0000807d  bmi160_get_gyro_offset_compensation_zaxis        
00008139  bmi160_get_gyro_offset_compensation_xaxis        
000081f1  uartInit                                         
000082a9  ADC14_configureConversionMemory                  
0000835d  ADC14_configureMultiSequenceMode                 
000084c5  bmi160_set_mag_output_data_rate                  
0000856d  __aeabi_memcpy                                   
0000856d  __aeabi_memcpy4                                  
0000856d  __aeabi_memcpy8                                  
0000856d  memcpy                                           
00008609  Guidance                                         
000086a5  bmi160_set_accel_output_data_rate                
0000873d  __aeabi_uldivmod                                 
000087d5  SysCtl_A_getTLVInfo                              
00008869  bmi160_bmm150_mag_compensate_Z                   
000088fd  bmi160_set_accel_bw                              
0000898d  bmi160_set_fifo_accel_enable                     
00008a1d  bmi160_set_fifo_gyro_enable                      
00008aad  bmi160_set_fifo_header_enable                    
00008b3d  bmi160_set_fifo_mag_enable                       
00008bcd  bmi160_set_fifo_stop_on_full                     
00008c5d  bmi160_set_fifo_time_enable                      
00008ced  bmi160_set_gyro_bw                               
00008d7d  bmi160_set_gyro_sleep_state                      
00008e0d  bmi160_set_gyro_sleep_trigger                    
00008e9d  bmi160_set_gyro_wakeup_intr                      
00008f2d  bmi160_set_gyro_wakeup_trigger                   
00008fbd  bmi160_set_if_mode                               
0000904d  bmi160_set_mag_manual_enable                     
000090dd  bmi160_set_paging_enable                         
0000916d  bmi160_set_pullup_configuration                  
000091fd  bmi160_set_target_page                           
0000928d  ESPInit                                          
00009319  GPIO_setAsPeripheralModuleFunctionOutputPin      
000093a1  __aeabi_cdcmpeq                                  
000093a1  __aeabi_cdcmple                                  
00009427  __aeabi_cdrcmple                                 
000094ad  show_pic                                         
00009535  bmi160_interrupt_configuration                   
000095b5  bmi160_set_accel_offset_enable                   
00009635  bmi160_set_gyro_offset_enable                    
000096b5  bmi160_set_i2c_device_addr                       
000097b1  __aeabi_memclr                                   
000097b1  __aeabi_memclr4                                  
000097b1  __aeabi_memclr8                                  
000097b3  __aeabi_memset                                   
000097b3  __aeabi_memset4                                  
000097b3  __aeabi_memset8                                  
000097b9  memset                                           
0000982d  SystemInit                                       
000098a5  bmi160_read_accel_xyz                            
0000991d  bmi160_read_gyro_xyz                             
00009995  LCD_write_command                                
00009a09  LCD_write_para8                                  
00009a7d  sensorOpt3001Convert                             
00009b5b  __aeabi_d2f                                      
00009bc9  all_init                                         
00009c35  I2C_masterSendMultiByteStart                     
00009c9d  __TI_decompress_lzss                             
00009d05  bmi160_init                                      
00009d69  frexp                                            
00009d69  frexpl                                           
00009dcd  sensorOpt3001Read                                
00009e93  LCD_SetPos                                       
00009ef1  OLED_GPIO                                        
00009fa3  __TI_ltoa                                        
00009ff9  bmi160_get_foc_rdy                               
0000a04d  bmi160_get_if_mode                               
0000a0a1  bmi160_get_mag_manual_enable                     
0000a0f5  bmi160_get_paging_enable                         
0000a149  bmi160_get_pullup_configuration                  
0000a19d  bmi160_get_target_page                           
0000a243  bmi160_bmm150_mag_compensate_xyz                 
0000a295  bmi160_get_accel_offset_compensation_xaxis       
0000a2e5  bmi160_get_accel_offset_compensation_yaxis       
0000a335  bmi160_get_accel_offset_compensation_zaxis       
0000a385  bmi160_get_mag_power_mode_stat                   
0000a3d5  atoi                                             
0000a421  sendTextEsp                                      
0000a46d  sendTextPc                                       
0000a4b9  snprintf                                         
0000a505  bmi160_read_reg                                  
0000a54d  bmi160_write_reg                                 
0000a595  i2c_routine                                      
0000a5dd  __aeabi_d2iz                                     
0000a625  time_delay_ms                                    
0000a66d  LCD_display_full                                 
0000a6b1  __TI_auto_init_nobinit_nopinit                   
0000a6f5  delay                                            
0000a739  bmi160_fifo_data                                 
0000a779  bmi160_set_command_register                      
0000a7b9  bmi160_set_fifo_wm                               
0000a7f9  bmi160_set_mag_read_addr                         
0000a839  bmi160_set_mag_write_addr                        
0000a879  bmi160_set_mag_write_data                        
0000a8f9  bmi160_initialize_sensor                         
0000a935  CS_setDCOCenteredFrequency                       
0000a969  UART_transmitData                                
0000a99d  _c_int00_noargs                                  
0000a9d1  CS_clearInterruptFlag                            
0000aa31  bmi160_i2c_burst_read                            
0000aa5f  __aeabi_i2d                                      
0000aa8d  GameMenu                                         
0000aab9  bmi160_i2c_bus_read                              
0000aae5  bmi160_i2c_bus_write                             
0000ab11  sensorOpt3001Enable                              
0000ab3d  ADC14_getResult                                  
0000ab65  CS_getMCLK                                       
0000ab8d  CS_getSMCLK                                      
0000abb5  GPIO_setOutputHighOnPin                          
0000abdd  GPIO_setOutputLowOnPin                           
0000ac05  LCD_draw_dot                                     
0000ac2d  DelayMs                                          
0000ac53  __aeabi_ui2d                                     
0000ac75  initI2C                                          
0000ac91  memccpy                                          
0000acad  copysign                                         
0000acad  copysignl                                        
0000acdf  strchr                                           
0000acf5  strlen                                           
0000ad09  wcslen                                           
0000ad2d  main                                             
0000ad3d  __TI_decompress_none                             
0000ad4b  LCD_CLS                                          
0000ad57  Reset_Handler                                    
0000ad63  bmi160_delay_ms                                  
0000ad6f  __TI_zero_init                                   
0000ad7b  sensorOpt3001Init                                
0000ad89  __aeabi_errno_addr                               
0000ad91  SysCtlDelay                                      
0000ad97  _system_pre_init                                 
0000ad9b  C$$EXIT                                          
0000ad9b  abort                                            
0000ada0  gImage_lqTFT02                                   
0000fda0  _ctypes_                                         
000100a4  uartConfig                                       
00010b94  __TI_Handler_Table_Base                          
00010ba0  __TI_Handler_Table_Limit                         
00010ba8  __TI_CINIT_Base                                  
00010bb8  __TI_CINIT_Limit                                 
20000000  __start___llvm_prf_cnts                          
20000000  __stop___llvm_prf_cnts                           
20000000  hanzi16x16                                       
20000c40  v_fifo_data_u8                                   
20001040  test                                             
2000125f  hanzi_Idx                                        
20001324  mymap                                            
20001394  prevAccelX                                       
20001396  prevAccelY                                       
20001398  prevAccelZ                                       
2000139a  prevGyroX                                        
2000139c  prevGyroY                                        
2000139e  prevGyroZ                                        
200013a0  stillCount                                       
200013a4  gyroAvgX                                         
200013a8  gyroAvgY                                         
200013ac  gyroAvgZ                                         
200013b0  accelAvgX                                        
200013b4  accelAvgY                                        
200013b8  accelAvgZ                                        
200013bc  BME_on                                           
200013bd  BMI_on                                           
200013c0  GameRecord                                       
200013c4  stick_x                                          
200013c8  stick_y                                          
200013cc  BarX                                             
200013d0  BarY                                             
200013d4  GameState                                        
200013d8  TimerInterval                                    
200013dc  NewGame                                          
200013e0  LoadGame                                         
200013e4  CLDSTA                                           
200013fa  burstMode                                        
200013fc  i2cConfig                                        
20001410  PASSD                                            
2000141b  CLDPASSD                                         
20001425  SSID                                             
20001430  V_bmm150_maual_auto_condition_u8                 
20001434  V_fifo_time_U32                                  
20001438  errno                                            
2000143c  accel_fifo                                       
200017a8  gyro_fifo                                        
20001b14  mag_fifo                                         
20001e80  s_bmi160                                         
20001eac  accelxyz                                         
20001eb2  gyroxyz                                          
20001eb8  s_accelXYZ                                       
20001ebe  gyro_off_x                                       
20001ec8  PersonX                                          
20001ecc  PersonY                                          
20001ed0  convertedLux                                     
20001ed4  g_ui32ByteCount                                  
20001ed8  i_axle                                           
20001edc  j_axle                                           
20001ee0  pData                                            
20001ee4  returnRslt                                       
20001ee8  gyro_off_y                                       
20001eea  gyro_off_z                                       
20001eec  rawData                                          
20001eee  accel_off_x                                      
20001eef  accel_off_y                                      
20001ef0  accel_off_z                                      
20001ef1  returnValue                                      
20001ef2  ui8DummyRead                                     
20001ef3  ui8Status                                        
2000fe00  __stack                                          
20010000  __STACK_END                                      
4000480c  WDTCTL_SYM                                       
ffffffff  __TI_pprof_out_hndl                              
ffffffff  __TI_prof_data_size                              
ffffffff  __TI_prof_data_start                             
ffffffff  __binit__                                        
ffffffff  __c_args__                                       
ffffffff  binit                                            
UNDEFED   __mpu_init                                       
UNDEFED   _system_post_cinit                               

[326 symbols]
