******************************************************************************
                  TI ARM Linker PC v20.2.5                     
******************************************************************************
>> Linked Wed Apr 20 17:57:32 2022

OUTPUT FILE NAME:   <motor.out>
ENTRY POINT SYMBOL: "_c_int00_noargs"  address: 000004d5


MEMORY CONFIGURATION

         name            origin    length      used     unused   attr    fill
----------------------  --------  ---------  --------  --------  ----  --------
  MAIN                  00000000   00040000  00000630  0003f9d0  R  X
  INFO                  00200000   00004000  00000000  00004000  R  X
  SRAM_CODE             01000000   00010000  0000021c  0000fde4  RW X
  SRAM_DATA             20000000   00010000  0000021c  0000fde4  RW  


SEGMENT ALLOCATION MAP

run origin  load origin   length   init length attrs members
----------  ----------- ---------- ----------- ----- -------
00000000    00000000    00000630   00000630    r-x
  00000000    00000000    000000e4   000000e4    r-- .intvecs
  000000e4    000000e4    000004dc   000004dc    r-x .text
  000005c0    000005c0    00000030   00000030    r-- .const
  000005f0    000005f0    00000040   00000040    r-- .cinit
20000000    20000000    0000001c   00000000    rw-
  20000000    20000000    00000018   00000000    rw- .data
  20000018    20000018    00000004   00000000    rw- .bss
2000fe00    2000fe00    00000200   00000000    rw-
  2000fe00    2000fe00    00000200   00000000    rw- .stack


SECTION ALLOCATION MAP

 output                                  attributes/
section   page    origin      length       input sections
--------  ----  ----------  ----------   ----------------
.intvecs   0    00000000    000000e4     
                  00000000    000000e4     startup_msp432p401r_ccs.obj (.intvecs:retain)

.text      0    000000e4    000004dc     
                  000000e4    000001ac     main.obj (.text:main)
                  00000290    0000009c     rtsv7M4_T_le_v4SPD16_eabi.lib : memcpy_t2.asm.obj (.text)
                  0000032c    00000078     system_msp432p401r.obj (.text:SystemInit)
                  000003a4    00000068     rtsv7M4_T_le_v4SPD16_eabi.lib : copy_decompress_lzss.c.obj (.text:decompress:lzss:__TI_decompress_lzss)
                  0000040c    00000044                                   : autoinit.c.obj (.text:__TI_auto_init_nobinit_nopinit:__TI_auto_init_nobinit_nopinit)
                  00000450    00000044     main.obj (.text:motor_int)
                  00000494    00000040     msp432p4xx_driverlib.lib : gpio.o (.text:GPIO_setAsOutputPin)
                  000004d4    00000034     rtsv7M4_T_le_v4SPD16_eabi.lib : boot_cortex_m.c.obj (.text:_c_int00_noargs:_c_int00_noargs)
                  00000508    00000028     msp432p4xx_driverlib.lib : gpio.o (.text:GPIO_setOutputHighOnPin)
                  00000530    00000028                              : gpio.o (.text:GPIO_setOutputLowOnPin)
                  00000558    00000028                              : gpio.o (.text:GPIO_toggleOutputOnPin)
                  00000580    0000001c     rtsv7M4_T_le_v4SPD16_eabi.lib : copy_zero_init.c.obj (.text:decompress:ZI:__TI_zero_init_nomemset:__TI_zero_init_nomemset)
                  0000059c    0000000e                                   : copy_decompress_none.c.obj (.text:decompress:none:__TI_decompress_none)
                  000005aa    0000000c     startup_msp432p401r_ccs.obj (.text:Reset_Handler)
                  000005b6    00000004     rtsv7M4_T_le_v4SPD16_eabi.lib : pre_init.c.obj (.text:_system_pre_init)
                  000005ba    00000004                                   : exit.c.obj (.text:abort:abort)
                  000005be    00000002     startup_msp432p401r_ccs.obj (.text:Default_Handler)

.const     0    000005c0    00000030     
                  000005c0    00000030     msp432p4xx_driverlib.lib : gpio.o (.const:GPIO_PORT_TO_BASE)

.cinit     0    000005f0    00000040     
                  000005f0    0000001a     (.cinit..data.load) [load image, compression = lzss]
                  0000060a    00000002     --HOLE-- [fill = 0]
                  0000060c    0000000c     (__TI_handler_table)
                  00000618    00000008     (.cinit..bss.load) [load image, compression = zero_init]
                  00000620    00000010     (__TI_cinit_table)

.init_array 
*          0    00000000    00000000     UNINITIALIZED

.binit     0    00000000    00000000     

.data      0    20000000    00000018     UNINITIALIZED
                  20000000    00000018     main.obj (.data:pwmConfig)

.bss       0    20000018    00000004     UNINITIALIZED
                  20000018    00000004     (.common:i)

.stack     0    2000fe00    00000200     UNINITIALIZED
                  2000fe00    00000004     rtsv7M4_T_le_v4SPD16_eabi.lib : boot_cortex_m.c.obj (.stack)
                  2000fe04    000001fc     --HOLE--

__llvm_prf_cnts 
*          0    20000000    00000000     UNINITIALIZED

MODULE SUMMARY

       Module                        code   ro data   rw data
       ------                        ----   -------   -------
    .\
       main.obj                      496    0         56     
       system_msp432p401r.obj        120    0         0      
    +--+-----------------------------+------+---------+---------+
       Total:                        616    0         56     
                                                             
    .\ccs\
       startup_msp432p401r_ccs.obj   14     228       0      
    +--+-----------------------------+------+---------+---------+
       Total:                        14     228       0      
                                                             
    D:/msp423_software/simplelink_msp432p4_sdk_3_40_01_02/source/ti/devices/msp432p4xx/driverlib/ccs/msp432p4xx_driverlib.lib
       gpio.o                        184    48        0      
    +--+-----------------------------+------+---------+---------+
       Total:                        184    48        0      
                                                             
    D:\msp423_software\ccs\tools\compiler\ti-cgt-arm_20.2.5.LTS\lib\rtsv7M4_T_le_v4SPD16_eabi.lib
       memcpy_t2.asm.obj             156    0         0      
       copy_decompress_lzss.c.obj    104    0         0      
       autoinit.c.obj                68     0         0      
       boot_cortex_m.c.obj           52     0         0      
       copy_zero_init.c.obj          28     0         0      
       copy_decompress_none.c.obj    14     0         0      
       exit.c.obj                    4      0         0      
       pre_init.c.obj                4      0         0      
    +--+-----------------------------+------+---------+---------+
       Total:                        430    0         0      
                                                             
       Stack:                        0      0         1024   
       Linker Generated:             0      62        0      
    +--+-----------------------------+------+---------+---------+
       Grand Total:                  1244   338       1080   


LINKER GENERATED COPY TABLES

__TI_cinit_table @ 00000620 records: 2, size/record: 8, table size: 16
	.data: load addr=000005f0, load size=0000001a bytes, run addr=20000000, run size=00000018 bytes, compression=lzss
	.bss: load addr=00000618, load size=00000008 bytes, run addr=20000018, run size=00000004 bytes, compression=zero_init


LINKER GENERATED HANDLER TABLE

__TI_handler_table @ 0000060c records: 3, size/record: 4, table size: 12
	index: 0, handler: __TI_decompress_lzss
	index: 1, handler: __TI_decompress_none
	index: 2, handler: __TI_zero_init


GLOBAL SYMBOLS: SORTED ALPHABETICALLY BY Name 

address   name                          
-------   ----                          
000005bf  ADC14_IRQHandler              
000005bf  AES256_IRQHandler             
000005bf  BusFault_Handler              
000005bb  C$$EXIT                       
000005bf  COMP_E0_IRQHandler            
000005bf  COMP_E1_IRQHandler            
000005bf  CS_IRQHandler                 
000005bf  DMA_ERR_IRQHandler            
000005bf  DMA_INT0_IRQHandler           
000005bf  DMA_INT1_IRQHandler           
000005bf  DMA_INT2_IRQHandler           
000005bf  DMA_INT3_IRQHandler           
000005bf  DebugMon_Handler              
000005bf  Default_Handler               
000005bf  EUSCIA0_IRQHandler            
000005bf  EUSCIA1_IRQHandler            
000005bf  EUSCIA2_IRQHandler            
000005bf  EUSCIA3_IRQHandler            
000005bf  EUSCIB0_IRQHandler            
000005bf  EUSCIB1_IRQHandler            
000005bf  EUSCIB2_IRQHandler            
000005bf  EUSCIB3_IRQHandler            
000005bf  FLCTL_IRQHandler              
000005bf  FPU_IRQHandler                
00000495  GPIO_setAsOutputPin           
00000509  GPIO_setOutputHighOnPin       
00000531  GPIO_setOutputLowOnPin        
00000559  GPIO_toggleOutputOnPin        
000005bf  HardFault_Handler             
000005bf  MemManage_Handler             
000005bf  NMI_Handler                   
000005bf  PCM_IRQHandler                
000005bf  PORT1_IRQHandler              
000005bf  PORT2_IRQHandler              
000005bf  PORT3_IRQHandler              
000005bf  PORT4_IRQHandler              
000005bf  PORT5_IRQHandler              
000005bf  PORT6_IRQHandler              
000005bf  PSS_IRQHandler                
000005bf  PendSV_Handler                
000005bf  RTC_C_IRQHandler              
000005ab  Reset_Handler                 
000005bf  SVC_Handler                   
000005bf  SysTick_Handler               
0000032d  SystemInit                    
000005bf  T32_INT1_IRQHandler           
000005bf  T32_INT2_IRQHandler           
000005bf  T32_INTC_IRQHandler           
000005bf  TA0_0_IRQHandler              
000005bf  TA0_N_IRQHandler              
000005bf  TA1_0_IRQHandler              
000005bf  TA1_N_IRQHandler              
000005bf  TA2_0_IRQHandler              
000005bf  TA2_N_IRQHandler              
000005bf  TA3_0_IRQHandler              
000005bf  TA3_N_IRQHandler              
000005bf  UsageFault_Handler            
4000480c  WDTCTL_SYM                    
000005bf  WDT_A_IRQHandler              
20010000  __STACK_END                   
00000200  __STACK_SIZE                  
00000620  __TI_CINIT_Base               
00000630  __TI_CINIT_Limit              
0000060c  __TI_Handler_Table_Base       
00000618  __TI_Handler_Table_Limit      
0000040d  __TI_auto_init_nobinit_nopinit
000003a5  __TI_decompress_lzss          
0000059d  __TI_decompress_none          
ffffffff  __TI_pprof_out_hndl           
ffffffff  __TI_prof_data_size           
ffffffff  __TI_prof_data_start          
00000000  __TI_static_base__            
00000581  __TI_zero_init_nomemset       
00000291  __aeabi_memcpy                
00000291  __aeabi_memcpy4               
00000291  __aeabi_memcpy8               
ffffffff  __binit__                     
ffffffff  __c_args__                    
UNDEFED   __mpu_init                    
2000fe00  __stack                       
20000000  __start___llvm_prf_cnts       
20000000  __stop___llvm_prf_cnts        
000004d5  _c_int00_noargs               
UNDEFED   _system_post_cinit            
000005b7  _system_pre_init              
000005bb  abort                         
ffffffff  binit                         
20000018  i                             
00000000  interruptVectors              
000000e5  main                          
00000291  memcpy                        
00000451  motor_int                     
20000000  pwmConfig                     


GLOBAL SYMBOLS: SORTED BY Symbol Address 

address   name                          
-------   ----                          
00000000  __TI_static_base__            
00000000  interruptVectors              
000000e5  main                          
00000200  __STACK_SIZE                  
00000291  __aeabi_memcpy                
00000291  __aeabi_memcpy4               
00000291  __aeabi_memcpy8               
00000291  memcpy                        
0000032d  SystemInit                    
000003a5  __TI_decompress_lzss          
0000040d  __TI_auto_init_nobinit_nopinit
00000451  motor_int                     
00000495  GPIO_setAsOutputPin           
000004d5  _c_int00_noargs               
00000509  GPIO_setOutputHighOnPin       
00000531  GPIO_setOutputLowOnPin        
00000559  GPIO_toggleOutputOnPin        
00000581  __TI_zero_init_nomemset       
0000059d  __TI_decompress_none          
000005ab  Reset_Handler                 
000005b7  _system_pre_init              
000005bb  C$$EXIT                       
000005bb  abort                         
000005bf  ADC14_IRQHandler              
000005bf  AES256_IRQHandler             
000005bf  BusFault_Handler              
000005bf  COMP_E0_IRQHandler            
000005bf  COMP_E1_IRQHandler            
000005bf  CS_IRQHandler                 
000005bf  DMA_ERR_IRQHandler            
000005bf  DMA_INT0_IRQHandler           
000005bf  DMA_INT1_IRQHandler           
000005bf  DMA_INT2_IRQHandler           
000005bf  DMA_INT3_IRQHandler           
000005bf  DebugMon_Handler              
000005bf  Default_Handler               
000005bf  EUSCIA0_IRQHandler            
000005bf  EUSCIA1_IRQHandler            
000005bf  EUSCIA2_IRQHandler            
000005bf  EUSCIA3_IRQHandler            
000005bf  EUSCIB0_IRQHandler            
000005bf  EUSCIB1_IRQHandler            
000005bf  EUSCIB2_IRQHandler            
000005bf  EUSCIB3_IRQHandler            
000005bf  FLCTL_IRQHandler              
000005bf  FPU_IRQHandler                
000005bf  HardFault_Handler             
000005bf  MemManage_Handler             
000005bf  NMI_Handler                   
000005bf  PCM_IRQHandler                
000005bf  PORT1_IRQHandler              
000005bf  PORT2_IRQHandler              
000005bf  PORT3_IRQHandler              
000005bf  PORT4_IRQHandler              
000005bf  PORT5_IRQHandler              
000005bf  PORT6_IRQHandler              
000005bf  PSS_IRQHandler                
000005bf  PendSV_Handler                
000005bf  RTC_C_IRQHandler              
000005bf  SVC_Handler                   
000005bf  SysTick_Handler               
000005bf  T32_INT1_IRQHandler           
000005bf  T32_INT2_IRQHandler           
000005bf  T32_INTC_IRQHandler           
000005bf  TA0_0_IRQHandler              
000005bf  TA0_N_IRQHandler              
000005bf  TA1_0_IRQHandler              
000005bf  TA1_N_IRQHandler              
000005bf  TA2_0_IRQHandler              
000005bf  TA2_N_IRQHandler              
000005bf  TA3_0_IRQHandler              
000005bf  TA3_N_IRQHandler              
000005bf  UsageFault_Handler            
000005bf  WDT_A_IRQHandler              
0000060c  __TI_Handler_Table_Base       
00000618  __TI_Handler_Table_Limit      
00000620  __TI_CINIT_Base               
00000630  __TI_CINIT_Limit              
20000000  __start___llvm_prf_cnts       
20000000  __stop___llvm_prf_cnts        
20000000  pwmConfig                     
20000018  i                             
2000fe00  __stack                       
20010000  __STACK_END                   
4000480c  WDTCTL_SYM                    
ffffffff  __TI_pprof_out_hndl           
ffffffff  __TI_prof_data_size           
ffffffff  __TI_prof_data_start          
ffffffff  __binit__                     
ffffffff  __c_args__                    
ffffffff  binit                         
UNDEFED   __mpu_init                    
UNDEFED   _system_post_cinit            

[93 symbols]
